Archive member included to satisfy reference by file (symbol)

c:/program files (x86)/atollic/truestudio for stm32 9.1.0/armtools/bin/../lib/gcc/arm-atollic-eabi/6.3.1/../../../../arm-atollic-eabi/lib/armv7-m\libc_nano.a(lib_a-atof.o)
                              Inc\GPS.o (atof)
c:/program files (x86)/atollic/truestudio for stm32 9.1.0/armtools/bin/../lib/gcc/arm-atollic-eabi/6.3.1/../../../../arm-atollic-eabi/lib/armv7-m\libc_nano.a(lib_a-atoi.o)
                              Inc\GPS.o (atoi)
c:/program files (x86)/atollic/truestudio for stm32 9.1.0/armtools/bin/../lib/gcc/arm-atollic-eabi/6.3.1/../../../../arm-atollic-eabi/lib/armv7-m\libc_nano.a(lib_a-atol.o)
                              Inc\GPS.o (atol)
c:/program files (x86)/atollic/truestudio for stm32 9.1.0/armtools/bin/../lib/gcc/arm-atollic-eabi/6.3.1/../../../../arm-atollic-eabi/lib/armv7-m\libc_nano.a(lib_a-init.o)
                              startup\startup_stm32f103xb.o (__libc_init_array)
c:/program files (x86)/atollic/truestudio for stm32 9.1.0/armtools/bin/../lib/gcc/arm-atollic-eabi/6.3.1/../../../../arm-atollic-eabi/lib/armv7-m\libc_nano.a(lib_a-memcpy-stub.o)
                              Inc\EEPROM.o (memcpy)
c:/program files (x86)/atollic/truestudio for stm32 9.1.0/armtools/bin/../lib/gcc/arm-atollic-eabi/6.3.1/../../../../arm-atollic-eabi/lib/armv7-m\libc_nano.a(lib_a-memset.o)
                              Drivers\STM32F1xx_HAL_Driver\Src\stm32f1xx_hal_rcc.o (memset)
c:/program files (x86)/atollic/truestudio for stm32 9.1.0/armtools/bin/../lib/gcc/arm-atollic-eabi/6.3.1/../../../../arm-atollic-eabi/lib/armv7-m\libc_nano.a(lib_a-putchar.o)
                              Inc\hangul\PHan_Lib.o (putchar)
c:/program files (x86)/atollic/truestudio for stm32 9.1.0/armtools/bin/../lib/gcc/arm-atollic-eabi/6.3.1/../../../../arm-atollic-eabi/lib/armv7-m\libc_nano.a(lib_a-puts.o)
                              Inc\hangul\PHan_Lib.o (puts)
c:/program files (x86)/atollic/truestudio for stm32 9.1.0/armtools/bin/../lib/gcc/arm-atollic-eabi/6.3.1/../../../../arm-atollic-eabi/lib/armv7-m\libc_nano.a(lib_a-sprintf.o)
                              Inc\EEPROM.o (sprintf)
c:/program files (x86)/atollic/truestudio for stm32 9.1.0/armtools/bin/../lib/gcc/arm-atollic-eabi/6.3.1/../../../../arm-atollic-eabi/lib/armv7-m\libc_nano.a(lib_a-strchr.o)
                              Inc\GPS.o (strchr)
c:/program files (x86)/atollic/truestudio for stm32 9.1.0/armtools/bin/../lib/gcc/arm-atollic-eabi/6.3.1/../../../../arm-atollic-eabi/lib/armv7-m\libc_nano.a(lib_a-strcpy.o)
                              Inc\EEPROM.o (strcpy)
c:/program files (x86)/atollic/truestudio for stm32 9.1.0/armtools/bin/../lib/gcc/arm-atollic-eabi/6.3.1/../../../../arm-atollic-eabi/lib/armv7-m\libc_nano.a(lib_a-strlen.o)
                              Inc\EEPROM.o (strlen)
c:/program files (x86)/atollic/truestudio for stm32 9.1.0/armtools/bin/../lib/gcc/arm-atollic-eabi/6.3.1/../../../../arm-atollic-eabi/lib/armv7-m\libc_nano.a(lib_a-strncpy.o)
                              Inc\GPS.o (strncpy)
c:/program files (x86)/atollic/truestudio for stm32 9.1.0/armtools/bin/../lib/gcc/arm-atollic-eabi/6.3.1/../../../../arm-atollic-eabi/lib/armv7-m\libc_nano.a(lib_a-strstr.o)
                              Inc\GPS.o (strstr)
c:/program files (x86)/atollic/truestudio for stm32 9.1.0/armtools/bin/../lib/gcc/arm-atollic-eabi/6.3.1/../../../../arm-atollic-eabi/lib/armv7-m\libc_nano.a(lib_a-strtod.o)
                              c:/program files (x86)/atollic/truestudio for stm32 9.1.0/armtools/bin/../lib/gcc/arm-atollic-eabi/6.3.1/../../../../arm-atollic-eabi/lib/armv7-m\libc_nano.a(lib_a-atof.o) (strtod)
c:/program files (x86)/atollic/truestudio for stm32 9.1.0/armtools/bin/../lib/gcc/arm-atollic-eabi/6.3.1/../../../../arm-atollic-eabi/lib/armv7-m\libc_nano.a(lib_a-strtol.o)
                              c:/program files (x86)/atollic/truestudio for stm32 9.1.0/armtools/bin/../lib/gcc/arm-atollic-eabi/6.3.1/../../../../arm-atollic-eabi/lib/armv7-m\libc_nano.a(lib_a-atoi.o) (_strtol_r)
c:/program files (x86)/atollic/truestudio for stm32 9.1.0/armtools/bin/../lib/gcc/arm-atollic-eabi/6.3.1/../../../../arm-atollic-eabi/lib/armv7-m\libc_nano.a(lib_a-vsnprintf.o)
                              Inc\ssd1306.o (vsnprintf)
c:/program files (x86)/atollic/truestudio for stm32 9.1.0/armtools/bin/../lib/gcc/arm-atollic-eabi/6.3.1/../../../../arm-atollic-eabi/lib/armv7-m\libc_nano.a(lib_a-wbuf.o)
                              c:/program files (x86)/atollic/truestudio for stm32 9.1.0/armtools/bin/../lib/gcc/arm-atollic-eabi/6.3.1/../../../../arm-atollic-eabi/lib/armv7-m\libc_nano.a(lib_a-puts.o) (__swbuf_r)
c:/program files (x86)/atollic/truestudio for stm32 9.1.0/armtools/bin/../lib/gcc/arm-atollic-eabi/6.3.1/../../../../arm-atollic-eabi/lib/armv7-m\libc_nano.a(lib_a-wsetup.o)
[...]
Memory Configuration

Name             Origin             Length             Attributes
FLASH            0x08000000         0x00020000         xr
RAM              0x20000000         0x00005000         xrw
MEMORY_B1        0x60000000         0x00000000         xr
*default*        0x00000000         0xffffffff

Linker script and memory map

LOAD c:/program files (x86)/atollic/truestudio for stm32 9.1.0/armtools/bin/../lib/gcc/arm-atollic-eabi/6.3.1/armv7-m/crti.o
LOAD c:/program files (x86)/atollic/truestudio for stm32 9.1.0/armtools/bin/../lib/gcc/arm-atollic-eabi/6.3.1/armv7-m/crtbegin.o
LOAD Drivers\STM32F1xx_HAL_Driver\Src\stm32f1xx_hal.o
LOAD Drivers\STM32F1xx_HAL_Driver\Src\stm32f1xx_hal_adc.o
LOAD Drivers\STM32F1xx_HAL_Driver\Src\stm32f1xx_hal_adc_ex.o
LOAD Drivers\STM32F1xx_HAL_Driver\Src\stm32f1xx_hal_cortex.o
LOAD Drivers\STM32F1xx_HAL_Driver\Src\stm32f1xx_hal_dma.o
LOAD Drivers\STM32F1xx_HAL_Driver\Src\stm32f1xx_hal_flash.o
LOAD Drivers\STM32F1xx_HAL_Driver\Src\stm32f1xx_hal_flash_ex.o
LOAD Drivers\STM32F1xx_HAL_Driver\Src\stm32f1xx_hal_gpio.o
LOAD Drivers\STM32F1xx_HAL_Driver\Src\stm32f1xx_hal_gpio_ex.o
LOAD Drivers\STM32F1xx_HAL_Driver\Src\stm32f1xx_hal_i2c.o
LOAD Drivers\STM32F1xx_HAL_Driver\Src\stm32f1xx_hal_pwr.o
LOAD Drivers\STM32F1xx_HAL_Driver\Src\stm32f1xx_hal_rcc.o
LOAD Drivers\STM32F1xx_HAL_Driver\Src\stm32f1xx_hal_rcc_ex.o
LOAD Drivers\STM32F1xx_HAL_Driver\Src\stm32f1xx_hal_tim.o
LOAD Drivers\STM32F1xx_HAL_Driver\Src\stm32f1xx_hal_tim_ex.o
LOAD Drivers\STM32F1xx_HAL_Driver\Src\stm32f1xx_hal_uart.o
LOAD Inc\EEPROM.o
LOAD Inc\GFX.o
LOAD Inc\GPS.o
LOAD Inc\I2C.o
LOAD Inc\IMU.o
LOAD Inc\LED_control.o
LOAD Inc\Mixer.o
LOAD Inc\PID.o
LOAD Inc\PWM.o
LOAD Inc\Queue.o
LOAD Inc\Radio.o
LOAD Inc\Sensor.o
LOAD Inc\Serial.o
LOAD Inc\System.o
LOAD Inc\fonts.o
LOAD Inc\hangul\PHan_Lib.o
LOAD Inc\ssd1306.o
LOAD Src\main.o
LOAD Src\stm32f1xx_hal_msp.o
LOAD Src\stm32f1xx_it.o
LOAD Src\system_stm32f1xx.o
LOAD startup\startup_stm32f103xb.o
                0x00000080                malloc_getpagesize_P = 0x80
START GROUP
LOAD c:/program files (x86)/atollic/truestudio for stm32 9.1.0/armtools/bin/../lib/gcc/arm-atollic-eabi/6.3.1/../../../../arm-atollic-eabi/lib/armv7-m\libc_nano.a
LOAD c:/program files (x86)/atollic/truestudio for stm32 9.1.0/armtools/bin/../lib/gcc/arm-atollic-eabi/6.3.1/../../../../arm-atollic-eabi/lib/armv7-m\libm.a
END GROUP
START GROUP
LOAD c:/program files (x86)/atollic/truestudio for stm32 9.1.0/armtools/bin/../lib/gcc/arm-atollic-eabi/6.3.1/armv7-m\libgcc.a
LOAD c:/program files (x86)/atollic/truestudio for stm32 9.1.0/armtools/bin/../lib/gcc/arm-atollic-eabi/6.3.1/../../../../arm-atollic-eabi/lib/armv7-m\libc_nano.a
END GROUP
START GROUP
LOAD c:/program files (x86)/atollic/truestudio for stm32 9.1.0/armtools/bin/../lib/gcc/arm-atollic-eabi/6.3.1/armv7-m\libgcc.a
LOAD c:/program files (x86)/atollic/truestudio for stm32 9.1.0/armtools/bin/../lib/gcc/arm-atollic-eabi/6.3.1/../../../../arm-atollic-eabi/lib/armv7-m\libc_nano.a
LOAD c:/program files (x86)/atollic/truestudio for stm32 9.1.0/armtools/bin/../lib/gcc/arm-atollic-eabi/6.3.1/../../../../arm-atollic-eabi/lib/armv7-m\libnosys.a
END GROUP
START GROUP
LOAD c:/program files (x86)/atollic/truestudio for stm32 9.1.0/armtools/bin/../lib/gcc/arm-atollic-eabi/6.3.1/armv7-m\libgcc.a
LOAD c:/program files (x86)/atollic/truestudio for stm32 9.1.0/armtools/bin/../lib/gcc/arm-atollic-eabi/6.3.1/../../../../arm-atollic-eabi/lib/armv7-m\libc_nano.a
LOAD c:/program files (x86)/atollic/truestudio for stm32 9.1.0/armtools/bin/../lib/gcc/arm-atollic-eabi/6.3.1/../../../../arm-atollic-eabi/lib/armv7-m\libnosys.a
END GROUP
LOAD c:/program files (x86)/atollic/truestudio for stm32 9.1.0/armtools/bin/../lib/gcc/arm-atollic-eabi/6.3.1/armv7-m/crtend.o
LOAD c:/program files (x86)/atollic/truestudio for stm32 9.1.0/armtools/bin/../lib/gcc/arm-atollic-eabi/6.3.1/armv7-m/crtn.o
                0x20005000                _estack = 0x20005000
                0x00000000                _Min_Heap_Size = 0x0
                0x00000100                _Min_Stack_Size = 0x100

.isr_vector     0x08000000      0x10c
                0x08000000                . = ALIGN (0x4)
 *(.isr_vector)
 .isr_vector    0x08000000      0x10c startup\startup_stm32f103xb.o
                0x08000000                g_pfnVectors
                0x0800010c                . = ALIGN (0x4)

.text           0x08000110     0xb188
                0x08000110                . = ALIGN (0x4)
 *(.text)
 .text          0x08000110       0x40 c:/program files (x86)/atollic/truestudio for stm32 9.1.0/armtools/bin/../lib/gcc/arm-atollic-eabi/6.3.1/armv7-m/crtbegin.o
 .text          0x08000150       0x10 c:/program files (x86)/atollic/truestudio for stm32 9.1.0/armtools/bin/../lib/gcc/arm-atollic-eabi/6.3.1/../../../../arm-atollic-eabi/lib/armv7-m\libc_nano.a(lib_a-strlen.o)
                0x08000150                strlen
 .text          0x08000160      0x370 c:/program files (x86)/atollic/truestudio for stm32 9.1.0/armtools/bin/../lib/gcc/arm-atollic-eabi/6.3.1/armv7-m\libgcc.a(_arm_addsubdf3.o)
                0x08000160                __aeabi_drsub
                0x08000168                __aeabi_dsub
                0x08000168                __subdf3
                0x0800016c                __aeabi_dadd
                0x0800016c                __adddf3
                0x080003e4                __floatunsidf
                0x080003e4                __aeabi_ui2d
                0x08000404                __floatsidf
                0x08000404                __aeabi_i2d
                0x08000428                __aeabi_f2d
                0x08000428                __extendsfdf2
                0x08000464                __floatundidf
                0x08000464                __aeabi_ul2d
                0x08000474                __floatdidf
                0x08000474                __aeabi_l2d
 .text          0x080004d0      0x424 c:/program files (x86)/atollic/truestudio for stm32 9.1.0/armtools/bin/../lib/gcc/arm-atollic-eabi/6.3.1/armv7-m\libgcc.a(_arm_muldivdf3.o)
                0x080004d0                __aeabi_dmul
                0x080004d0                __muldf3
                0x08000724                __divdf3
                0x08000724                __aeabi_ddiv
 .text          0x080008f4      0x110 c:/program files (x86)/atollic/truestudio for stm32 9.1.0/armtools/bin/../lib/gcc/arm-atollic-eabi/6.3.1/armv7-m\libgcc.a(_arm_cmpdf2.o)
                0x080008f4                __gtdf2
                0x080008f4                __gedf2
                0x080008fc                __ltdf2
                0x080008fc                __ledf2
                0x08000904                __nedf2
                0x08000904                __eqdf2
                0x08000904                __cmpdf2
                0x08000980                __aeabi_cdrcmple
                0x08000990                __aeabi_cdcmpeq
                0x08000990                __aeabi_cdcmple
                0x080009a0                __aeabi_dcmpeq
                0x080009b4                __aeabi_dcmplt
                0x080009c8                __aeabi_dcmple
                0x080009dc                __aeabi_dcmpge
                0x080009f0                __aeabi_dcmpgt
 .text          0x08000a04       0x2c c:/program files (x86)/atollic/truestudio for stm32 9.1.0/armtools/bin/../lib/gcc/arm-atollic-eabi/6.3.1/armv7-m\libgcc.a(_arm_unorddf2.o)
                0x08000a04                __unorddf2
                0x08000a04                __aeabi_dcmpun
 .text          0x08000a30       0xa0 c:/program files (x86)/atollic/truestudio for stm32 9.1.0/armtools/bin/../lib/gcc/arm-atollic-eabi/6.3.1/armv7-m\libgcc.a(_arm_truncdfsf2.o)
                0x08000a30                __truncdfsf2
                0x08000a30                __aeabi_d2f
 .text          0x08000ad0      0x21c c:/program files (x86)/atollic/truestudio for stm32 9.1.0/armtools/bin/../lib/gcc/arm-atollic-eabi/6.3.1/armv7-m\libgcc.a(_arm_addsubsf3.o)
                0x08000ad0                __aeabi_frsub
                0x08000ad8                __subsf3
                0x08000ad8                __aeabi_fsub
                0x08000adc                __aeabi_fadd
                0x08000adc                __addsf3
                0x08000c3c                __aeabi_ui2f
                0x08000c3c                __floatunsisf
                0x08000c44                __aeabi_i2f
                0x08000c44                __floatsisf
                0x08000c60                __aeabi_ul2f
                0x08000c60                __floatundisf
                0x08000c70                __aeabi_l2f
                0x08000c70                __floatdisf
 .text          0x08000cec      0x2a0 c:/program files (x86)/atollic/truestudio for stm32 9.1.0/armtools/bin/../lib/gcc/arm-atollic-eabi/6.3.1/armv7-m\libgcc.a(_arm_muldivsf3.o)
                0x08000cec                __mulsf3
                0x08000cec                __aeabi_fmul
                0x08000e54                __aeabi_fdiv
                0x08000e54                __divsf3
 .text          0x08000f8c       0xec c:/program files (x86)/atollic/truestudio for stm32 9.1.0/armtools/bin/../lib/gcc/arm-atollic-eabi/6.3.1/armv7-m\libgcc.a(_arm_cmpsf2.o)
                0x08000f8c                __gesf2
                0x08000f8c                __gtsf2
                0x08000f94                __lesf2
                0x08000f94                __ltsf2
                0x08000f9c                __nesf2
                0x08000f9c                __eqsf2
                0x08000f9c                __cmpsf2
                0x08000ffc                __aeabi_cfrcmple
                0x08001004                __aeabi_cfcmpeq
                0x08001004                __aeabi_cfcmple
                0x08001014                __aeabi_fcmpeq
                0x08001028                __aeabi_fcmplt
                0x0800103c                __aeabi_fcmple
                0x08001050                __aeabi_fcmpge
                0x08001064                __aeabi_fcmpgt
 .text          0x08001078       0x2c c:/program files (x86)/atollic/truestudio for stm32 9.1.0/armtools/bin/../lib/gcc/arm-atollic-eabi/6.3.1/armv7-m\libgcc.a(_arm_unordsf2.o)
                0x08001078                __unordsf2
                0x08001078                __aeabi_fcmpun
 .text          0x080010a4       0x4c c:/program files (x86)/atollic/truestudio for stm32 9.1.0/armtools/bin/../lib/gcc/arm-atollic-eabi/6.3.1/armv7-m\libgcc.a(_arm_fixsfsi.o)
                0x080010a4                __aeabi_f2iz
                0x080010a4                __fixsfsi
 *(.text*)
 .text.HAL_InitTick
                0x080010f0       0x48 Drivers\STM32F1xx_HAL_Driver\Src\stm32f1xx_hal.o
                0x080010f0                HAL_InitTick
 .text.HAL_Init
                0x08001138       0x24 Drivers\STM32F1xx_HAL_Driver\Src\stm32f1xx_hal.o
                0x08001138                HAL_Init
 .text.HAL_IncTick
                0x0800115c       0x18 Drivers\STM32F1xx_HAL_Driver\Src\stm32f1xx_hal.o
                0x0800115c                HAL_IncTick
 .text.HAL_GetTick
                0x08001174        0xc Drivers\STM32F1xx_HAL_Driver\Src\stm32f1xx_hal.o
                0x08001174                HAL_GetTick
 .text.HAL_Delay
                0x08001180       0x24 Drivers\STM32F1xx_HAL_Driver\Src\stm32f1xx_hal.o
                0x08001180                HAL_Delay
 .text.HAL_ADC_PollForConversion
                0x080011a4      0x13c Drivers\STM32F1xx_HAL_Driver\Src\stm32f1xx_hal_adc.o
                0x080011a4                HAL_ADC_PollForConversion
 .text.HAL_ADC_GetValue
                0x080012e0        0x6 Drivers\STM32F1xx_HAL_Driver\Src\stm32f1xx_hal_adc.o
                0x080012e0                HAL_ADC_GetValue
 *fill*         0x080012e6        0x2 
 .text.HAL_ADC_ConfigChannel
                0x080012e8      0x108 Drivers\STM32F1xx_HAL_Driver\Src\stm32f1xx_hal_adc.o
                0x080012e8                HAL_ADC_ConfigChannel
 .text.ADC_Enable
                0x080013f0       0x70 Drivers\STM32F1xx_HAL_Driver\Src\stm32f1xx_hal_adc.o
                0x080013f0                ADC_Enable
 .text.HAL_ADC_Start
                0x08001460       0xc4 Drivers\STM32F1xx_HAL_Driver\Src\stm32f1xx_hal_adc.o
                0x08001460                HAL_ADC_Start
 .text.ADC_ConversionStop_Disable
                0x08001524       0x44 Drivers\STM32F1xx_HAL_Driver\Src\stm32f1xx_hal_adc.o
                0x08001524                ADC_ConversionStop_Disable
 .text.HAL_ADC_Init
                0x08001568      0x100 Drivers\STM32F1xx_HAL_Driver\Src\stm32f1xx_hal_adc.o
                0x08001568                HAL_ADC_Init
 .text.HAL_NVIC_SetPriorityGrouping
                0x08001668       0x24 Drivers\STM32F1xx_HAL_Driver\Src\stm32f1xx_hal_cortex.o
                0x08001668                HAL_NVIC_SetPriorityGrouping
 .text.HAL_NVIC_SetPriority
                0x0800168c       0x68 Drivers\STM32F1xx_HAL_Driver\Src\stm32f1xx_hal_cortex.o
                0x0800168c                HAL_NVIC_SetPriority
 .text.HAL_NVIC_EnableIRQ
                0x080016f4       0x18 Drivers\STM32F1xx_HAL_Driver\Src\stm32f1xx_hal_cortex.o
                0x080016f4                HAL_NVIC_EnableIRQ
 .text.HAL_SYSTICK_Config
                0x0800170c       0x2c Drivers\STM32F1xx_HAL_Driver\Src\stm32f1xx_hal_cortex.o
                0x0800170c                HAL_SYSTICK_Config
 .text.HAL_SYSTICK_CLKSourceConfig
                0x08001738       0x18 Drivers\STM32F1xx_HAL_Driver\Src\stm32f1xx_hal_cortex.o
                0x08001738                HAL_SYSTICK_CLKSourceConfig
 .text.HAL_SYSTICK_IRQHandler
                0x08001750        0x8 Drivers\STM32F1xx_HAL_Driver\Src\stm32f1xx_hal_cortex.o
                0x08001750                HAL_SYSTICK_IRQHandler
 .text.HAL_DMA_Init
                0x08001758       0x68 Drivers\STM32F1xx_HAL_Driver\Src\stm32f1xx_hal_dma.o
                0x08001758                HAL_DMA_Init
 .text.HAL_DMA_Start_IT
                0x080017c0       0x7a Drivers\STM32F1xx_HAL_Driver\Src\stm32f1xx_hal_dma.o
                0x080017c0                HAL_DMA_Start_IT
 *fill*         0x0800183a        0x2 
 .text.HAL_DMA_Abort_IT
                0x0800183c       0x90 Drivers\STM32F1xx_HAL_Driver\Src\stm32f1xx_hal_dma.o
                0x0800183c                HAL_DMA_Abort_IT
 .text.HAL_DMA_IRQHandler
                0x080018cc      0x128 Drivers\STM32F1xx_HAL_Driver\Src\stm32f1xx_hal_dma.o
                0x080018cc                HAL_DMA_IRQHandler
 .text.HAL_GPIO_Init
                0x080019f4      0x1c0 Drivers\STM32F1xx_HAL_Driver\Src\stm32f1xx_hal_gpio.o
                0x080019f4                HAL_GPIO_Init
 .text.HAL_GPIO_WritePin
                0x08001bb4        0xa Drivers\STM32F1xx_HAL_Driver\Src\stm32f1xx_hal_gpio.o
                0x08001bb4                HAL_GPIO_WritePin
 .text.HAL_GPIO_TogglePin
                0x08001bbe        0x8 Drivers\STM32F1xx_HAL_Driver\Src\stm32f1xx_hal_gpio.o
                0x08001bbe                HAL_GPIO_TogglePin
 .text.I2C_IsAcknowledgeFailed
                0x08001bc6       0x2a Drivers\STM32F1xx_HAL_Driver\Src\stm32f1xx_hal_i2c.o
 .text.I2C_WaitOnMasterAddressFlagUntilTimeout
                0x08001bf0       0x80 Drivers\STM32F1xx_HAL_Driver\Src\stm32f1xx_hal_i2c.o
 .text.I2C_WaitOnFlagUntilTimeout
                0x08001c70       0x5c Drivers\STM32F1xx_HAL_Driver\Src\stm32f1xx_hal_i2c.o
 .text.I2C_WaitOnTXEFlagUntilTimeout
                0x08001ccc       0x4c Drivers\STM32F1xx_HAL_Driver\Src\stm32f1xx_hal_i2c.o
 .text.I2C_RequestMemoryWrite
                0x08001d18       0xa4 Drivers\STM32F1xx_HAL_Driver\Src\stm32f1xx_hal_i2c.o
 .text.I2C_RequestMemoryRead
                0x08001dbc       0xf4 Drivers\STM32F1xx_HAL_Driver\Src\stm32f1xx_hal_i2c.o
 .text.I2C_WaitOnRXNEFlagUntilTimeout
                0x08001eb0       0x5a Drivers\STM32F1xx_HAL_Driver\Src\stm32f1xx_hal_i2c.o
 .text.I2C_WaitOnBTFFlagUntilTimeout
                0x08001f0a       0x4c Drivers\STM32F1xx_HAL_Driver\Src\stm32f1xx_hal_i2c.o
 *fill*         0x08001f56        0x2 
 .text.HAL_I2C_Init
                0x08001f58      0x100 Drivers\STM32F1xx_HAL_Driver\Src\stm32f1xx_hal_i2c.o
                0x08001f58                HAL_I2C_Init
 .text.HAL_I2C_Master_Transmit
                0x08002058      0x1ac Drivers\STM32F1xx_HAL_Driver\Src\stm32f1xx_hal_i2c.o
                0x08002058                HAL_I2C_Master_Transmit
 .text.HAL_I2C_Master_Receive
                0x08002204      0x304 Drivers\STM32F1xx_HAL_Driver\Src\stm32f1xx_hal_i2c.o
                0x08002204                HAL_I2C_Master_Receive
 .text.HAL_I2C_Mem_Write
                0x08002508      0x12c Drivers\STM32F1xx_HAL_Driver\Src\stm32f1xx_hal_i2c.o
                0x08002508                HAL_I2C_Mem_Write
 .text.HAL_I2C_Mem_Read
                0x08002634      0x240 Drivers\STM32F1xx_HAL_Driver\Src\stm32f1xx_hal_i2c.o
                0x08002634                HAL_I2C_Mem_Read
 .text.HAL_I2C_GetState
                0x08002874        0x6 Drivers\STM32F1xx_HAL_Driver\Src\stm32f1xx_hal_i2c.o
                0x08002874                HAL_I2C_GetState
 *fill*         0x0800287a        0x2 
 .text.HAL_RCC_OscConfig
                0x0800287c      0x318 Drivers\STM32F1xx_HAL_Driver\Src\stm32f1xx_hal_rcc.o
                0x0800287c                HAL_RCC_OscConfig
 .text.HAL_RCC_GetSysClockFreq
                0x08002b94       0x78 Drivers\STM32F1xx_HAL_Driver\Src\stm32f1xx_hal_rcc.o
                0x08002b94                HAL_RCC_GetSysClockFreq
 .text.HAL_RCC_ClockConfig
                0x08002c0c      0x148 Drivers\STM32F1xx_HAL_Driver\Src\stm32f1xx_hal_rcc.o
                0x08002c0c                HAL_RCC_ClockConfig
 .text.HAL_RCC_GetHCLKFreq
                0x08002d54        0xc Drivers\STM32F1xx_HAL_Driver\Src\stm32f1xx_hal_rcc.o
                0x08002d54                HAL_RCC_GetHCLKFreq
 .text.HAL_RCC_GetPCLK1Freq
                0x08002d60       0x20 Drivers\STM32F1xx_HAL_Driver\Src\stm32f1xx_hal_rcc.o
                0x08002d60                HAL_RCC_GetPCLK1Freq
 .text.HAL_RCC_GetPCLK2Freq
                0x08002d80       0x20 Drivers\STM32F1xx_HAL_Driver\Src\stm32f1xx_hal_rcc.o
                0x08002d80                HAL_RCC_GetPCLK2Freq
 .text.HAL_RCCEx_PeriphCLKConfig
                0x08002da0       0xf0 Drivers\STM32F1xx_HAL_Driver\Src\stm32f1xx_hal_rcc_ex.o
                0x08002da0                HAL_RCCEx_PeriphCLKConfig
 .text.HAL_RCCEx_GetPeriphCLKFreq
                0x08002e90       0xec Drivers\STM32F1xx_HAL_Driver\Src\stm32f1xx_hal_rcc_ex.o
                0x08002e90                HAL_RCCEx_GetPeriphCLKFreq
 .text.TIM_OC1_SetConfig
                0x08002f7c       0x50 Drivers\STM32F1xx_HAL_Driver\Src\stm32f1xx_hal_tim.o
 .text.TIM_OC3_SetConfig
                0x08002fcc       0x54 Drivers\STM32F1xx_HAL_Driver\Src\stm32f1xx_hal_tim.o
 .text.TIM_OC4_SetConfig
                0x08003020       0x44 Drivers\STM32F1xx_HAL_Driver\Src\stm32f1xx_hal_tim.o
 .text.HAL_TIM_PWM_MspInit
                0x08003064        0x2 Drivers\STM32F1xx_HAL_Driver\Src\stm32f1xx_hal_tim.o
                0x08003064                HAL_TIM_PWM_MspInit
 .text.HAL_TIM_IC_MspInit
                0x08003066        0x2 Drivers\STM32F1xx_HAL_Driver\Src\stm32f1xx_hal_tim.o
                0x08003066                HAL_TIM_IC_MspInit
 .text.HAL_TIM_ConfigClockSource
                0x08003068      0x172 Drivers\STM32F1xx_HAL_Driver\Src\stm32f1xx_hal_tim.o
                0x08003068                HAL_TIM_ConfigClockSource
 .text.HAL_TIM_OC_DelayElapsedCallback
                0x080031da        0x2 Drivers\STM32F1xx_HAL_Driver\Src\stm32f1xx_hal_tim.o
                0x080031da                HAL_TIM_OC_DelayElapsedCallback
 .text.HAL_TIM_PWM_PulseFinishedCallback
                0x080031dc        0x2 Drivers\STM32F1xx_HAL_Driver\Src\stm32f1xx_hal_tim.o
                0x080031dc                HAL_TIM_PWM_PulseFinishedCallback
 .text.HAL_TIM_TriggerCallback
                0x080031de        0x2 Drivers\STM32F1xx_HAL_Driver\Src\stm32f1xx_hal_tim.o
                0x080031de                HAL_TIM_TriggerCallback
 .text.HAL_TIM_IRQHandler
                0x080031e0      0x144 Drivers\STM32F1xx_HAL_Driver\Src\stm32f1xx_hal_tim.o
                0x080031e0                HAL_TIM_IRQHandler
 .text.TIM_Base_SetConfig
                0x08003324       0x70 Drivers\STM32F1xx_HAL_Driver\Src\stm32f1xx_hal_tim.o
                0x08003324                TIM_Base_SetConfig
 .text.HAL_TIM_Base_Init
                0x08003394       0x34 Drivers\STM32F1xx_HAL_Driver\Src\stm32f1xx_hal_tim.o
                0x08003394                HAL_TIM_Base_Init
 .text.HAL_TIM_PWM_Init
                0x080033c8       0x34 Drivers\STM32F1xx_HAL_Driver\Src\stm32f1xx_hal_tim.o
                0x080033c8                HAL_TIM_PWM_Init
 .text.HAL_TIM_IC_Init
                0x080033fc       0x34 Drivers\STM32F1xx_HAL_Driver\Src\stm32f1xx_hal_tim.o
                0x080033fc                HAL_TIM_IC_Init
 .text.TIM_OC2_SetConfig
                0x08003430       0x58 Drivers\STM32F1xx_HAL_Driver\Src\stm32f1xx_hal_tim.o
                0x08003430                TIM_OC2_SetConfig
 .text.HAL_TIM_PWM_ConfigChannel
                0x08003488       0xc4 Drivers\STM32F1xx_HAL_Driver\Src\stm32f1xx_hal_tim.o
                0x08003488                HAL_TIM_PWM_ConfigChannel
 .text.TIM_TI1_SetConfig
                0x0800354c       0x54 Drivers\STM32F1xx_HAL_Driver\Src\stm32f1xx_hal_tim.o
                0x0800354c                TIM_TI1_SetConfig
 .text.HAL_TIM_IC_ConfigChannel
                0x080035a0      0x110 Drivers\STM32F1xx_HAL_Driver\Src\stm32f1xx_hal_tim.o
                0x080035a0                HAL_TIM_IC_ConfigChannel
 .text.TIM_CCxChannelCmd
                0x080036b0       0x18 Drivers\STM32F1xx_HAL_Driver\Src\stm32f1xx_hal_tim.o
                0x080036b0                TIM_CCxChannelCmd
 .text.HAL_TIM_PWM_Start
                0x080036c8       0x2c Drivers\STM32F1xx_HAL_Driver\Src\stm32f1xx_hal_tim.o
                0x080036c8                HAL_TIM_PWM_Start
 .text.HAL_TIM_IC_Start_IT
                0x080036f4       0x58 Drivers\STM32F1xx_HAL_Driver\Src\stm32f1xx_hal_tim.o
                0x080036f4                HAL_TIM_IC_Start_IT
 .text.HAL_TIMEx_MasterConfigSynchronization
                0x0800374c       0x44 Drivers\STM32F1xx_HAL_Driver\Src\stm32f1xx_hal_tim_ex.o
                0x0800374c                HAL_TIMEx_MasterConfigSynchronization
 .text.HAL_TIMEx_CommutationCallback
                0x08003790        0x2 Drivers\STM32F1xx_HAL_Driver\Src\stm32f1xx_hal_tim_ex.o
                0x08003790                HAL_TIMEx_CommutationCallback
 .text.HAL_TIMEx_BreakCallback
                0x08003792        0x2 Drivers\STM32F1xx_HAL_Driver\Src\stm32f1xx_hal_tim_ex.o
                0x08003792                HAL_TIMEx_BreakCallback
 .text.UART_EndRxTransfer
                0x08003794       0x1a Drivers\STM32F1xx_HAL_Driver\Src\stm32f1xx_hal_uart.o
 *fill*         0x080037ae        0x2 
 .text.UART_SetConfig
                0x080037b0      0x13c Drivers\STM32F1xx_HAL_Driver\Src\stm32f1xx_hal_uart.o
 .text.UART_WaitOnFlagUntilTimeout.constprop.3
                0x080038ec       0x50 Drivers\STM32F1xx_HAL_Driver\Src\stm32f1xx_hal_uart.o
 .text.HAL_UART_Init
                0x0800393c       0x5c Drivers\STM32F1xx_HAL_Driver\Src\stm32f1xx_hal_uart.o
                0x0800393c                HAL_UART_Init
 .text.HAL_UART_Transmit
                0x08003998       0xb8 Drivers\STM32F1xx_HAL_Driver\Src\stm32f1xx_hal_uart.o
                0x08003998                HAL_UART_Transmit
 .text.HAL_UART_Transmit_DMA
                0x08003a50       0x74 Drivers\STM32F1xx_HAL_Driver\Src\stm32f1xx_hal_uart.o
                0x08003a50                HAL_UART_Transmit_DMA
 .text.HAL_UART_Receive_DMA
                0x08003ac4       0x90 Drivers\STM32F1xx_HAL_Driver\Src\stm32f1xx_hal_uart.o
                0x08003ac4                HAL_UART_Receive_DMA
 .text.HAL_UART_TxCpltCallback
                0x08003b54        0x2 Drivers\STM32F1xx_HAL_Driver\Src\stm32f1xx_hal_uart.o
                0x08003b54                HAL_UART_TxCpltCallback
 .text.UART_DMATransmitCplt
                0x08003b56       0x2c Drivers\STM32F1xx_HAL_Driver\Src\stm32f1xx_hal_uart.o
 .text.HAL_UART_TxHalfCpltCallback
                0x08003b82        0x2 Drivers\STM32F1xx_HAL_Driver\Src\stm32f1xx_hal_uart.o
                0x08003b82                HAL_UART_TxHalfCpltCallback
 .text.UART_DMATxHalfCplt
                0x08003b84        0xa Drivers\STM32F1xx_HAL_Driver\Src\stm32f1xx_hal_uart.o
 .text.UART_DMAReceiveCplt
                0x08003b8e       0x38 Drivers\STM32F1xx_HAL_Driver\Src\stm32f1xx_hal_uart.o
 .text.UART_Receive_IT
                0x08003bc6       0x7c Drivers\STM32F1xx_HAL_Driver\Src\stm32f1xx_hal_uart.o
 .text.HAL_UART_RxHalfCpltCallback
                0x08003c42        0x2 Drivers\STM32F1xx_HAL_Driver\Src\stm32f1xx_hal_uart.o
                0x08003c42                HAL_UART_RxHalfCpltCallback
 .text.UART_DMARxHalfCplt
                0x08003c44        0xa Drivers\STM32F1xx_HAL_Driver\Src\stm32f1xx_hal_uart.o
 .text.HAL_UART_ErrorCallback
                0x08003c4e        0x2 Drivers\STM32F1xx_HAL_Driver\Src\stm32f1xx_hal_uart.o
                0x08003c4e                HAL_UART_ErrorCallback
 .text.UART_DMAError
                0x08003c50       0x4e Drivers\STM32F1xx_HAL_Driver\Src\stm32f1xx_hal_uart.o
 *fill*         0x08003c9e        0x2 
 .text.HAL_UART_IRQHandler
                0x08003ca0      0x140 Drivers\STM32F1xx_HAL_Driver\Src\stm32f1xx_hal_uart.o
                0x08003ca0                HAL_UART_IRQHandler
 .text.UART_DMAAbortOnError
                0x08003de0       0x10 Drivers\STM32F1xx_HAL_Driver\Src\stm32f1xx_hal_uart.o
 .text.write_2  0x08003df0       0x2c Inc\EEPROM.o
                0x08003df0                write_2
 .text.write_1  0x08003e1c       0x3e Inc\EEPROM.o
                0x08003e1c                write_1
 .text.writeFloat
                0x08003e5a       0x16 Inc\EEPROM.o
                0x08003e5a                writeFloat
 .text.read_2   0x08003e70       0x50 Inc\EEPROM.o
                0x08003e70                read_2
 .text.read_1   0x08003ec0       0x30 Inc\EEPROM.o
                0x08003ec0                read_1
 .text.readFloat
                0x08003ef0       0x14 Inc\EEPROM.o
                0x08003ef0                readFloat
 .text.EEPROM_Init
                0x08003f04       0x30 Inc\EEPROM.o
                0x08003f04                EEPROM_Init
 .text.gps_Init
                0x08003f34        0x2 Inc\GPS.o
                0x08003f34                gps_Init
 *fill*         0x08003f36        0x2 
 .text.I2C_ByteWrite
                0x08003f38       0x6c Inc\I2C.o
                0x08003f38                I2C_ByteWrite
 .text.I2C_ByteRead
                0x08003fa4       0x24 Inc\I2C.o
                0x08003fa4                I2C_ByteRead
 .text.I2C_Write
                0x08003fc8       0x94 Inc\I2C.o
                0x08003fc8                I2C_Write
 .text.I2C_Read
                0x0800405c       0x90 Inc\I2C.o
                0x0800405c                I2C_Read
 .text.invSqrt  0x080040ec       0x58 Inc\IMU.o
                0x080040ec                invSqrt
 *fill*         0x08004144        0x4 
 .text.calculateAngles
                0x08004148      0x2e0 Inc\IMU.o
                0x08004148                calculateAngles
 .text.TM_AHRSIMU_Init
                0x08004428       0x24 Inc\IMU.o
                0x08004428                TM_AHRSIMU_Init
 .text.TM_AHRSIMU_UpdateIMU
                0x0800444c      0x544 Inc\IMU.o
                0x0800444c                TM_AHRSIMU_UpdateIMU
 .text.computeIMU
                0x08004990       0x3c Inc\IMU.o
                0x08004990                computeIMU
 .text.error_signal
                0x080049cc       0x78 Inc\LED_control.o
                0x080049cc                error_signal
 .text.flight_mode_signal
                0x08004a44       0x7c Inc\LED_control.o
                0x08004a44                flight_mode_signal
 .text.mixerInit
                0x08004ac0       0x24 Inc\Mixer.o
                0x08004ac0                mixerInit
 .text.mixTable
                0x08004ae4       0xf0 Inc\Mixer.o
                0x08004ae4                mixTable
 .text.PIDControlInit
                0x08004bd4       0xec Inc\PID.o
                0x08004bd4                PIDControlInit
 .text.Control  0x08004cc0      0x650 Inc\PID.o
                0x08004cc0                Control
 .text.PwmWriteMotor
                0x08005310       0x28 Inc\PWM.o
                0x08005310                PwmWriteMotor
 .text.Init_Buffer
                0x08005338       0x20 Inc\Queue.o
                0x08005338                Init_Buffer
 .text.QueueCreate
                0x08005358       0x10 Inc\Queue.o
                0x08005358                QueueCreate
 .text.Q_full   0x08005368       0x16 Inc\Queue.o
                0x08005368                Q_full
 .text.write_Q  0x0800537e       0x28 Inc\Queue.o
                0x0800537e                write_Q
 *fill*         0x080053a6        0x2 
 .text.HAL_TIM_IC_CaptureCallback
                0x080053a8      0x168 Inc\Radio.o
                0x080053a8                HAL_TIM_IC_CaptureCallback
 .text.getMres  0x08005510       0x28 Inc\Sensor.o
                0x08005510                getMres
 .text.getGres  0x08005538       0x3c Inc\Sensor.o
                0x08005538                getGres
 .text.getAres  0x08005574       0x34 Inc\Sensor.o
                0x08005574                getAres
 .text.GYRO_Common
                0x080055a8       0x94 Inc\Sensor.o
                0x080055a8                GYRO_Common
 .text.Gyro_getADC
                0x0800563c       0x48 Inc\Sensor.o
                0x0800563c                Gyro_getADC
 .text.ACC_Common
                0x08005684       0xd0 Inc\Sensor.o
                0x08005684                ACC_Common
 .text.ACC_getADC
                0x08005754       0x48 Inc\Sensor.o
                0x08005754                ACC_getADC
 .text.MAG_Common
                0x0800579c       0x58 Inc\Sensor.o
                0x0800579c                MAG_Common
 .text.Mag_getADC
                0x080057f4       0x68 Inc\Sensor.o
                0x080057f4                Mag_getADC
 .text.Calibrate_gyro
                0x0800585c       0xc4 Inc\Sensor.o
                0x0800585c                Calibrate_gyro
 .text.Temp_getADC
                0x08005920       0x48 Inc\Sensor.o
                0x08005920                Temp_getADC
 .text.calibrateMPU9250
                0x08005968      0x278 Inc\Sensor.o
                0x08005968                calibrateMPU9250
 .text.initAK8963
                0x08005be0       0xd8 Inc\Sensor.o
                0x08005be0                initAK8963
 .text.MPU9250SelfTest
                0x08005cb8      0x444 Inc\Sensor.o
                0x08005cb8                MPU9250SelfTest
 .text.MPU9250_Init
                0x080060fc      0x648 Inc\Sensor.o
                0x080060fc                MPU9250_Init
 .text.Baro_Common
                0x08006744       0x3c Inc\Sensor.o
                0x08006744                Baro_Common
 .text.getEstimatedAltitude
                0x08006780      0x134 Inc\Sensor.o
                0x08006780                getEstimatedAltitude
 .text.readPressure
                0x080068b4      0x168 Inc\Sensor.o
                0x080068b4                readPressure
 .text.readRegister16
                0x08006a1c       0x28 Inc\Sensor.o
                0x08006a1c                readRegister16
 .text.readRegister24
                0x08006a44       0x2c Inc\Sensor.o
                0x08006a44                readRegister24
 .text.read_barometer
                0x08006a70      0x340 Inc\Sensor.o
                0x08006a70                read_barometer
 .text.MS5611_Init
                0x08006db0       0xd4 Inc\Sensor.o
                0x08006db0                MS5611_Init
 .text.Baro_update
                0x08006e84       0xc0 Inc\Sensor.o
                0x08006e84                Baro_update
 .text.HAL_UART_RxCpltCallback
                0x08006f44       0x48 Inc\Serial.o
                0x08006f44                HAL_UART_RxCpltCallback
 .text.TX_CHR   0x08006f8c       0x10 Inc\Serial.o
                0x08006f8c                TX_CHR
 .text.serialize8
                0x08006f9c       0x18 Inc\Serial.o
                0x08006f9c                serialize8
 .text.headSerial
                0x08006fb4       0x3c Inc\Serial.o
                0x08006fb4                headSerial
 .text.headSerialSend
                0x08006ff0        0xa Inc\Serial.o
                0x08006ff0                headSerialSend
 *fill*         0x08006ffa        0x2 
 .text.tailSerialReply
                0x08006ffc       0x10 Inc\Serial.o
                0x08006ffc                tailSerialReply
 .text.PrintData
                0x0800700c      0x4a0 Inc\Serial.o
                0x0800700c                PrintData
 .text.SendTelemetry
                0x080074ac       0x4c Inc\Serial.o
                0x080074ac                SendTelemetry
 .text.HAL_SYSTICK_Callback
                0x080074f8       0x10 Inc\System.o
                0x080074f8                HAL_SYSTICK_Callback
 .text.micros   0x08007508       0x30 Inc\System.o
                0x08007508                micros
 .text.millis   0x08007538        0x4 Inc\System.o
                0x08007538                millis
 .text.PHan_CnvCodeWan2Johab
                0x0800753c       0x1c Inc\hangul\PHan_Lib.o
                0x0800753c                PHan_CnvCodeWan2Johab
 .text.PHan_HanFontLoad
                0x08007558       0xe0 Inc\hangul\PHan_Lib.o
                0x08007558                PHan_HanFontLoad
 .text.PHan_UniFontLoad
                0x08007638      0x104 Inc\hangul\PHan_Lib.o
                0x08007638                PHan_UniFontLoad
 .text.PHan_EngFontLoad
                0x0800773c       0x24 Inc\hangul\PHan_Lib.o
                0x0800773c                PHan_EngFontLoad
 .text.PHan_FontLoad
                0x08007760       0x7c Inc\hangul\PHan_Lib.o
                0x08007760                PHan_FontLoad
 .text.ssd1306_command
                0x080077dc       0x30 Inc\ssd1306.o
                0x080077dc                ssd1306_command
 .text.ssd1306_begin
                0x0800780c       0xd4 Inc\ssd1306.o
                0x0800780c                ssd1306_begin
 .text.display  0x080078e0       0x58 Inc\ssd1306.o
                0x080078e0                display
 .text.clearDisplay
                0x08007938       0x1c Inc\ssd1306.o
                0x08007938                clearDisplay
 .text.drawPixel
                0x08007954       0x38 Inc\ssd1306.o
                0x08007954                drawPixel
 .text.disHanFont
                0x0800798c       0x74 Inc\ssd1306.o
                0x0800798c                disHanFont
 .text.oledprintf
                0x08007a00       0x7c Inc\ssd1306.o
                0x08007a00                oledprintf
 .text.Error_Handler
                0x08007a7c       0x14 Src\main.o
                0x08007a7c                Error_Handler
 .text.SystemClock_Config
                0x08007a90       0xa0 Src\main.o
                0x08007a90                SystemClock_Config
 .text.startup.main
                0x08007b30      0x5f4 Src\main.o
                0x08007b30                main
 .text.HAL_TIM_PeriodElapsedCallback
                0x08008124        0x2 Src\main.o
                0x08008124                HAL_TIM_PeriodElapsedCallback
 *fill*         0x08008126        0x2 
 .text.HAL_MspInit
                0x08008128       0x44 Src\stm32f1xx_hal_msp.o
                0x08008128                HAL_MspInit
 .text.HAL_ADC_MspInit
                0x0800816c       0x5c Src\stm32f1xx_hal_msp.o
                0x0800816c                HAL_ADC_MspInit
 .text.HAL_I2C_MspInit
                0x080081c8       0x64 Src\stm32f1xx_hal_msp.o
                0x080081c8                HAL_I2C_MspInit
 .text.HAL_TIM_Base_MspInit
                0x0800822c       0xfc Src\stm32f1xx_hal_msp.o
                0x0800822c                HAL_TIM_Base_MspInit
 .text.HAL_TIM_MspPostInit
                0x08008328       0x50 Src\stm32f1xx_hal_msp.o
                0x08008328                HAL_TIM_MspPostInit
 .text.HAL_UART_MspInit
                0x08008378      0x1a4 Src\stm32f1xx_hal_msp.o
                0x08008378                HAL_UART_MspInit
 .text.NMI_Handler
                0x0800851c        0x2 Src\stm32f1xx_it.o
                0x0800851c                NMI_Handler
 .text.HardFault_Handler
                0x0800851e        0x2 Src\stm32f1xx_it.o
                0x0800851e                HardFault_Handler
 .text.MemManage_Handler
                0x08008520        0x2 Src\stm32f1xx_it.o
                0x08008520                MemManage_Handler
 .text.BusFault_Handler
                0x08008522        0x2 Src\stm32f1xx_it.o
                0x08008522                BusFault_Handler
 .text.UsageFault_Handler
                0x08008524        0x2 Src\stm32f1xx_it.o
                0x08008524                UsageFault_Handler
 .text.SVC_Handler
                0x08008526        0x2 Src\stm32f1xx_it.o
                0x08008526                SVC_Handler
 .text.DebugMon_Handler
                0x08008528        0x2 Src\stm32f1xx_it.o
                0x08008528                DebugMon_Handler
 .text.PendSV_Handler
                0x0800852a        0x2 Src\stm32f1xx_it.o
                0x0800852a                PendSV_Handler
 .text.SysTick_Handler
                0x0800852c        0xe Src\stm32f1xx_it.o
                0x0800852c                SysTick_Handler
 *fill*         0x0800853a        0x2 
 .text.DMA1_Channel4_IRQHandler
                0x0800853c        0xc Src\stm32f1xx_it.o
                0x0800853c                DMA1_Channel4_IRQHandler
 .text.DMA1_Channel5_IRQHandler
                0x08008548        0xc Src\stm32f1xx_it.o
                0x08008548                DMA1_Channel5_IRQHandler
 .text.DMA1_Channel6_IRQHandler
                0x08008554        0xc Src\stm32f1xx_it.o
                0x08008554                DMA1_Channel6_IRQHandler
 .text.DMA1_Channel7_IRQHandler
                0x08008560        0xc Src\stm32f1xx_it.o
                0x08008560                DMA1_Channel7_IRQHandler
 .text.TIM2_IRQHandler
                0x0800856c        0xc Src\stm32f1xx_it.o
                0x0800856c                TIM2_IRQHandler
 .text.TIM3_IRQHandler
                0x08008578        0xc Src\stm32f1xx_it.o
                0x08008578                TIM3_IRQHandler
 .text.TIM4_IRQHandler
                0x08008584        0xc Src\stm32f1xx_it.o
                0x08008584                TIM4_IRQHandler
 .text.USART1_IRQHandler
                0x08008590        0xc Src\stm32f1xx_it.o
                0x08008590                USART1_IRQHandler
 .text.USART2_IRQHandler
                0x0800859c        0xc Src\stm32f1xx_it.o
                0x0800859c                USART2_IRQHandler
 .text.SystemInit
                0x080085a8       0x4c Src\system_stm32f1xx.o
                0x080085a8                SystemInit
 .text.Reset_Handler
                0x080085f4       0x48 startup\startup_stm32f103xb.o
                0x080085f4                Reset_Handler
 .text.Default_Handler
                0x0800863c        0x2 startup\startup_stm32f103xb.o
                0x0800863c                RTC_Alarm_IRQHandler
                0x0800863c                EXTI2_IRQHandler
                0x0800863c                TIM1_CC_IRQHandler
                0x0800863c                PVD_IRQHandler
                0x0800863c                EXTI3_IRQHandler
                0x0800863c                EXTI0_IRQHandler
                0x0800863c                I2C2_EV_IRQHandler
                0x0800863c                ADC1_2_IRQHandler
                0x0800863c                SPI1_IRQHandler
                0x0800863c                TAMPER_IRQHandler
                0x0800863c                USART3_IRQHandler
                0x0800863c                RTC_IRQHandler
                0x0800863c                CAN1_RX1_IRQHandler
                0x0800863c                I2C1_EV_IRQHandler
                0x0800863c                RCC_IRQHandler
                0x0800863c                TIM1_TRG_COM_IRQHandler
                0x0800863c                DMA1_Channel1_IRQHandler
                0x0800863c                Default_Handler
                0x0800863c                EXTI15_10_IRQHandler
                0x0800863c                EXTI9_5_IRQHandler
                0x0800863c                SPI2_IRQHandler
                0x0800863c                EXTI4_IRQHandler
                0x0800863c                USB_LP_CAN1_RX0_IRQHandler
                0x0800863c                USB_HP_CAN1_TX_IRQHandler
                0x0800863c                DMA1_Channel3_IRQHandler
                0x0800863c                TIM1_UP_IRQHandler
                0x0800863c                WWDG_IRQHandler
                0x0800863c                TIM1_BRK_IRQHandler
                0x0800863c                EXTI1_IRQHandler
                0x0800863c                I2C2_ER_IRQHandler
                0x0800863c                DMA1_Channel2_IRQHandler
                0x0800863c                CAN1_SCE_IRQHandler
                0x0800863c                FLASH_IRQHandler
                0x0800863c                I2C1_ER_IRQHandler
                0x0800863c                USBWakeUp_IRQHandler
 *fill*         0x0800863e        0x2 
 .text.__libc_init_array
                0x08008640       0x48 c:/program files (x86)/atollic/truestudio for stm32 9.1.0/armtools/bin/../lib/gcc/arm-atollic-eabi/6.3.1/../../../../arm-atollic-eabi/lib/armv7-m\libc_nano.a(lib_a-init.o)
                0x08008640                __libc_init_array
 .text.memcpy   0x08008688       0x16 c:/program files (x86)/atollic/truestudio for stm32 9.1.0/armtools/bin/../lib/gcc/arm-atollic-eabi/6.3.1/../../../../arm-atollic-eabi/lib/armv7-m\libc_nano.a(lib_a-memcpy-stub.o)
                0x08008688                memcpy
 .text.memset   0x0800869e       0x10 c:/program files (x86)/atollic/truestudio for stm32 9.1.0/armtools/bin/../lib/gcc/arm-atollic-eabi/6.3.1/../../../../arm-atollic-eabi/lib/armv7-m\libc_nano.a(lib_a-memset.o)
                0x0800869e                memset
 *fill*         0x080086ae        0x2 
 .text.sprintf  0x080086b0       0x48 c:/program files (x86)/atollic/truestudio for stm32 9.1.0/armtools/bin/../lib/gcc/arm-atollic-eabi/6.3.1/../../../../arm-atollic-eabi/lib/armv7-m\libc_nano.a(lib_a-sprintf.o)
                0x080086b0                siprintf
                0x080086b0                sprintf
 .text.strcpy   0x080086f8       0x10 c:/program files (x86)/atollic/truestudio for stm32 9.1.0/armtools/bin/../lib/gcc/arm-atollic-eabi/6.3.1/../../../../arm-atollic-eabi/lib/armv7-m\libc_nano.a(lib_a-strcpy.o)
                0x080086f8                strcpy
 .text._vsnprintf_r
                0x08008708       0x58 c:/program files (x86)/atollic/truestudio for stm32 9.1.0/armtools/bin/../lib/gcc/arm-atollic-eabi/6.3.1/../../../../arm-atollic-eabi/lib/armv7-m\libc_nano.a(lib_a-vsnprintf.o)
                0x08008708                _vsniprintf_r
                0x08008708                _vsnprintf_r
 .text.vsnprintf
                0x08008760       0x1c c:/program files (x86)/atollic/truestudio for stm32 9.1.0/armtools/bin/../lib/gcc/arm-atollic-eabi/6.3.1/../../../../arm-atollic-eabi/lib/armv7-m\libc_nano.a(lib_a-vsnprintf.o)
                0x08008760                vsniprintf
                0x08008760                vsnprintf
 .text._free_r  0x0800877c       0x98 c:/program files (x86)/atollic/truestudio for stm32 9.1.0/armtools/bin/../lib/gcc/arm-atollic-eabi/6.3.1/../../../../arm-atollic-eabi/lib/armv7-m\libc_nano.a(lib_a-nano-freer.o)
                0x0800877c                _free_r
 .text._malloc_r
                0x08008814       0xbc c:/program files (x86)/atollic/truestudio for stm32 9.1.0/armtools/bin/../lib/gcc/arm-atollic-eabi/6.3.1/../../../../arm-atollic-eabi/lib/armv7-m\libc_nano.a(lib_a-nano-mallocr.o)
                0x08008814                _malloc_r
 .text.__ssputs_r
                0x080088d0       0xb6 c:/program files (x86)/atollic/truestudio for stm32 9.1.0/armtools/bin/../lib/gcc/arm-atollic-eabi/6.3.1/../../../../arm-atollic-eabi/lib/armv7-m\libc_nano.a(lib_a-nano-svfprintf.o)
                0x080088d0                __ssputs_r
 *fill*         0x08008986        0x2 
 .text._svfprintf_r
                0x08008988      0x1e8 c:/program files (x86)/atollic/truestudio for stm32 9.1.0/armtools/bin/../lib/gcc/arm-atollic-eabi/6.3.1/../../../../arm-atollic-eabi/lib/armv7-m\libc_nano.a(lib_a-nano-svfprintf.o)
                0x08008988                _svfiprintf_r
                0x08008988                _svfprintf_r
 .text._printf_common
                0x08008b70       0xee c:/program files (x86)/atollic/truestudio for stm32 9.1.0/armtools/bin/../lib/gcc/arm-atollic-eabi/6.3.1/../../../../arm-atollic-eabi/lib/armv7-m\libc_nano.a(lib_a-nano-vfprintf_i.o)
                0x08008b70                _printf_common
 *fill*         0x08008c5e        0x2 
 .text._printf_i
                0x08008c60      0x240 c:/program files (x86)/atollic/truestudio for stm32 9.1.0/armtools/bin/../lib/gcc/arm-atollic-eabi/6.3.1/../../../../arm-atollic-eabi/lib/armv7-m\libc_nano.a(lib_a-nano-vfprintf_i.o)
                0x08008c60                _printf_i
 .text._sbrk_r  0x08008ea0       0x20 c:/program files (x86)/atollic/truestudio for stm32 9.1.0/armtools/bin/../lib/gcc/arm-atollic-eabi/6.3.1/../../../../arm-atollic-eabi/lib/armv7-m\libc_nano.a(lib_a-sbrkr.o)
                0x08008ea0                _sbrk_r
 .text.nanf     0x08008ec0        0x8 c:/program files (x86)/atollic/truestudio for stm32 9.1.0/armtools/bin/../lib/gcc/arm-atollic-eabi/6.3.1/../../../../arm-atollic-eabi/lib/armv7-m\libc_nano.a(lib_a-sf_nan.o)
                0x08008ec0                nanf
 .text.memchr   0x08008ec8       0x1c c:/program files (x86)/atollic/truestudio for stm32 9.1.0/armtools/bin/../lib/gcc/arm-atollic-eabi/6.3.1/../../../../arm-atollic-eabi/lib/armv7-m\libc_nano.a(lib_a-memchr-stub.o)
                0x08008ec8                memchr
 .text.memmove  0x08008ee4       0x34 c:/program files (x86)/atollic/truestudio for stm32 9.1.0/armtools/bin/../lib/gcc/arm-atollic-eabi/6.3.1/../../../../arm-atollic-eabi/lib/armv7-m\libc_nano.a(lib_a-memmove.o)
                0x08008ee4                memmove
 .text.__malloc_lock
                0x08008f18        0x2 c:/program files (x86)/atollic/truestudio for stm32 9.1.0/armtools/bin/../lib/gcc/arm-atollic-eabi/6.3.1/../../../../arm-atollic-eabi/lib/armv7-m\libc_nano.a(lib_a-mlock.o)
                0x08008f18                __malloc_lock
 .text.__malloc_unlock
                0x08008f1a        0x2 c:/program files (x86)/atollic/truestudio for stm32 9.1.0/armtools/bin/../lib/gcc/arm-atollic-eabi/6.3.1/../../../../arm-atollic-eabi/lib/armv7-m\libc_nano.a(lib_a-mlock.o)
                0x08008f1a                __malloc_unlock
 .text._realloc_r
                0x08008f1c       0x4c c:/program files (x86)/atollic/truestudio for stm32 9.1.0/armtools/bin/../lib/gcc/arm-atollic-eabi/6.3.1/../../../../arm-atollic-eabi/lib/armv7-m\libc_nano.a(lib_a-nano-reallocr.o)
                0x08008f1c                _realloc_r
 .text._malloc_usable_size_r
                0x08008f68       0x12 c:/program files (x86)/atollic/truestudio for stm32 9.1.0/armtools/bin/../lib/gcc/arm-atollic-eabi/6.3.1/../../../../arm-atollic-eabi/lib/armv7-m\libc_nano.a(lib_a-nano-msizer.o)
                0x08008f68                _malloc_usable_size_r
 *fill*         0x08008f7a        0x6 
 .text.floor    0x08008f80      0x108 c:/program files (x86)/atollic/truestudio for stm32 9.1.0/armtools/bin/../lib/gcc/arm-atollic-eabi/6.3.1/../../../../arm-atollic-eabi/lib/armv7-m\libm.a(lib_a-s_floor.o)
                0x08008f80                floor
 .text.lrintf   0x08009088       0x70 c:/program files (x86)/atollic/truestudio for stm32 9.1.0/armtools/bin/../lib/gcc/arm-atollic-eabi/6.3.1/../../../../arm-atollic-eabi/lib/armv7-m\libm.a(lib_a-sf_lrint.o)
                0x08009088                lrintf
 .text.pow      0x080090f8      0x2c8 c:/program files (x86)/atollic/truestudio for stm32 9.1.0/armtools/bin/../lib/gcc/arm-atollic-eabi/6.3.1/../../../../arm-atollic-eabi/lib/armv7-m\libm.a(lib_a-w_pow.o)
                0x080090f8                pow
 .text.asinf    0x080093c0       0x9c c:/program files (x86)/atollic/truestudio for stm32 9.1.0/armtools/bin/../lib/gcc/arm-atollic-eabi/6.3.1/../../../../arm-atollic-eabi/lib/armv7-m\libm.a(lib_a-wf_asin.o)
                0x080093c0                asinf
 .text.atan2f   0x0800945c        0x4 c:/program files (x86)/atollic/truestudio for stm32 9.1.0/armtools/bin/../lib/gcc/arm-atollic-eabi/6.3.1/../../../../arm-atollic-eabi/lib/armv7-m\libm.a(lib_a-wf_atan2.o)
                0x0800945c                atan2f
 .text.powf     0x08009460      0x2d8 c:/program files (x86)/atollic/truestudio for stm32 9.1.0/armtools/bin/../lib/gcc/arm-atollic-eabi/6.3.1/../../../../arm-atollic-eabi/lib/armv7-m\libm.a(lib_a-wf_pow.o)
                0x08009460                powf
 .text.__ieee754_pow
                0x08009738      0x9e4 c:/program files (x86)/atollic/truestudio for stm32 9.1.0/armtools/bin/../lib/gcc/arm-atollic-eabi/6.3.1/../../../../arm-atollic-eabi/lib/armv7-m\libm.a(lib_a-e_pow.o)
                0x08009738                __ieee754_pow
 .text.__ieee754_sqrt
                0x0800a11c      0x158 c:/program files (x86)/atollic/truestudio for stm32 9.1.0/armtools/bin/../lib/gcc/arm-atollic-eabi/6.3.1/../../../../arm-atollic-eabi/lib/armv7-m\libm.a(lib_a-e_sqrt.o)
                0x0800a11c                __ieee754_sqrt
 .text.__ieee754_asinf
                0x0800a274      0x288 c:/program files (x86)/atollic/truestudio for stm32 9.1.0/armtools/bin/../lib/gcc/arm-atollic-eabi/6.3.1/../../../../arm-atollic-eabi/lib/armv7-m\libm.a(lib_a-ef_asin.o)
                0x0800a274                __ieee754_asinf
 .text.__ieee754_atan2f
                0x0800a4fc      0x120 c:/program files (x86)/atollic/truestudio for stm32 9.1.0/armtools/bin/../lib/gcc/arm-atollic-eabi/6.3.1/../../../../arm-atollic-eabi/lib/armv7-m\libm.a(lib_a-ef_atan2.o)
                0x0800a4fc                __ieee754_atan2f
 .text.__ieee754_powf
                0x0800a61c      0x698 c:/program files (x86)/atollic/truestudio for stm32 9.1.0/armtools/bin/../lib/gcc/arm-atollic-eabi/6.3.1/../../../../arm-atollic-eabi/lib/armv7-m\libm.a(lib_a-ef_pow.o)
                0x0800a61c                __ieee754_powf
 .text.__ieee754_sqrtf
                0x0800acb4       0xa4 c:/program files (x86)/atollic/truestudio for stm32 9.1.0/armtools/bin/../lib/gcc/arm-atollic-eabi/6.3.1/../../../../arm-atollic-eabi/lib/armv7-m\libm.a(lib_a-ef_sqrt.o)
                0x0800acb4                __ieee754_sqrtf
 .text.fabs     0x0800ad58        0x6 c:/program files (x86)/atollic/truestudio for stm32 9.1.0/armtools/bin/../lib/gcc/arm-atollic-eabi/6.3.1/../../../../arm-atollic-eabi/lib/armv7-m\libm.a(lib_a-s_fabs.o)
                0x0800ad58                fabs
 .text.finite   0x0800ad5e        0xc c:/program files (x86)/atollic/truestudio for stm32 9.1.0/armtools/bin/../lib/gcc/arm-atollic-eabi/6.3.1/../../../../arm-atollic-eabi/lib/armv7-m\libm.a(lib_a-s_finite.o)
                0x0800ad5e                finite
 .text.matherr  0x0800ad6a        0x4 c:/program files (x86)/atollic/truestudio for stm32 9.1.0/armtools/bin/../lib/gcc/arm-atollic-eabi/6.3.1/../../../../arm-atollic-eabi/lib/armv7-m\libm.a(lib_a-s_matherr.o)
                0x0800ad6a                matherr
 *fill*         0x0800ad6e        0x2 
 .text.nan      0x0800ad70        0xc c:/program files (x86)/atollic/truestudio for stm32 9.1.0/armtools/bin/../lib/gcc/arm-atollic-eabi/6.3.1/../../../../arm-atollic-eabi/lib/armv7-m\libm.a(lib_a-s_nan.o)
                0x0800ad70                nan
 .text.rint     0x0800ad7c      0x110 c:/program files (x86)/atollic/truestudio for stm32 9.1.0/armtools/bin/../lib/gcc/arm-atollic-eabi/6.3.1/../../../../arm-atollic-eabi/lib/armv7-m\libm.a(lib_a-s_rint.o)
                0x0800ad7c                rint
 *fill*         0x0800ae8c        0x4 
 .text.scalbn   0x0800ae90       0xdc c:/program files (x86)/atollic/truestudio for stm32 9.1.0/armtools/bin/../lib/gcc/arm-atollic-eabi/6.3.1/../../../../arm-atollic-eabi/lib/armv7-m\libm.a(lib_a-s_scalbn.o)
                0x0800ae90                scalbn
 .text.atanf    0x0800af6c      0x220 c:/program files (x86)/atollic/truestudio for stm32 9.1.0/armtools/bin/../lib/gcc/arm-atollic-eabi/6.3.1/../../../../arm-atollic-eabi/lib/armv7-m\libm.a(lib_a-sf_atan.o)
                0x0800af6c                atanf
 .text.fabsf    0x0800b18c        0x6 c:/program files (x86)/atollic/truestudio for stm32 9.1.0/armtools/bin/../lib/gcc/arm-atollic-eabi/6.3.1/../../../../arm-atollic-eabi/lib/armv7-m\libm.a(lib_a-sf_fabs.o)
                0x0800b18c                fabsf
 .text.finitef  0x0800b192       0x10 c:/program files (x86)/atollic/truestudio for stm32 9.1.0/armtools/bin/../lib/gcc/arm-atollic-eabi/6.3.1/../../../../arm-atollic-eabi/lib/armv7-m\libm.a(lib_a-sf_finite.o)
                0x0800b192                finitef
 *fill*         0x0800b1a2        0x2 
 .text.scalbnf  0x0800b1a4       0x98 c:/program files (x86)/atollic/truestudio for stm32 9.1.0/armtools/bin/../lib/gcc/arm-atollic-eabi/6.3.1/../../../../arm-atollic-eabi/lib/armv7-m\libm.a(lib_a-sf_scalbn.o)
                0x0800b1a4                scalbnf
 .text.copysign
                0x0800b23c        0xe c:/program files (x86)/atollic/truestudio for stm32 9.1.0/armtools/bin/../lib/gcc/arm-atollic-eabi/6.3.1/../../../../arm-atollic-eabi/lib/armv7-m\libm.a(lib_a-s_copysign.o)
                0x0800b23c                copysign
 .text.copysignf
                0x0800b24a        0xc c:/program files (x86)/atollic/truestudio for stm32 9.1.0/armtools/bin/../lib/gcc/arm-atollic-eabi/6.3.1/../../../../arm-atollic-eabi/lib/armv7-m\libm.a(lib_a-sf_copysign.o)
                0x0800b24a                copysignf
 *fill*         0x0800b256        0x2 
 .text.__errno  0x0800b258        0xc c:/program files (x86)/atollic/truestudio for stm32 9.1.0/armtools/bin/../lib/gcc/arm-atollic-eabi/6.3.1/../../../../arm-atollic-eabi/lib/armv7-m\libc_nano.a(lib_a-errno.o)
                0x0800b258                __errno
 .text._sbrk    0x0800b264       0x1c c:/program files (x86)/atollic/truestudio for stm32 9.1.0/armtools/bin/../lib/gcc/arm-atollic-eabi/6.3.1/../../../../arm-atollic-eabi/lib/armv7-m\libnosys.a(sbrk.o)
                0x0800b264                _sbrk
 *(.glue_7)
 .glue_7        0x0800b280        0x0 linker stubs
 *(.glue_7t)
 .glue_7t       0x0800b280        0x0 linker stubs
 *(.eh_frame)
 .eh_frame      0x0800b280        0x0 c:/program files (x86)/atollic/truestudio for stm32 9.1.0/armtools/bin/../lib/gcc/arm-atollic-eabi/6.3.1/armv7-m/crtbegin.o
 *(.init)
 .init          0x0800b280        0x4 c:/program files (x86)/atollic/truestudio for stm32 9.1.0/armtools/bin/../lib/gcc/arm-atollic-eabi/6.3.1/armv7-m/crti.o
                0x0800b280                _init
 .init          0x0800b284        0x8 c:/program files (x86)/atollic/truestudio for stm32 9.1.0/armtools/bin/../lib/gcc/arm-atollic-eabi/6.3.1/armv7-m/crtn.o
 *(.fini)
 .fini          0x0800b28c        0x4 c:/program files (x86)/atollic/truestudio for stm32 9.1.0/armtools/bin/../lib/gcc/arm-atollic-eabi/6.3.1/armv7-m/crti.o
                0x0800b28c                _fini
 .fini          0x0800b290        0x8 c:/program files (x86)/atollic/truestudio for stm32 9.1.0/armtools/bin/../lib/gcc/arm-atollic-eabi/6.3.1/armv7-m/crtn.o
                0x0800b298                . = ALIGN (0x4)
                0x0800b298                _etext = .

.vfp11_veneer   0x0800b298        0x0
 .vfp11_veneer  0x0800b298        0x0 linker stubs

.v4_bx          0x0800b298        0x0
 .v4_bx         0x0800b298        0x0 linker stubs

.iplt           0x0800b298        0x0
 .iplt          0x0800b298        0x0 c:/program files (x86)/atollic/truestudio for stm32 9.1.0/armtools/bin/../lib/gcc/arm-atollic-eabi/6.3.1/armv7-m/crtbegin.o

.rodata         0x0800b298     0xa158
                0x0800b298                . = ALIGN (0x4)
 *(.rodata)
 .rodata        0x0800b298       0x10 Drivers\STM32F1xx_HAL_Driver\Src\stm32f1xx_hal_rcc.o
 .rodata        0x0800b2a8       0x10 Drivers\STM32F1xx_HAL_Driver\Src\stm32f1xx_hal_rcc_ex.o
 *(.rodata*)
 .rodata.I2C_Read.str1.1
                0x0800b2b8       0x1c Inc\I2C.o
 .rodata.I2C_Write.str1.1
                0x0800b2d4       0x1c Inc\I2C.o
 .rodata.mixerQuadX
                0x0800b2f0       0x40 Inc\Mixer.o
 .rodata.ACC_Common.str1.1
                0x0800b330       0x21 Inc\Sensor.o
 .rodata.Calibrate_gyro.str1.1
                0x0800b351       0x21 Inc\Sensor.o
                                  0x2 (size before relaxing)
 .rodata.MPU9250_Init.str1.1
                0x0800b351      0x395 Inc\Sensor.o
 .rodata.MS5611_Init.str1.1
                0x0800b6e6       0x2f Inc\Sensor.o
 .rodata.getEstimatedAltitude.str1.1
                0x0800b715       0x12 Inc\Sensor.o
 .rodata.PrintData.str1.1
                0x0800b727      0x3a9 Inc\Serial.o
                                0x3b4 (size before relaxing)
 .rodata.ChoIdxTbl
                0x0800bad0       0x20 Inc\hangul\PHan_Lib.o
                0x0800bad0                ChoIdxTbl
 .rodata.ChoTypeCaseJongNo
                0x0800baf0       0x16 Inc\hangul\PHan_Lib.o
                0x0800baf0                ChoTypeCaseJongNo
 .rodata.ChoTypeCaseJongYes
                0x0800bb06       0x16 Inc\hangul\PHan_Lib.o
                0x0800bb06                ChoTypeCaseJongYes
 .rodata.JonIdxTbl
                0x0800bb1c       0x20 Inc\hangul\PHan_Lib.o
                0x0800bb1c                JonIdxTbl
 .rodata.JonType
                0x0800bb3c       0x16 Inc\hangul\PHan_Lib.o
                0x0800bb3c                JonType
 .rodata.JooIdxTbl
                0x0800bb52       0x20 Inc\hangul\PHan_Lib.o
                0x0800bb52                JooIdxTbl
 .rodata.K_font
                0x0800bb72     0x5a00 Inc\hangul\PHan_Lib.o
                0x0800bb72                K_font
 .rodata.UniChoIdxTbl
                0x08011572       0x20 Inc\hangul\PHan_Lib.o
                0x08011572                UniChoIdxTbl
 .rodata.UniJonIdxTbl
                0x08011592       0x20 Inc\hangul\PHan_Lib.o
                0x08011592                UniJonIdxTbl
 .rodata.UniJooIdxTbl
                0x080115b2       0x20 Inc\hangul\PHan_Lib.o
                0x080115b2                UniJooIdxTbl
 *fill*         0x080115d2        0x2 
 .rodata.wEngFon
                0x080115d4     0x1800 Inc\hangul\PHan_Lib.o
                0x080115d4                wEngFon
 .rodata.wWanToJohabTable
                0x08012dd4     0x24b8 Inc\hangul\PHan_Lib.o
                0x08012dd4                wWanToJohabTable
 .rodata.main.str1.1
                0x0801528c       0x26 Src\main.o
 .rodata.AHBPrescTable
                0x080152b2       0x10 Src\system_stm32f1xx.o
                0x080152b2                AHBPrescTable
 .rodata.APBPrescTable
                0x080152c2        0x8 Src\system_stm32f1xx.o
                0x080152c2                APBPrescTable
 *fill*         0x080152ca        0x2 
 .rodata.__sf_fake_stderr
                0x080152cc       0x20 c:/program files (x86)/atollic/truestudio for stm32 9.1.0/armtools/bin/../lib/gcc/arm-atollic-eabi/6.3.1/../../../../arm-atollic-eabi/lib/armv7-m\libc_nano.a(lib_a-findfp.o)
                0x080152cc                __sf_fake_stderr
 .rodata.__sf_fake_stdin
                0x080152ec       0x20 c:/program files (x86)/atollic/truestudio for stm32 9.1.0/armtools/bin/../lib/gcc/arm-atollic-eabi/6.3.1/../../../../arm-atollic-eabi/lib/armv7-m\libc_nano.a(lib_a-findfp.o)
                0x080152ec                __sf_fake_stdin
 .rodata.__sf_fake_stdout
                0x0801530c       0x20 c:/program files (x86)/atollic/truestudio for stm32 9.1.0/armtools/bin/../lib/gcc/arm-atollic-eabi/6.3.1/../../../../arm-atollic-eabi/lib/armv7-m\libc_nano.a(lib_a-findfp.o)
                0x0801530c                __sf_fake_stdout
 .rodata._svfprintf_r.str1.1
                0x0801532c       0x11 c:/program files (x86)/atollic/truestudio for stm32 9.1.0/armtools/bin/../lib/gcc/arm-atollic-eabi/6.3.1/../../../../arm-atollic-eabi/lib/armv7-m\libc_nano.a(lib_a-nano-svfprintf.o)
 .rodata._printf_i.str1.1
                0x0801533d       0x22 c:/program files (x86)/atollic/truestudio for stm32 9.1.0/armtools/bin/../lib/gcc/arm-atollic-eabi/6.3.1/../../../../arm-atollic-eabi/lib/armv7-m\libc_nano.a(lib_a-nano-vfprintf_i.o)
 *fill*         0x0801535f        0x1 
 .rodata.TWO23  0x08015360        0x8 c:/program files (x86)/atollic/truestudio for stm32 9.1.0/armtools/bin/../lib/gcc/arm-atollic-eabi/6.3.1/../../../../arm-atollic-eabi/lib/armv7-m\libm.a(lib_a-sf_lrint.o)
 .rodata.pow.str1.1
                0x08015368        0x4 c:/program files (x86)/atollic/truestudio for stm32 9.1.0/armtools/bin/../lib/gcc/arm-atollic-eabi/6.3.1/../../../../arm-atollic-eabi/lib/armv7-m\libm.a(lib_a-w_pow.o)
 .rodata.asinf.str1.1
                0x0801536c        0x6 c:/program files (x86)/atollic/truestudio for stm32 9.1.0/armtools/bin/../lib/gcc/arm-atollic-eabi/6.3.1/../../../../arm-atollic-eabi/lib/armv7-m\libm.a(lib_a-wf_asin.o)
                                  0x7 (size before relaxing)
 .rodata.powf.str1.1
                0x08015372        0x5 c:/program files (x86)/atollic/truestudio for stm32 9.1.0/armtools/bin/../lib/gcc/arm-atollic-eabi/6.3.1/../../../../arm-atollic-eabi/lib/armv7-m\libm.a(lib_a-wf_pow.o)
 .rodata.__ieee754_pow.str1.1
                0x08015377        0x1 c:/program files (x86)/atollic/truestudio for stm32 9.1.0/armtools/bin/../lib/gcc/arm-atollic-eabi/6.3.1/../../../../arm-atollic-eabi/lib/armv7-m\libm.a(lib_a-e_pow.o)
 *fill*         0x08015377        0x1 
 .rodata.bp     0x08015378       0x10 c:/program files (x86)/atollic/truestudio for stm32 9.1.0/armtools/bin/../lib/gcc/arm-atollic-eabi/6.3.1/../../../../arm-atollic-eabi/lib/armv7-m\libm.a(lib_a-e_pow.o)
 .rodata.dp_h   0x08015388       0x10 c:/program files (x86)/atollic/truestudio for stm32 9.1.0/armtools/bin/../lib/gcc/arm-atollic-eabi/6.3.1/../../../../arm-atollic-eabi/lib/armv7-m\libm.a(lib_a-e_pow.o)
 .rodata.dp_l   0x08015398       0x10 c:/program files (x86)/atollic/truestudio for stm32 9.1.0/armtools/bin/../lib/gcc/arm-atollic-eabi/6.3.1/../../../../arm-atollic-eabi/lib/armv7-m\libm.a(lib_a-e_pow.o)
 .rodata.__ieee754_powf.str1.1
                0x080153a8        0x1 c:/program files (x86)/atollic/truestudio for stm32 9.1.0/armtools/bin/../lib/gcc/arm-atollic-eabi/6.3.1/../../../../arm-atollic-eabi/lib/armv7-m\libm.a(lib_a-ef_pow.o)
 .rodata.bp     0x080153a8        0x8 c:/program files (x86)/atollic/truestudio for stm32 9.1.0/armtools/bin/../lib/gcc/arm-atollic-eabi/6.3.1/../../../../arm-atollic-eabi/lib/armv7-m\libm.a(lib_a-ef_pow.o)
 .rodata.dp_h   0x080153b0        0x8 c:/program files (x86)/atollic/truestudio for stm32 9.1.0/armtools/bin/../lib/gcc/arm-atollic-eabi/6.3.1/../../../../arm-atollic-eabi/lib/armv7-m\libm.a(lib_a-ef_pow.o)
 .rodata.dp_l   0x080153b8        0x8 c:/program files (x86)/atollic/truestudio for stm32 9.1.0/armtools/bin/../lib/gcc/arm-atollic-eabi/6.3.1/../../../../arm-atollic-eabi/lib/armv7-m\libm.a(lib_a-ef_pow.o)
 .rodata.TWO52  0x080153c0       0x10 c:/program files (x86)/atollic/truestudio for stm32 9.1.0/armtools/bin/../lib/gcc/arm-atollic-eabi/6.3.1/../../../../arm-atollic-eabi/lib/armv7-m\libm.a(lib_a-s_rint.o)
 .rodata.atanhi
                0x080153d0       0x10 c:/program files (x86)/atollic/truestudio for stm32 9.1.0/armtools/bin/../lib/gcc/arm-atollic-eabi/6.3.1/../../../../arm-atollic-eabi/lib/armv7-m\libm.a(lib_a-sf_atan.o)
 .rodata.atanlo
                0x080153e0       0x10 c:/program files (x86)/atollic/truestudio for stm32 9.1.0/armtools/bin/../lib/gcc/arm-atollic-eabi/6.3.1/../../../../arm-atollic-eabi/lib/armv7-m\libm.a(lib_a-sf_atan.o)
                0x080153f0                . = ALIGN (0x4)

.rel.dyn        0x080153f0        0x0
 .rel.iplt      0x080153f0        0x0 c:/program files (x86)/atollic/truestudio for stm32 9.1.0/armtools/bin/../lib/gcc/arm-atollic-eabi/6.3.1/armv7-m/crtbegin.o

.ARM.extab
 *(.ARM.extab* .gnu.linkonce.armextab.*)

.ARM            0x080153f0        0x0
                0x080153f0                __exidx_start = .
 *(.ARM.exidx*)
                0x080153f0                __exidx_end = .

.preinit_array  0x080153f0        0x0
                0x080153f0                PROVIDE (__preinit_array_start, .)
 *(.preinit_array*)
                0x080153f0                PROVIDE (__preinit_array_end, .)

.init_array     0x080153f0        0x4
                0x080153f0                PROVIDE (__init_array_start, .)
 *(SORT(.init_array.*))
 *(.init_array*)
 .init_array    0x080153f0        0x4 c:/program files (x86)/atollic/truestudio for stm32 9.1.0/armtools/bin/../lib/gcc/arm-atollic-eabi/6.3.1/armv7-m/crtbegin.o
                0x080153f4                PROVIDE (__init_array_end, .)

.fini_array     0x080153f4        0x4
                [!provide]                PROVIDE (__fini_array_start, .)
 *(SORT(.fini_array.*))
 *(.fini_array*)
 .fini_array    0x080153f4        0x4 c:/program files (x86)/atollic/truestudio for stm32 9.1.0/armtools/bin/../lib/gcc/arm-atollic-eabi/6.3.1/armv7-m/crtbegin.o
                [!provide]                PROVIDE (__fini_array_end, .)
                0x080153f8                _sidata = LOADADDR (.data)

.data           0x20000000      0x480 load address 0x080153f8
                0x20000000                . = ALIGN (0x4)
                0x20000000                _sdata = .
 *(.data)
 *(.data*)
 .data.uwTickFreq
                0x20000000        0x1 Drivers\STM32F1xx_HAL_Driver\Src\stm32f1xx_hal.o
                0x20000000                uwTickFreq
 *fill*         0x20000001        0x3 
 .data.uwTickPrio
                0x20000004        0x4 Drivers\STM32F1xx_HAL_Driver\Src\stm32f1xx_hal.o
                0x20000004                uwTickPrio
 .data.Mmode    0x20000008        0x1 Inc\Sensor.o
                0x20000008                Mmode
 .data.Mscale   0x20000009        0x1 Inc\Sensor.o
                0x20000009                Mscale
 .data.calibratingB
                0x2000000a        0x2 Inc\Sensor.o
                0x2000000a                calibratingB
 .data.currentPortState
                0x2000000c        0x4 Inc\Serial.o
 .data.buffer   0x20000010      0x400 Inc\ssd1306.o
 .data.test1    0x20000410        0x4 Src\main.o
                0x20000410                test1
 .data.SystemCoreClock
                0x20000414        0x4 Src\system_stm32f1xx.o
                0x20000414                SystemCoreClock
 .data._impure_ptr
                0x20000418        0x4 c:/program files (x86)/atollic/truestudio for stm32 9.1.0/armtools/bin/../lib/gcc/arm-atollic-eabi/6.3.1/../../../../arm-atollic-eabi/lib/armv7-m\libc_nano.a(lib_a-impure.o)
                0x20000418                _impure_ptr
 .data.impure_data
                0x2000041c       0x60 c:/program files (x86)/atollic/truestudio for stm32 9.1.0/armtools/bin/../lib/gcc/arm-atollic-eabi/6.3.1/../../../../arm-atollic-eabi/lib/armv7-m\libc_nano.a(lib_a-impure.o)
 .data.__fdlib_version
                0x2000047c        0x1 c:/program files (x86)/atollic/truestudio for stm32 9.1.0/armtools/bin/../lib/gcc/arm-atollic-eabi/6.3.1/../../../../arm-atollic-eabi/lib/armv7-m\libm.a(lib_a-s_lib_ver.o)
                0x2000047c                __fdlib_version
                0x20000480                . = ALIGN (0x4)
 *fill*         0x2000047d        0x3 
                0x20000480                _edata = .

.igot.plt       0x20000480        0x0 load address 0x08015878
 .igot.plt      0x20000480        0x0 c:/program files (x86)/atollic/truestudio for stm32 9.1.0/armtools/bin/../lib/gcc/arm-atollic-eabi/6.3.1/armv7-m/crtbegin.o
                0x20000480                . = ALIGN (0x4)

.bss            0x20000480      0xcac load address 0x08015878
                0x20000480                _sbss = .
                0x20000480                __bss_start__ = _sbss
 *(.bss)
 .bss           0x20000480       0x1c c:/program files (x86)/atollic/truestudio for stm32 9.1.0/armtools/bin/../lib/gcc/arm-atollic-eabi/6.3.1/armv7-m/crtbegin.o
 *(.bss*)
 .bss.Pre_IMU   0x2000049c        0xc Inc\IMU.o
                0x2000049c                Pre_IMU
 .bss.Pre_gyro  0x200004a8        0x4 Inc\IMU.o
                0x200004a8                Pre_gyro
 .bss.currentMixer
                0x200004ac       0x40 Inc\Mixer.o
 .bss.Ascale    0x200004ec        0x1 Inc\Sensor.o
                0x200004ec                Ascale
 .bss.Gscale    0x200004ed        0x1 Inc\Sensor.o
                0x200004ed                Gscale
 *fill*         0x200004ee        0x2 
 .bss.SelfTest  0x200004f0       0x18 Inc\Sensor.o
                0x200004f0                SelfTest
 .bss.a.9292    0x20000508        0xc Inc\Sensor.o
 .bss.accBias   0x20000514        0xc Inc\Sensor.o
                0x20000514                accBias
 .bss.baroDeadline.9420
                0x20000520        0x4 Inc\Sensor.o
 .bss.baroGroundAltitude.9431
                0x20000524        0x4 Inc\Sensor.o
 .bss.baroGroundPressure.9432
                0x20000528        0x4 Inc\Sensor.o
 .bss.baroHistIdx.9415
                0x2000052c        0x4 Inc\Sensor.o
 .bss.baroHistTab.9414
                0x20000530       0xc0 Inc\Sensor.o
 .bss.baroPressureSum
                0x200005f0        0x4 Inc\Sensor.o
                0x200005f0                baroPressureSum
 .bss.calibratingA
                0x200005f4        0x2 Inc\Sensor.o
                0x200005f4                calibratingA
 *fill*         0x200005f6        0x2 
 .bss.gyroBias  0x200005f8        0xc Inc\Sensor.o
                0x200005f8                gyroBias
 .bss.magBias   0x20000604        0xc Inc\Sensor.o
                0x20000604                magBias
 .bss.magCalibration
                0x20000610        0xc Inc\Sensor.o
                0x20000610                magCalibration
 .bss.state.9421
                0x2000061c        0x4 Inc\Sensor.o
 .bss.taskOrder.9422
                0x20000620        0x4 Inc\Sensor.o
 .bss.Debug_TC  0x20000624        0x1 Inc\Serial.o
                0x20000624                Debug_TC
 .bss.ports     0x20000625      0x10c Inc\Serial.o
 *fill*         0x20000731        0x3 
 .bss.x.9340    0x20000734        0x4 Inc\Serial.o
 .bss.msTicks   0x20000738        0x4 Inc\System.o
 .bss.loop_timer
                0x2000073c        0x4 Src\main.o
                0x2000073c                loop_timer
 .bss.__malloc_free_list
                0x20000740        0x4 c:/program files (x86)/atollic/truestudio for stm32 9.1.0/armtools/bin/../lib/gcc/arm-atollic-eabi/6.3.1/../../../../arm-atollic-eabi/lib/armv7-m\libc_nano.a(lib_a-nano-mallocr.o)
                0x20000740                __malloc_free_list
 .bss.__malloc_sbrk_start
                0x20000744        0x4 c:/program files (x86)/atollic/truestudio for stm32 9.1.0/armtools/bin/../lib/gcc/arm-atollic-eabi/6.3.1/../../../../arm-atollic-eabi/lib/armv7-m\libc_nano.a(lib_a-nano-mallocr.o)
                0x20000744                __malloc_sbrk_start
 .bss.heap_end.4116
                0x20000748        0x4 c:/program files (x86)/atollic/truestudio for stm32 9.1.0/armtools/bin/../lib/gcc/arm-atollic-eabi/6.3.1/../../../../arm-atollic-eabi/lib/armv7-m\libnosys.a(sbrk.o)
 *(COMMON)
 COMMON         0x2000074c        0x4 Drivers\STM32F1xx_HAL_Driver\Src\stm32f1xx_hal.o
                0x2000074c                uwTick
 COMMON         0x20000750       0x29 Inc\EEPROM.o
                0x20000750                eeprom
                0x20000758                _i2caddr
                0x2000075c                aRes
                0x20000760                _b
                0x20000768                _width
                0x2000076c                gRes
                0x20000770                _height
                0x20000774                mRes
                0x20000778                _vccstate
 *fill*         0x20000779        0x3 
 COMMON         0x2000077c       0xbc Inc\GPS.o
                0x2000077c                GPS
 COMMON         0x20000838       0x28 Inc\IMU.o
                0x20000838                AHRSIMU
 COMMON         0x20000860        0x9 Inc\LED_control.o
                0x20000860                flight_mode_led
                0x20000861                flight_mode_counter
                0x20000864                flight_mode_timer
                0x20000868                flight_mode
 *fill*         0x20000869        0x1 
 COMMON         0x2000086a        0x8 Inc\Mixer.o
                0x2000086a                motor
 *fill*         0x20000872        0x2 
 COMMON         0x20000874       0xf8 Inc\PID.o
                0x20000874                pid
                0x20000968                dt_recip
 COMMON         0x2000096c      0x110 Inc\Queue.o
                0x2000096c                Q_buffer
 COMMON         0x20000a7c       0xd8 Inc\Radio.o
                0x20000a7c                f
                0x20000a94                RC_Raw
                0x20000af4                RC
 *fill*         0x20000b54        0x4 
 COMMON         0x20000b58      0x24c Inc\Sensor.o
                0x20000b58                ms5611
                0x20000cf0                lps
                0x20000cf8                imu
                0x20000d8c                magScale
                0x20000d98                rawADC
 COMMON         0x20000da4       0xa0 Inc\Serial.o
                0x20000da4                Buf
                0x20000e24                rx1_buffer
                0x20000e34                rx2_buffer
 COMMON         0x20000e44      0x2e4 Src\main.o
                0x20000e44                BAT
                0x20000e4c                hdma_usart2_rx
                0x20000e90                htim4
                0x20000ed0                hi2c2
                0x20000f24                htim3
                0x20000f64                hdma_usart1_tx
                0x20000fa8                hadc1
                0x20000fd8                hdma_usart1_rx
                0x2000101c                hdma_usart2_tx
                0x20001060                huart1
                0x200010a0                Error
                0x200010a8                htim2
                0x200010e8                huart2
 COMMON         0x20001128        0x4 c:/program files (x86)/atollic/truestudio for stm32 9.1.0/armtools/bin/../lib/gcc/arm-atollic-eabi/6.3.1/../../../../arm-atollic-eabi/lib/armv7-m\libc_nano.a(lib_a-reent.o)
                0x20001128                errno
                0x2000112c                . = ALIGN (0x4)
                0x2000112c                _ebss = .
                0x2000112c                __bss_end__ = _ebss

._user_heap_stack
                0x2000112c      0x100 load address 0x08015878
                0x2000112c                . = ALIGN (0x4)
                0x2000112c                PROVIDE (end, .)
                [!provide]                PROVIDE (_end, .)
                0x2000112c                . = (. + _Min_Heap_Size)
                0x2000122c                . = (. + _Min_Stack_Size)
 *fill*         0x2000112c      0x100 
                0x2000122c                . = ALIGN (0x4)

.memory_b1_text
 *(.mb1text)
 *(.mb1text*)
 *(.mb1rodata)
 *(.mb1rodata*)

/DISCARD/
 libc.a(*)
 libm.a(*)
 libgcc.a(*)

.ARM.attributes
                0x00000000       0x29
 *(.ARM.attributes)
 .ARM.attributes
                0x00000000       0x1d c:/program files (x86)/atollic/truestudio for stm32 9.1.0/armtools/bin/../lib/gcc/arm-atollic-eabi/6.3.1/armv7-m/crti.o
 .ARM.attributes
                0x0000001d       0x2d c:/program files (x86)/atollic/truestudio for stm32 9.1.0/armtools/bin/../lib/gcc/arm-atollic-eabi/6.3.1/armv7-m/crtbegin.o
 .ARM.attributes
                0x0000004a       0x33 Drivers\STM32F1xx_HAL_Driver\Src\stm32f1xx_hal.o
 .ARM.attributes
                0x0000007d       0x33 Drivers\STM32F1xx_HAL_Driver\Src\stm32f1xx_hal_adc.o
 .ARM.attributes
                0x000000b0       0x33 Drivers\STM32F1xx_HAL_Driver\Src\stm32f1xx_hal_cortex.o
 .ARM.attributes
                0x000000e3       0x33 Drivers\STM32F1xx_HAL_Driver\Src\stm32f1xx_hal_dma.o
 .ARM.attributes
                0x00000116       0x33 Drivers\STM32F1xx_HAL_Driver\Src\stm32f1xx_hal_gpio.o
 .ARM.attributes
                0x00000149       0x33 Drivers\STM32F1xx_HAL_Driver\Src\stm32f1xx_hal_i2c.o
 .ARM.attributes
                0x0000017c       0x33 Drivers\STM32F1xx_HAL_Driver\Src\stm32f1xx_hal_rcc.o
 .ARM.attributes
                0x000001af       0x33 Drivers\STM32F1xx_HAL_Driver\Src\stm32f1xx_hal_rcc_ex.o
 .ARM.attributes
                0x000001e2       0x33 Drivers\STM32F1xx_HAL_Driver\Src\stm32f1xx_hal_tim.o
 .ARM.attributes
                0x00000215       0x33 Drivers\STM32F1xx_HAL_Driver\Src\stm32f1xx_hal_tim_ex.o
 .ARM.attributes
                0x00000248       0x33 Drivers\STM32F1xx_HAL_Driver\Src\stm32f1xx_hal_uart.o
 .ARM.attributes
                0x0000027b       0x33 Inc\EEPROM.o
 .ARM.attributes
                0x000002ae       0x33 Inc\GPS.o
 .ARM.attributes
                0x000002e1       0x33 Inc\I2C.o
 .ARM.attributes
                0x00000314       0x33 Inc\IMU.o
 .ARM.attributes
                0x00000347       0x33 Inc\LED_control.o
 .ARM.attributes
                0x0000037a       0x33 Inc\Mixer.o
 .ARM.attributes
                0x000003ad       0x33 Inc\PID.o
 .ARM.attributes
                0x000003e0       0x33 Inc\PWM.o
 .ARM.attributes
                0x00000413       0x33 Inc\Queue.o
 .ARM.attributes
                0x00000446       0x33 Inc\Radio.o
 .ARM.attributes
                0x00000479       0x33 Inc\Sensor.o
 .ARM.attributes
                0x000004ac       0x33 Inc\Serial.o
 .ARM.attributes
                0x000004df       0x33 Inc\System.o
 .ARM.attributes
                0x00000512       0x33 Inc\hangul\PHan_Lib.o
 .ARM.attributes
                0x00000545       0x33 Inc\ssd1306.o
 .ARM.attributes
                0x00000578       0x33 Src\main.o
 .ARM.attributes
                0x000005ab       0x33 Src\stm32f1xx_hal_msp.o
 .ARM.attributes
                0x000005de       0x33 Src\stm32f1xx_it.o
 .ARM.attributes
                0x00000611       0x33 Src\system_stm32f1xx.o
 .ARM.attributes
                0x00000644       0x21 startup\startup_stm32f103xb.o
 .ARM.attributes
                0x00000665       0x2d c:/program files (x86)/atollic/truestudio for stm32 9.1.0/armtools/bin/../lib/gcc/arm-atollic-eabi/6.3.1/../../../../arm-atollic-eabi/lib/armv7-m\libc_nano.a(lib_a-init.o)
 .ARM.attributes
                0x00000692       0x2d c:/program files (x86)/atollic/truestudio for stm32 9.1.0/armtools/bin/../lib/gcc/arm-atollic-eabi/6.3.1/../../../../arm-atollic-eabi/lib/armv7-m\libc_nano.a(lib_a-memcpy-stub.o)
 .ARM.attributes
                0x000006bf       0x2d c:/program files (x86)/atollic/truestudio for stm32 9.1.0/armtools/bin/../lib/gcc/arm-atollic-eabi/6.3.1/../../../../arm-atollic-eabi/lib/armv7-m\libc_nano.a(lib_a-memset.o)
 .ARM.attributes
                0x000006ec       0x2d c:/program files (x86)/atollic/truestudio for stm32 9.1.0/armtools/bin/../lib/gcc/arm-atollic-eabi/6.3.1/../../../../arm-atollic-eabi/lib/armv7-m\libc_nano.a(lib_a-sprintf.o)
 .ARM.attributes
                0x00000719       0x2d c:/program files (x86)/atollic/truestudio for stm32 9.1.0/armtools/bin/../lib/gcc/arm-atollic-eabi/6.3.1/../../../../arm-atollic-eabi/lib/armv7-m\libc_nano.a(lib_a-strcpy.o)
 .ARM.attributes
                0x00000746       0x17 c:/program files (x86)/atollic/truestudio for stm32 9.1.0/armtools/bin/../lib/gcc/arm-atollic-eabi/6.3.1/../../../../arm-atollic-eabi/lib/armv7-m\libc_nano.a(lib_a-strlen.o)
 .ARM.attributes
                0x0000075d       0x2d c:/program files (x86)/atollic/truestudio for stm32 9.1.0/armtools/bin/../lib/gcc/arm-atollic-eabi/6.3.1/../../../../arm-atollic-eabi/lib/armv7-m\libc_nano.a(lib_a-vsnprintf.o)
 .ARM.attributes
                0x0000078a       0x2d c:/program files (x86)/atollic/truestudio for stm32 9.1.0/armtools/bin/../lib/gcc/arm-atollic-eabi/6.3.1/../../../../arm-atollic-eabi/lib/armv7-m\libc_nano.a(lib_a-findfp.o)
 .ARM.attributes
                0x000007b7       0x2d c:/program files (x86)/atollic/truestudio for stm32 9.1.0/armtools/bin/../lib/gcc/arm-atollic-eabi/6.3.1/../../../../arm-atollic-eabi/lib/armv7-m\libc_nano.a(lib_a-impure.o)
 .ARM.attributes
                0x000007e4       0x2d c:/program files (x86)/atollic/truestudio for stm32 9.1.0/armtools/bin/../lib/gcc/arm-atollic-eabi/6.3.1/../../../../arm-atollic-eabi/lib/armv7-m\libc_nano.a(lib_a-nano-freer.o)
 .ARM.attributes
                0x00000811       0x2d c:/program files (x86)/atollic/truestudio for stm32 9.1.0/armtools/bin/../lib/gcc/arm-atollic-eabi/6.3.1/../../../../arm-atollic-eabi/lib/armv7-m\libc_nano.a(lib_a-nano-mallocr.o)
 .ARM.attributes
                0x0000083e       0x2d c:/program files (x86)/atollic/truestudio for stm32 9.1.0/armtools/bin/../lib/gcc/arm-atollic-eabi/6.3.1/../../../../arm-atollic-eabi/lib/armv7-m\libc_nano.a(lib_a-nano-svfprintf.o)
 .ARM.attributes
                0x0000086b       0x2d c:/program files (x86)/atollic/truestudio for stm32 9.1.0/armtools/bin/../lib/gcc/arm-atollic-eabi/6.3.1/../../../../arm-atollic-eabi/lib/armv7-m\libc_nano.a(lib_a-nano-vfprintf_i.o)
 .ARM.attributes
                0x00000898       0x2d c:/program files (x86)/atollic/truestudio for stm32 9.1.0/armtools/bin/../lib/gcc/arm-atollic-eabi/6.3.1/../../../../arm-atollic-eabi/lib/armv7-m\libc_nano.a(lib_a-sbrkr.o)
 .ARM.attributes
                0x000008c5       0x2d c:/program files (x86)/atollic/truestudio for stm32 9.1.0/armtools/bin/../lib/gcc/arm-atollic-eabi/6.3.1/../../../../arm-atollic-eabi/lib/armv7-m\libc_nano.a(lib_a-sf_nan.o)
 .ARM.attributes
                0x000008f2       0x2d c:/program files (x86)/atollic/truestudio for stm32 9.1.0/armtools/bin/../lib/gcc/arm-atollic-eabi/6.3.1/../../../../arm-atollic-eabi/lib/armv7-m\libc_nano.a(lib_a-memchr-stub.o)
 .ARM.attributes
                0x0000091f       0x2d c:/program files (x86)/atollic/truestudio for stm32 9.1.0/armtools/bin/../lib/gcc/arm-atollic-eabi/6.3.1/../../../../arm-atollic-eabi/lib/armv7-m\libc_nano.a(lib_a-memmove.o)
 .ARM.attributes
                0x0000094c       0x2d c:/program files (x86)/atollic/truestudio for stm32 9.1.0/armtools/bin/../lib/gcc/arm-atollic-eabi/6.3.1/../../../../arm-atollic-eabi/lib/armv7-m\libc_nano.a(lib_a-mlock.o)
 .ARM.attributes
                0x00000979       0x2d c:/program files (x86)/atollic/truestudio for stm32 9.1.0/armtools/bin/../lib/gcc/arm-atollic-eabi/6.3.1/../../../../arm-atollic-eabi/lib/armv7-m\libc_nano.a(lib_a-nano-reallocr.o)
 .ARM.attributes
                0x000009a6       0x2d c:/program files (x86)/atollic/truestudio for stm32 9.1.0/armtools/bin/../lib/gcc/arm-atollic-eabi/6.3.1/../../../../arm-atollic-eabi/lib/armv7-m\libc_nano.a(lib_a-reent.o)
 .ARM.attributes
                0x000009d3       0x2d c:/program files (x86)/atollic/truestudio for stm32 9.1.0/armtools/bin/../lib/gcc/arm-atollic-eabi/6.3.1/../../../../arm-atollic-eabi/lib/armv7-m\libc_nano.a(lib_a-nano-msizer.o)
 .ARM.attributes
                0x00000a00       0x2d c:/program files (x86)/atollic/truestudio for stm32 9.1.0/armtools/bin/../lib/gcc/arm-atollic-eabi/6.3.1/../../../../arm-atollic-eabi/lib/armv7-m\libm.a(lib_a-s_floor.o)
 .ARM.attributes
                0x00000a2d       0x2d c:/program files (x86)/atollic/truestudio for stm32 9.1.0/armtools/bin/../lib/gcc/arm-atollic-eabi/6.3.1/../../../../arm-atollic-eabi/lib/armv7-m\libm.a(lib_a-sf_lrint.o)
 .ARM.attributes
                0x00000a5a       0x2d c:/program files (x86)/atollic/truestudio for stm32 9.1.0/armtools/bin/../lib/gcc/arm-atollic-eabi/6.3.1/../../../../arm-atollic-eabi/lib/armv7-m\libm.a(lib_a-w_pow.o)
 .ARM.attributes
                0x00000a87       0x2d c:/program files (x86)/atollic/truestudio for stm32 9.1.0/armtools/bin/../lib/gcc/arm-atollic-eabi/6.3.1/../../../../arm-atollic-eabi/lib/armv7-m\libm.a(lib_a-wf_asin.o)
 .ARM.attributes
                0x00000ab4       0x2d c:/program files (x86)/atollic/truestudio for stm32 9.1.0/armtools/bin/../lib/gcc/arm-atollic-eabi/6.3.1/../../../../arm-atollic-eabi/lib/armv7-m\libm.a(lib_a-wf_atan2.o)
 .ARM.attributes
                0x00000ae1       0x2d c:/program files (x86)/atollic/truestudio for stm32 9.1.0/armtools/bin/../lib/gcc/arm-atollic-eabi/6.3.1/../../../../arm-atollic-eabi/lib/armv7-m\libm.a(lib_a-wf_pow.o)
 .ARM.attributes
                0x00000b0e       0x2d c:/program files (x86)/atollic/truestudio for stm32 9.1.0/armtools/bin/../lib/gcc/arm-atollic-eabi/6.3.1/../../../../arm-atollic-eabi/lib/armv7-m\libm.a(lib_a-e_pow.o)
 .ARM.attributes
                0x00000b3b       0x2d c:/program files (x86)/atollic/truestudio for stm32 9.1.0/armtools/bin/../lib/gcc/arm-atollic-eabi/6.3.1/../../../../arm-atollic-eabi/lib/armv7-m\libm.a(lib_a-e_sqrt.o)
 .ARM.attributes
                0x00000b68       0x2d c:/program files (x86)/atollic/truestudio for stm32 9.1.0/armtools/bin/../lib/gcc/arm-atollic-eabi/6.3.1/../../../../arm-atollic-eabi/lib/armv7-m\libm.a(lib_a-ef_asin.o)
 .ARM.attributes
                0x00000b95       0x2d c:/program files (x86)/atollic/truestudio for stm32 9.1.0/armtools/bin/../lib/gcc/arm-atollic-eabi/6.3.1/../../../../arm-atollic-eabi/lib/armv7-m\libm.a(lib_a-ef_atan2.o)
 .ARM.attributes
                0x00000bc2       0x2d c:/program files (x86)/atollic/truestudio for stm32 9.1.0/armtools/bin/../lib/gcc/arm-atollic-eabi/6.3.1/../../../../arm-atollic-eabi/lib/armv7-m\libm.a(lib_a-ef_pow.o)
 .ARM.attributes
                0x00000bef       0x2d c:/program files (x86)/atollic/truestudio for stm32 9.1.0/armtools/bin/../lib/gcc/arm-atollic-eabi/6.3.1/../../../../arm-atollic-eabi/lib/armv7-m\libm.a(lib_a-ef_sqrt.o)
 .ARM.attributes
                0x00000c1c       0x2d c:/program files (x86)/atollic/truestudio for stm32 9.1.0/armtools/bin/../lib/gcc/arm-atollic-eabi/6.3.1/../../../../arm-atollic-eabi/lib/armv7-m\libm.a(lib_a-s_fabs.o)
 .ARM.attributes
                0x00000c49       0x2d c:/program files (x86)/atollic/truestudio for stm32 9.1.0/armtools/bin/../lib/gcc/arm-atollic-eabi/6.3.1/../../../../arm-atollic-eabi/lib/armv7-m\libm.a(lib_a-s_finite.o)
 .ARM.attributes
                0x00000c76       0x2d c:/program files (x86)/atollic/truestudio for stm32 9.1.0/armtools/bin/../lib/gcc/arm-atollic-eabi/6.3.1/../../../../arm-atollic-eabi/lib/armv7-m\libm.a(lib_a-s_lib_ver.o)
 .ARM.attributes
                0x00000ca3       0x2d c:/program files (x86)/atollic/truestudio for stm32 9.1.0/armtools/bin/../lib/gcc/arm-atollic-eabi/6.3.1/../../../../arm-atollic-eabi/lib/armv7-m\libm.a(lib_a-s_matherr.o)
 .ARM.attributes
                0x00000cd0       0x2d c:/program files (x86)/atollic/truestudio for stm32 9.1.0/armtools/bin/../lib/gcc/arm-atollic-eabi/6.3.1/../../../../arm-atollic-eabi/lib/armv7-m\libm.a(lib_a-s_nan.o)
 .ARM.attributes
                0x00000cfd       0x2d c:/program files (x86)/atollic/truestudio for stm32 9.1.0/armtools/bin/../lib/gcc/arm-atollic-eabi/6.3.1/../../../../arm-atollic-eabi/lib/armv7-m\libm.a(lib_a-s_rint.o)
 .ARM.attributes
                0x00000d2a       0x2d c:/program files (x86)/atollic/truestudio for stm32 9.1.0/armtools/bin/../lib/gcc/arm-atollic-eabi/6.3.1/../../../../arm-atollic-eabi/lib/armv7-m\libm.a(lib_a-s_scalbn.o)
 .ARM.attributes
                0x00000d57       0x2d c:/program files (x86)/atollic/truestudio for stm32 9.1.0/armtools/bin/../lib/gcc/arm-atollic-eabi/6.3.1/../../../../arm-atollic-eabi/lib/armv7-m\libm.a(lib_a-sf_atan.o)
 .ARM.attributes
                0x00000d84       0x2d c:/program files (x86)/atollic/truestudio for stm32 9.1.0/armtools/bin/../lib/gcc/arm-atollic-eabi/6.3.1/../../../../arm-atollic-eabi/lib/armv7-m\libm.a(lib_a-sf_fabs.o)
 .ARM.attributes
                0x00000db1       0x2d c:/program files (x86)/atollic/truestudio for stm32 9.1.0/armtools/bin/../lib/gcc/arm-atollic-eabi/6.3.1/../../../../arm-atollic-eabi/lib/armv7-m\libm.a(lib_a-sf_finite.o)
 .ARM.attributes
                0x00000dde       0x2d c:/program files (x86)/atollic/truestudio for stm32 9.1.0/armtools/bin/../lib/gcc/arm-atollic-eabi/6.3.1/../../../../arm-atollic-eabi/lib/armv7-m\libm.a(lib_a-sf_scalbn.o)
 .ARM.attributes
                0x00000e0b       0x2d c:/program files (x86)/atollic/truestudio for stm32 9.1.0/armtools/bin/../lib/gcc/arm-atollic-eabi/6.3.1/../../../../arm-atollic-eabi/lib/armv7-m\libm.a(lib_a-s_copysign.o)
 .ARM.attributes
                0x00000e38       0x2d c:/program files (x86)/atollic/truestudio for stm32 9.1.0/armtools/bin/../lib/gcc/arm-atollic-eabi/6.3.1/../../../../arm-atollic-eabi/lib/armv7-m\libm.a(lib_a-sf_copysign.o)
 .ARM.attributes
                0x00000e65       0x2d c:/program files (x86)/atollic/truestudio for stm32 9.1.0/armtools/bin/../lib/gcc/arm-atollic-eabi/6.3.1/../../../../arm-atollic-eabi/lib/armv7-m\libc_nano.a(lib_a-errno.o)
 .ARM.attributes
                0x00000e92       0x1d c:/program files (x86)/atollic/truestudio for stm32 9.1.0/armtools/bin/../lib/gcc/arm-atollic-eabi/6.3.1/armv7-m\libgcc.a(_arm_addsubdf3.o)
 .ARM.attributes
                0x00000eaf       0x1d c:/program files (x86)/atollic/truestudio for stm32 9.1.0/armtools/bin/../lib/gcc/arm-atollic-eabi/6.3.1/armv7-m\libgcc.a(_arm_muldivdf3.o)
 .ARM.attributes
                0x00000ecc       0x1d c:/program files (x86)/atollic/truestudio for stm32 9.1.0/armtools/bin/../lib/gcc/arm-atollic-eabi/6.3.1/armv7-m\libgcc.a(_arm_cmpdf2.o)
 .ARM.attributes
                0x00000ee9       0x1d c:/program files (x86)/atollic/truestudio for stm32 9.1.0/armtools/bin/../lib/gcc/arm-atollic-eabi/6.3.1/armv7-m\libgcc.a(_arm_unorddf2.o)
 .ARM.attributes
                0x00000f06       0x1d c:/program files (x86)/atollic/truestudio for stm32 9.1.0/armtools/bin/../lib/gcc/arm-atollic-eabi/6.3.1/armv7-m\libgcc.a(_arm_truncdfsf2.o)
 .ARM.attributes
                0x00000f23       0x1d c:/program files (x86)/atollic/truestudio for stm32 9.1.0/armtools/bin/../lib/gcc/arm-atollic-eabi/6.3.1/armv7-m\libgcc.a(_arm_addsubsf3.o)
 .ARM.attributes
                0x00000f40       0x1d c:/program files (x86)/atollic/truestudio for stm32 9.1.0/armtools/bin/../lib/gcc/arm-atollic-eabi/6.3.1/armv7-m\libgcc.a(_arm_muldivsf3.o)
 .ARM.attributes
                0x00000f5d       0x1d c:/program files (x86)/atollic/truestudio for stm32 9.1.0/armtools/bin/../lib/gcc/arm-atollic-eabi/6.3.1/armv7-m\libgcc.a(_arm_cmpsf2.o)
 .ARM.attributes
                0x00000f7a       0x1d c:/program files (x86)/atollic/truestudio for stm32 9.1.0/armtools/bin/../lib/gcc/arm-atollic-eabi/6.3.1/armv7-m\libgcc.a(_arm_unordsf2.o)
 .ARM.attributes
                0x00000f97       0x1d c:/program files (x86)/atollic/truestudio for stm32 9.1.0/armtools/bin/../lib/gcc/arm-atollic-eabi/6.3.1/armv7-m\libgcc.a(_arm_fixsfsi.o)
 .ARM.attributes
                0x00000fb4       0x2d c:/program files (x86)/atollic/truestudio for stm32 9.1.0/armtools/bin/../lib/gcc/arm-atollic-eabi/6.3.1/../../../../arm-atollic-eabi/lib/armv7-m\libnosys.a(sbrk.o)
 .ARM.attributes
                0x00000fe1       0x1d c:/program files (x86)/atollic/truestudio for stm32 9.1.0/armtools/bin/../lib/gcc/arm-atollic-eabi/6.3.1/armv7-m/crtn.o
OUTPUT(CanRotor_Mini.elf elf32-littlearm)

.debug_info     0x00000000    0x3cfe3
 .debug_info    0x00000000      0xfba Drivers\STM32F1xx_HAL_Driver\Src\stm32f1xx_hal.o
 .debug_info    0x00000fba     0x165b Drivers\STM32F1xx_HAL_Driver\Src\stm32f1xx_hal_adc.o
 .debug_info    0x00002615     0x1463 Drivers\STM32F1xx_HAL_Driver\Src\stm32f1xx_hal_cortex.o
 .debug_info    0x00003a78     0x1001 Drivers\STM32F1xx_HAL_Driver\Src\stm32f1xx_hal_dma.o
 .debug_info    0x00004a79      0xe7c Drivers\STM32F1xx_HAL_Driver\Src\stm32f1xx_hal_gpio.o
 .debug_info    0x000058f5     0x38a4 Drivers\STM32F1xx_HAL_Driver\Src\stm32f1xx_hal_i2c.o
 .debug_info    0x00009199     0x11f7 Drivers\STM32F1xx_HAL_Driver\Src\stm32f1xx_hal_rcc.o
 .debug_info    0x0000a390      0xc57 Drivers\STM32F1xx_HAL_Driver\Src\stm32f1xx_hal_rcc_ex.o
 .debug_info    0x0000afe7     0x3b73 Drivers\STM32F1xx_HAL_Driver\Src\stm32f1xx_hal_tim.o
 .debug_info    0x0000eb5a     0x1943 Drivers\STM32F1xx_HAL_Driver\Src\stm32f1xx_hal_tim_ex.o
 .debug_info    0x0001049d     0x1e00 Drivers\STM32F1xx_HAL_Driver\Src\stm32f1xx_hal_uart.o
 .debug_info    0x0001229d     0x2e7f Inc\EEPROM.o
 .debug_info    0x0001511c     0x2433 Inc\GPS.o
 .debug_info    0x0001754f     0x214f Inc\I2C.o
 .debug_info    0x0001969e     0x2670 Inc\IMU.o
 .debug_info    0x0001bd0e     0x1d98 Inc\LED_control.o
 .debug_info    0x0001daa6     0x1d63 Inc\Mixer.o
 .debug_info    0x0001f809     0x1f47 Inc\PID.o
 .debug_info    0x00021750     0x1cfd Inc\PWM.o
 .debug_info    0x0002344d     0x1dba Inc\Queue.o
 .debug_info    0x00025207     0x2079 Inc\Radio.o
 .debug_info    0x00027280     0x4303 Inc\Sensor.o
 .debug_info    0x0002b583     0x27b4 Inc\Serial.o
 .debug_info    0x0002dd37     0x1c9c Inc\System.o
 .debug_info    0x0002f9d3     0x2162 Inc\hangul\PHan_Lib.o
 .debug_info    0x00031b35     0x26a0 Inc\ssd1306.o
 .debug_info    0x000341d5     0x3673 Src\main.o
 .debug_info    0x00037848     0x2aae Src\stm32f1xx_hal_msp.o
 .debug_info    0x0003a2f6     0x2064 Src\stm32f1xx_it.o
 .debug_info    0x0003c35a      0xc07 Src\system_stm32f1xx.o
 .debug_info    0x0003cf61       0x82 startup\startup_stm32f103xb.o

.debug_abbrev   0x00000000     0x5dba
 .debug_abbrev  0x00000000      0x308 Drivers\STM32F1xx_HAL_Driver\Src\stm32f1xx_hal.o
 .debug_abbrev  0x00000308      0x2fb Drivers\STM32F1xx_HAL_Driver\Src\stm32f1xx_hal_adc.o
 .debug_abbrev  0x00000603      0x399 Drivers\STM32F1xx_HAL_Driver\Src\stm32f1xx_hal_cortex.o
 .debug_abbrev  0x0000099c      0x29e Drivers\STM32F1xx_HAL_Driver\Src\stm32f1xx_hal_dma.o