Archive member included to satisfy reference by file (symbol)

c:/program files (x86)/atollic/truestudio for stm32 9.1.0/armtools/bin/../lib/gcc/arm-atollic-eabi/6.3.1/../../../../arm-atollic-eabi/lib/armv7-m\libc.a(lib_a-atof.o)
                              Inc\GPS.o (atof)
c:/program files (x86)/atollic/truestudio for stm32 9.1.0/armtools/bin/../lib/gcc/arm-atollic-eabi/6.3.1/../../../../arm-atollic-eabi/lib/armv7-m\libc.a(lib_a-atoi.o)
                              Inc\GPS.o (atoi)
c:/program files (x86)/atollic/truestudio for stm32 9.1.0/armtools/bin/../lib/gcc/arm-atollic-eabi/6.3.1/../../../../arm-atollic-eabi/lib/armv7-m\libc.a(lib_a-atol.o)
                              Inc\GPS.o (atol)
c:/program files (x86)/atollic/truestudio for stm32 9.1.0/armtools/bin/../lib/gcc/arm-atollic-eabi/6.3.1/../../../../arm-atollic-eabi/lib/armv7-m\libc.a(lib_a-init.o)
                              startup\startup_stm32f103xb.o (__libc_init_array)
c:/program files (x86)/atollic/truestudio for stm32 9.1.0/armtools/bin/../lib/gcc/arm-atollic-eabi/6.3.1/../../../../arm-atollic-eabi/lib/armv7-m\libc.a(lib_a-memcpy-stub.o)
                              Inc\EEPROM.o (memcpy)
c:/program files (x86)/atollic/truestudio for stm32 9.1.0/armtools/bin/../lib/gcc/arm-atollic-eabi/6.3.1/../../../../arm-atollic-eabi/lib/armv7-m\libc.a(lib_a-memset.o)
                              Drivers\STM32F1xx_HAL_Driver\Src\stm32f1xx_hal_rcc.o (memset)
c:/program files (x86)/atollic/truestudio for stm32 9.1.0/armtools/bin/../lib/gcc/arm-atollic-eabi/6.3.1/../../../../arm-atollic-eabi/lib/armv7-m\libc.a(lib_a-putchar.o)
                              Inc\hangul\PHan_Lib.o (putchar)
c:/program files (x86)/atollic/truestudio for stm32 9.1.0/armtools/bin/../lib/gcc/arm-atollic-eabi/6.3.1/../../../../arm-atollic-eabi/lib/armv7-m\libc.a(lib_a-puts.o)
                              Inc\hangul\PHan_Lib.o (puts)
c:/program files (x86)/atollic/truestudio for stm32 9.1.0/armtools/bin/../lib/gcc/arm-atollic-eabi/6.3.1/../../../../arm-atollic-eabi/lib/armv7-m\libc.a(lib_a-sprintf.o)
                              Inc\EEPROM.o (sprintf)
c:/program files (x86)/atollic/truestudio for stm32 9.1.0/armtools/bin/../lib/gcc/arm-atollic-eabi/6.3.1/../../../../arm-atollic-eabi/lib/armv7-m\libc.a(lib_a-strchr.o)
                              Inc\GPS.o (strchr)
c:/program files (x86)/atollic/truestudio for stm32 9.1.0/armtools/bin/../lib/gcc/arm-atollic-eabi/6.3.1/../../../../arm-atollic-eabi/lib/armv7-m\libc.a(lib_a-strcpy.o)
                              Inc\EEPROM.o (strcpy)
c:/program files (x86)/atollic/truestudio for stm32 9.1.0/armtools/bin/../lib/gcc/arm-atollic-eabi/6.3.1/../../../../arm-atollic-eabi/lib/armv7-m\libc.a(lib_a-strlen.o)
                              Inc\EEPROM.o (strlen)
c:/program files (x86)/atollic/truestudio for stm32 9.1.0/armtools/bin/../lib/gcc/arm-atollic-eabi/6.3.1/../../../../arm-atollic-eabi/lib/armv7-m\libc.a(lib_a-strncpy.o)
                              Inc\GPS.o (strncpy)
c:/program files (x86)/atollic/truestudio for stm32 9.1.0/armtools/bin/../lib/gcc/arm-atollic-eabi/6.3.1/../../../../arm-atollic-eabi/lib/armv7-m\libc.a(lib_a-strstr.o)
                              Inc\GPS.o (strstr)
c:/program files (x86)/atollic/truestudio for stm32 9.1.0/armtools/bin/../lib/gcc/arm-atollic-eabi/6.3.1/../../../../arm-atollic-eabi/lib/armv7-m\libc.a(lib_a-strtod.o)
                              c:/program files (x86)/atollic/truestudio for stm32 9.1.0/armtools/bin/../lib/gcc/arm-atollic-eabi/6.3.1/../../../../arm-atollic-eabi/lib/armv7-m\libc.a(lib_a-atof.o) (strtod)
c:/program files (x86)/atollic/truestudio for stm32 9.1.0/armtools/bin/../lib/gcc/arm-atollic-eabi/6.3.1/../../../../arm-atollic-eabi/lib/armv7-m\libc.a(lib_a-strtol.o)
                              c:/program files (x86)/atollic/truestudio for stm32 9.1.0/armtools/bin/../lib/gcc/arm-atollic-eabi/6.3.1/../../../../arm-atollic-eabi/lib/armv7-m\libc.a(lib_a-atoi.o) (_strtol_r)
c:/program files (x86)/atollic/truestudio for stm32 9.1.0/armtools/bin/../lib/gcc/arm-atollic-eabi/6.3.1/../../../../arm-atollic-eabi/lib/armv7-m\libc.a(lib_a-svfprintf.o)
                              c:/program files (x86)/atollic/truestudio for stm32 9.1.0/armtools/bin/../lib/gcc/arm-atollic-eabi/6.3.1/../../../../arm-atollic-eabi/lib/armv7-m\libc.a(lib_a-sprintf.o) (_svfprintf_r)
c:/program files (x86)/atollic/truestudio for stm32 9.1.0/armtools/bin/../lib/gcc/arm-atollic-eabi/6.3.1/../../../../arm-atollic-eabi/lib/armv7-m\libc.a(lib_a-vsnprintf.o)
                              Inc\ssd1306.o (vsnprintf)
c:/program files (x86)/atollic/truestudio for stm32 9.1.0/armtools/bin/../lib/gcc/arm-atollic-eabi/6.3.1/../../../../arm-atollic-eabi/lib/armv7-m\libc.a(lib_a-dtoa.o)
                              c:/program files (x86)/atollic/truestudio for stm32 9.1.0/armtools/bin/../lib/gcc/arm-atollic-eabi/6.3.1/../../../../arm-atollic-eabi/lib/armv7-m\libc.a(lib_a-svfprintf.o) (_dtoa_r)
[...]
Memory Configuration

Name             Origin             Length             Attributes
FLASH            0x08000000         0x00020000         xr
RAM              0x20000000         0x00005000         xrw
MEMORY_B1        0x60000000         0x00000000         xr
*default*        0x00000000         0xffffffff

Linker script and memory map

LOAD c:/program files (x86)/atollic/truestudio for stm32 9.1.0/armtools/bin/../lib/gcc/arm-atollic-eabi/6.3.1/armv7-m/crti.o
LOAD c:/program files (x86)/atollic/truestudio for stm32 9.1.0/armtools/bin/../lib/gcc/arm-atollic-eabi/6.3.1/armv7-m/crtbegin.o
LOAD Drivers\STM32F1xx_HAL_Driver\Src\stm32f1xx_hal.o
LOAD Drivers\STM32F1xx_HAL_Driver\Src\stm32f1xx_hal_adc.o
LOAD Drivers\STM32F1xx_HAL_Driver\Src\stm32f1xx_hal_adc_ex.o
LOAD Drivers\STM32F1xx_HAL_Driver\Src\stm32f1xx_hal_cortex.o
LOAD Drivers\STM32F1xx_HAL_Driver\Src\stm32f1xx_hal_dma.o
LOAD Drivers\STM32F1xx_HAL_Driver\Src\stm32f1xx_hal_flash.o
LOAD Drivers\STM32F1xx_HAL_Driver\Src\stm32f1xx_hal_flash_ex.o
LOAD Drivers\STM32F1xx_HAL_Driver\Src\stm32f1xx_hal_gpio.o
LOAD Drivers\STM32F1xx_HAL_Driver\Src\stm32f1xx_hal_gpio_ex.o
LOAD Drivers\STM32F1xx_HAL_Driver\Src\stm32f1xx_hal_i2c.o
LOAD Drivers\STM32F1xx_HAL_Driver\Src\stm32f1xx_hal_pwr.o
LOAD Drivers\STM32F1xx_HAL_Driver\Src\stm32f1xx_hal_rcc.o
LOAD Drivers\STM32F1xx_HAL_Driver\Src\stm32f1xx_hal_rcc_ex.o
LOAD Drivers\STM32F1xx_HAL_Driver\Src\stm32f1xx_hal_tim.o
LOAD Drivers\STM32F1xx_HAL_Driver\Src\stm32f1xx_hal_tim_ex.o
LOAD Drivers\STM32F1xx_HAL_Driver\Src\stm32f1xx_hal_uart.o
LOAD Inc\EEPROM.o
LOAD Inc\GFX.o
LOAD Inc\GPS.o
LOAD Inc\I2C.o
LOAD Inc\IMU.o
LOAD Inc\LED_control.o
LOAD Inc\Mixer.o
LOAD Inc\PID.o
LOAD Inc\PWM.o
LOAD Inc\Queue.o
LOAD Inc\Radio.o
LOAD Inc\Sensor.o
LOAD Inc\Serial.o
LOAD Inc\System.o
LOAD Inc\fonts.o
LOAD Inc\hangul\PHan_Lib.o
LOAD Inc\ssd1306.o
LOAD Src\main.o
LOAD Src\stm32f1xx_hal_msp.o
LOAD Src\stm32f1xx_it.o
LOAD Src\system_stm32f1xx.o
LOAD startup\startup_stm32f103xb.o
                0x00000080                malloc_getpagesize_P = 0x80
START GROUP
LOAD c:/program files (x86)/atollic/truestudio for stm32 9.1.0/armtools/bin/../lib/gcc/arm-atollic-eabi/6.3.1/../../../../arm-atollic-eabi/lib/armv7-m\libc.a
LOAD c:/program files (x86)/atollic/truestudio for stm32 9.1.0/armtools/bin/../lib/gcc/arm-atollic-eabi/6.3.1/../../../../arm-atollic-eabi/lib/armv7-m\libm.a
END GROUP
START GROUP
LOAD c:/program files (x86)/atollic/truestudio for stm32 9.1.0/armtools/bin/../lib/gcc/arm-atollic-eabi/6.3.1/armv7-m\libgcc.a
LOAD c:/program files (x86)/atollic/truestudio for stm32 9.1.0/armtools/bin/../lib/gcc/arm-atollic-eabi/6.3.1/../../../../arm-atollic-eabi/lib/armv7-m\libc.a
END GROUP
START GROUP
LOAD c:/program files (x86)/atollic/truestudio for stm32 9.1.0/armtools/bin/../lib/gcc/arm-atollic-eabi/6.3.1/armv7-m\libgcc.a
LOAD c:/program files (x86)/atollic/truestudio for stm32 9.1.0/armtools/bin/../lib/gcc/arm-atollic-eabi/6.3.1/../../../../arm-atollic-eabi/lib/armv7-m\libc.a
LOAD c:/program files (x86)/atollic/truestudio for stm32 9.1.0/armtools/bin/../lib/gcc/arm-atollic-eabi/6.3.1/../../../../arm-atollic-eabi/lib/armv7-m\libnosys.a
END GROUP
LOAD c:/program files (x86)/atollic/truestudio for stm32 9.1.0/armtools/bin/../lib/gcc/arm-atollic-eabi/6.3.1/armv7-m/crtend.o
LOAD c:/program files (x86)/atollic/truestudio for stm32 9.1.0/armtools/bin/../lib/gcc/arm-atollic-eabi/6.3.1/armv7-m/crtn.o
                0x20005000                _estack = 0x20005000
                0x00000000                _Min_Heap_Size = 0x0
                0x00000100                _Min_Stack_Size = 0x100

.isr_vector     0x08000000      0x10c
                0x08000000                . = ALIGN (0x4)
 *(.isr_vector)
 .isr_vector    0x08000000      0x10c startup\startup_stm32f103xb.o
                0x08000000                g_pfnVectors
                0x0800010c                . = ALIGN (0x4)

.text           0x08000110     0xda50
                0x08000110                . = ALIGN (0x4)
 *(.text)
 .text          0x08000110       0x40 c:/program files (x86)/atollic/truestudio for stm32 9.1.0/armtools/bin/../lib/gcc/arm-atollic-eabi/6.3.1/armv7-m/crtbegin.o
 .text          0x08000150       0x10 c:/program files (x86)/atollic/truestudio for stm32 9.1.0/armtools/bin/../lib/gcc/arm-atollic-eabi/6.3.1/../../../../arm-atollic-eabi/lib/armv7-m\libc.a(lib_a-strlen.o)
                0x08000150                strlen
 .text          0x08000160      0x370 c:/program files (x86)/atollic/truestudio for stm32 9.1.0/armtools/bin/../lib/gcc/arm-atollic-eabi/6.3.1/armv7-m\libgcc.a(_arm_addsubdf3.o)
                0x08000160                __aeabi_drsub
                0x08000168                __aeabi_dsub
                0x08000168                __subdf3
                0x0800016c                __aeabi_dadd
                0x0800016c                __adddf3
                0x080003e4                __floatunsidf
                0x080003e4                __aeabi_ui2d
                0x08000404                __floatsidf
                0x08000404                __aeabi_i2d
                0x08000428                __aeabi_f2d
                0x08000428                __extendsfdf2
                0x08000464                __floatundidf
                0x08000464                __aeabi_ul2d
                0x08000474                __floatdidf
                0x08000474                __aeabi_l2d
 .text          0x080004d0      0x424 c:/program files (x86)/atollic/truestudio for stm32 9.1.0/armtools/bin/../lib/gcc/arm-atollic-eabi/6.3.1/armv7-m\libgcc.a(_arm_muldivdf3.o)
                0x080004d0                __aeabi_dmul
                0x080004d0                __muldf3
                0x08000724                __divdf3
                0x08000724                __aeabi_ddiv
 .text          0x080008f4      0x110 c:/program files (x86)/atollic/truestudio for stm32 9.1.0/armtools/bin/../lib/gcc/arm-atollic-eabi/6.3.1/armv7-m\libgcc.a(_arm_cmpdf2.o)
                0x080008f4                __gtdf2
                0x080008f4                __gedf2
                0x080008fc                __ltdf2
                0x080008fc                __ledf2
                0x08000904                __nedf2
                0x08000904                __eqdf2
                0x08000904                __cmpdf2
                0x08000980                __aeabi_cdrcmple
                0x08000990                __aeabi_cdcmpeq
                0x08000990                __aeabi_cdcmple
                0x080009a0                __aeabi_dcmpeq
                0x080009b4                __aeabi_dcmplt
                0x080009c8                __aeabi_dcmple
                0x080009dc                __aeabi_dcmpge
                0x080009f0                __aeabi_dcmpgt
 .text          0x08000a04       0x2c c:/program files (x86)/atollic/truestudio for stm32 9.1.0/armtools/bin/../lib/gcc/arm-atollic-eabi/6.3.1/armv7-m\libgcc.a(_arm_unorddf2.o)
                0x08000a04                __unorddf2
                0x08000a04                __aeabi_dcmpun
 .text          0x08000a30       0x50 c:/program files (x86)/atollic/truestudio for stm32 9.1.0/armtools/bin/../lib/gcc/arm-atollic-eabi/6.3.1/armv7-m\libgcc.a(_arm_fixdfsi.o)
                0x08000a30                __aeabi_d2iz
                0x08000a30                __fixdfsi
 .text          0x08000a80       0xa0 c:/program files (x86)/atollic/truestudio for stm32 9.1.0/armtools/bin/../lib/gcc/arm-atollic-eabi/6.3.1/armv7-m\libgcc.a(_arm_truncdfsf2.o)
                0x08000a80                __truncdfsf2
                0x08000a80                __aeabi_d2f
 .text          0x08000b20      0x21c c:/program files (x86)/atollic/truestudio for stm32 9.1.0/armtools/bin/../lib/gcc/arm-atollic-eabi/6.3.1/armv7-m\libgcc.a(_arm_addsubsf3.o)
                0x08000b20                __aeabi_frsub
                0x08000b28                __subsf3
                0x08000b28                __aeabi_fsub
                0x08000b2c                __aeabi_fadd
                0x08000b2c                __addsf3
                0x08000c8c                __aeabi_ui2f
                0x08000c8c                __floatunsisf
                0x08000c94                __aeabi_i2f
                0x08000c94                __floatsisf
                0x08000cb0                __aeabi_ul2f
                0x08000cb0                __floatundisf
                0x08000cc0                __aeabi_l2f
                0x08000cc0                __floatdisf
 .text          0x08000d3c      0x2a0 c:/program files (x86)/atollic/truestudio for stm32 9.1.0/armtools/bin/../lib/gcc/arm-atollic-eabi/6.3.1/armv7-m\libgcc.a(_arm_muldivsf3.o)
                0x08000d3c                __mulsf3
                0x08000d3c                __aeabi_fmul
                0x08000ea4                __aeabi_fdiv
                0x08000ea4                __divsf3
 .text          0x08000fdc       0xec c:/program files (x86)/atollic/truestudio for stm32 9.1.0/armtools/bin/../lib/gcc/arm-atollic-eabi/6.3.1/armv7-m\libgcc.a(_arm_cmpsf2.o)
                0x08000fdc                __gesf2
                0x08000fdc                __gtsf2
                0x08000fe4                __lesf2
                0x08000fe4                __ltsf2
                0x08000fec                __nesf2
                0x08000fec                __eqsf2
                0x08000fec                __cmpsf2
                0x0800104c                __aeabi_cfrcmple
                0x08001054                __aeabi_cfcmpeq
                0x08001054                __aeabi_cfcmple
                0x08001064                __aeabi_fcmpeq
                0x08001078                __aeabi_fcmplt
                0x0800108c                __aeabi_fcmple
                0x080010a0                __aeabi_fcmpge
                0x080010b4                __aeabi_fcmpgt
 .text          0x080010c8       0x2c c:/program files (x86)/atollic/truestudio for stm32 9.1.0/armtools/bin/../lib/gcc/arm-atollic-eabi/6.3.1/armv7-m\libgcc.a(_arm_unordsf2.o)
                0x080010c8                __unordsf2
                0x080010c8                __aeabi_fcmpun
 .text          0x080010f4       0x4c c:/program files (x86)/atollic/truestudio for stm32 9.1.0/armtools/bin/../lib/gcc/arm-atollic-eabi/6.3.1/armv7-m\libgcc.a(_arm_fixsfsi.o)
                0x080010f4                __aeabi_f2iz
                0x080010f4                __fixsfsi
 .text          0x08001140       0x30 c:/program files (x86)/atollic/truestudio for stm32 9.1.0/armtools/bin/../lib/gcc/arm-atollic-eabi/6.3.1/armv7-m\libgcc.a(_aeabi_uldivmod.o)
                0x08001140                __aeabi_uldivmod
 .text          0x08001170      0x2dc c:/program files (x86)/atollic/truestudio for stm32 9.1.0/armtools/bin/../lib/gcc/arm-atollic-eabi/6.3.1/armv7-m\libgcc.a(_udivmoddi4.o)
                0x08001170                __udivmoddi4
 .text          0x0800144c        0x4 c:/program files (x86)/atollic/truestudio for stm32 9.1.0/armtools/bin/../lib/gcc/arm-atollic-eabi/6.3.1/armv7-m\libgcc.a(_dvmd_tls.o)
                0x0800144c                __aeabi_idiv0
                0x0800144c                __aeabi_ldiv0
 *(.text*)
 .text.HAL_InitTick
                0x08001450       0x48 Drivers\STM32F1xx_HAL_Driver\Src\stm32f1xx_hal.o
                0x08001450                HAL_InitTick
 .text.HAL_Init
                0x08001498       0x24 Drivers\STM32F1xx_HAL_Driver\Src\stm32f1xx_hal.o
                0x08001498                HAL_Init
 .text.HAL_IncTick
                0x080014bc       0x18 Drivers\STM32F1xx_HAL_Driver\Src\stm32f1xx_hal.o
                0x080014bc                HAL_IncTick
 .text.HAL_GetTick
                0x080014d4        0xc Drivers\STM32F1xx_HAL_Driver\Src\stm32f1xx_hal.o
                0x080014d4                HAL_GetTick
 .text.HAL_Delay
                0x080014e0       0x24 Drivers\STM32F1xx_HAL_Driver\Src\stm32f1xx_hal.o
                0x080014e0                HAL_Delay
 .text.HAL_ADC_PollForConversion
                0x08001504      0x13c Drivers\STM32F1xx_HAL_Driver\Src\stm32f1xx_hal_adc.o
                0x08001504                HAL_ADC_PollForConversion
 .text.HAL_ADC_GetValue
                0x08001640        0x6 Drivers\STM32F1xx_HAL_Driver\Src\stm32f1xx_hal_adc.o
                0x08001640                HAL_ADC_GetValue
 *fill*         0x08001646        0x2 
 .text.HAL_ADC_ConfigChannel
                0x08001648      0x108 Drivers\STM32F1xx_HAL_Driver\Src\stm32f1xx_hal_adc.o
                0x08001648                HAL_ADC_ConfigChannel
 .text.ADC_Enable
                0x08001750       0x70 Drivers\STM32F1xx_HAL_Driver\Src\stm32f1xx_hal_adc.o
                0x08001750                ADC_Enable
 .text.HAL_ADC_Start
                0x080017c0       0xc4 Drivers\STM32F1xx_HAL_Driver\Src\stm32f1xx_hal_adc.o
                0x080017c0                HAL_ADC_Start
 .text.ADC_ConversionStop_Disable
                0x08001884       0x44 Drivers\STM32F1xx_HAL_Driver\Src\stm32f1xx_hal_adc.o
                0x08001884                ADC_ConversionStop_Disable
 .text.HAL_ADC_Init
                0x080018c8      0x100 Drivers\STM32F1xx_HAL_Driver\Src\stm32f1xx_hal_adc.o
                0x080018c8                HAL_ADC_Init
 .text.HAL_NVIC_SetPriorityGrouping
                0x080019c8       0x24 Drivers\STM32F1xx_HAL_Driver\Src\stm32f1xx_hal_cortex.o
                0x080019c8                HAL_NVIC_SetPriorityGrouping
 .text.HAL_NVIC_SetPriority
                0x080019ec       0x68 Drivers\STM32F1xx_HAL_Driver\Src\stm32f1xx_hal_cortex.o
                0x080019ec                HAL_NVIC_SetPriority
 .text.HAL_NVIC_EnableIRQ
                0x08001a54       0x18 Drivers\STM32F1xx_HAL_Driver\Src\stm32f1xx_hal_cortex.o
                0x08001a54                HAL_NVIC_EnableIRQ
 .text.HAL_SYSTICK_Config
                0x08001a6c       0x2c Drivers\STM32F1xx_HAL_Driver\Src\stm32f1xx_hal_cortex.o
                0x08001a6c                HAL_SYSTICK_Config
 .text.HAL_SYSTICK_CLKSourceConfig
                0x08001a98       0x18 Drivers\STM32F1xx_HAL_Driver\Src\stm32f1xx_hal_cortex.o
                0x08001a98                HAL_SYSTICK_CLKSourceConfig
 .text.HAL_SYSTICK_IRQHandler
                0x08001ab0        0x8 Drivers\STM32F1xx_HAL_Driver\Src\stm32f1xx_hal_cortex.o
                0x08001ab0                HAL_SYSTICK_IRQHandler
 .text.HAL_DMA_Init
                0x08001ab8       0x68 Drivers\STM32F1xx_HAL_Driver\Src\stm32f1xx_hal_dma.o
                0x08001ab8                HAL_DMA_Init
 .text.HAL_DMA_Start_IT
                0x08001b20       0x7a Drivers\STM32F1xx_HAL_Driver\Src\stm32f1xx_hal_dma.o
                0x08001b20                HAL_DMA_Start_IT
 *fill*         0x08001b9a        0x2 
 .text.HAL_DMA_Abort_IT
                0x08001b9c       0x90 Drivers\STM32F1xx_HAL_Driver\Src\stm32f1xx_hal_dma.o
                0x08001b9c                HAL_DMA_Abort_IT
 .text.HAL_DMA_IRQHandler
                0x08001c2c      0x128 Drivers\STM32F1xx_HAL_Driver\Src\stm32f1xx_hal_dma.o
                0x08001c2c                HAL_DMA_IRQHandler
 .text.HAL_GPIO_Init
                0x08001d54      0x1c0 Drivers\STM32F1xx_HAL_Driver\Src\stm32f1xx_hal_gpio.o
                0x08001d54                HAL_GPIO_Init
 .text.HAL_GPIO_WritePin
                0x08001f14        0xa Drivers\STM32F1xx_HAL_Driver\Src\stm32f1xx_hal_gpio.o
                0x08001f14                HAL_GPIO_WritePin
 .text.HAL_GPIO_TogglePin
                0x08001f1e        0x8 Drivers\STM32F1xx_HAL_Driver\Src\stm32f1xx_hal_gpio.o
                0x08001f1e                HAL_GPIO_TogglePin
 .text.I2C_IsAcknowledgeFailed
                0x08001f26       0x2a Drivers\STM32F1xx_HAL_Driver\Src\stm32f1xx_hal_i2c.o
 .text.I2C_WaitOnMasterAddressFlagUntilTimeout
                0x08001f50       0x80 Drivers\STM32F1xx_HAL_Driver\Src\stm32f1xx_hal_i2c.o
 .text.I2C_WaitOnFlagUntilTimeout
                0x08001fd0       0x5c Drivers\STM32F1xx_HAL_Driver\Src\stm32f1xx_hal_i2c.o
 .text.I2C_WaitOnTXEFlagUntilTimeout
                0x0800202c       0x4c Drivers\STM32F1xx_HAL_Driver\Src\stm32f1xx_hal_i2c.o
 .text.I2C_RequestMemoryWrite
                0x08002078       0xa4 Drivers\STM32F1xx_HAL_Driver\Src\stm32f1xx_hal_i2c.o
 .text.I2C_RequestMemoryRead
                0x0800211c       0xf4 Drivers\STM32F1xx_HAL_Driver\Src\stm32f1xx_hal_i2c.o
 .text.I2C_WaitOnRXNEFlagUntilTimeout
                0x08002210       0x5a Drivers\STM32F1xx_HAL_Driver\Src\stm32f1xx_hal_i2c.o
 .text.I2C_WaitOnBTFFlagUntilTimeout
                0x0800226a       0x4c Drivers\STM32F1xx_HAL_Driver\Src\stm32f1xx_hal_i2c.o
 *fill*         0x080022b6        0x2 
 .text.HAL_I2C_Init
                0x080022b8      0x100 Drivers\STM32F1xx_HAL_Driver\Src\stm32f1xx_hal_i2c.o
                0x080022b8                HAL_I2C_Init
 .text.HAL_I2C_Master_Transmit
                0x080023b8      0x1ac Drivers\STM32F1xx_HAL_Driver\Src\stm32f1xx_hal_i2c.o
                0x080023b8                HAL_I2C_Master_Transmit
 .text.HAL_I2C_Master_Receive
                0x08002564      0x304 Drivers\STM32F1xx_HAL_Driver\Src\stm32f1xx_hal_i2c.o
                0x08002564                HAL_I2C_Master_Receive
 .text.HAL_I2C_Mem_Write
                0x08002868      0x12c Drivers\STM32F1xx_HAL_Driver\Src\stm32f1xx_hal_i2c.o
                0x08002868                HAL_I2C_Mem_Write
 .text.HAL_I2C_Mem_Read
                0x08002994      0x240 Drivers\STM32F1xx_HAL_Driver\Src\stm32f1xx_hal_i2c.o
                0x08002994                HAL_I2C_Mem_Read
 .text.HAL_I2C_GetState
                0x08002bd4        0x6 Drivers\STM32F1xx_HAL_Driver\Src\stm32f1xx_hal_i2c.o
                0x08002bd4                HAL_I2C_GetState
 *fill*         0x08002bda        0x2 
 .text.HAL_RCC_OscConfig
                0x08002bdc      0x318 Drivers\STM32F1xx_HAL_Driver\Src\stm32f1xx_hal_rcc.o
                0x08002bdc                HAL_RCC_OscConfig
 .text.HAL_RCC_GetSysClockFreq
                0x08002ef4       0x78 Drivers\STM32F1xx_HAL_Driver\Src\stm32f1xx_hal_rcc.o
                0x08002ef4                HAL_RCC_GetSysClockFreq
 .text.HAL_RCC_ClockConfig
                0x08002f6c      0x148 Drivers\STM32F1xx_HAL_Driver\Src\stm32f1xx_hal_rcc.o
                0x08002f6c                HAL_RCC_ClockConfig
 .text.HAL_RCC_GetHCLKFreq
                0x080030b4        0xc Drivers\STM32F1xx_HAL_Driver\Src\stm32f1xx_hal_rcc.o
                0x080030b4                HAL_RCC_GetHCLKFreq
 .text.HAL_RCC_GetPCLK1Freq
                0x080030c0       0x20 Drivers\STM32F1xx_HAL_Driver\Src\stm32f1xx_hal_rcc.o
                0x080030c0                HAL_RCC_GetPCLK1Freq
 .text.HAL_RCC_GetPCLK2Freq
                0x080030e0       0x20 Drivers\STM32F1xx_HAL_Driver\Src\stm32f1xx_hal_rcc.o
                0x080030e0                HAL_RCC_GetPCLK2Freq
 .text.HAL_RCCEx_PeriphCLKConfig
                0x08003100       0xf0 Drivers\STM32F1xx_HAL_Driver\Src\stm32f1xx_hal_rcc_ex.o
                0x08003100                HAL_RCCEx_PeriphCLKConfig
 .text.HAL_RCCEx_GetPeriphCLKFreq
                0x080031f0       0xec Drivers\STM32F1xx_HAL_Driver\Src\stm32f1xx_hal_rcc_ex.o
                0x080031f0                HAL_RCCEx_GetPeriphCLKFreq
 .text.TIM_OC1_SetConfig
                0x080032dc       0x50 Drivers\STM32F1xx_HAL_Driver\Src\stm32f1xx_hal_tim.o
 .text.TIM_OC3_SetConfig
                0x0800332c       0x54 Drivers\STM32F1xx_HAL_Driver\Src\stm32f1xx_hal_tim.o
 .text.TIM_OC4_SetConfig
                0x08003380       0x44 Drivers\STM32F1xx_HAL_Driver\Src\stm32f1xx_hal_tim.o
 .text.HAL_TIM_PWM_MspInit
                0x080033c4        0x2 Drivers\STM32F1xx_HAL_Driver\Src\stm32f1xx_hal_tim.o
                0x080033c4                HAL_TIM_PWM_MspInit
 .text.HAL_TIM_IC_MspInit
                0x080033c6        0x2 Drivers\STM32F1xx_HAL_Driver\Src\stm32f1xx_hal_tim.o
                0x080033c6                HAL_TIM_IC_MspInit
 .text.HAL_TIM_ConfigClockSource
                0x080033c8      0x172 Drivers\STM32F1xx_HAL_Driver\Src\stm32f1xx_hal_tim.o
                0x080033c8                HAL_TIM_ConfigClockSource
 .text.HAL_TIM_OC_DelayElapsedCallback
                0x0800353a        0x2 Drivers\STM32F1xx_HAL_Driver\Src\stm32f1xx_hal_tim.o
                0x0800353a                HAL_TIM_OC_DelayElapsedCallback
 .text.HAL_TIM_PWM_PulseFinishedCallback
                0x0800353c        0x2 Drivers\STM32F1xx_HAL_Driver\Src\stm32f1xx_hal_tim.o
                0x0800353c                HAL_TIM_PWM_PulseFinishedCallback
 .text.HAL_TIM_TriggerCallback
                0x0800353e        0x2 Drivers\STM32F1xx_HAL_Driver\Src\stm32f1xx_hal_tim.o
                0x0800353e                HAL_TIM_TriggerCallback
 .text.HAL_TIM_IRQHandler
                0x08003540      0x144 Drivers\STM32F1xx_HAL_Driver\Src\stm32f1xx_hal_tim.o
                0x08003540                HAL_TIM_IRQHandler
 .text.TIM_Base_SetConfig
                0x08003684       0x70 Drivers\STM32F1xx_HAL_Driver\Src\stm32f1xx_hal_tim.o
                0x08003684                TIM_Base_SetConfig
 .text.HAL_TIM_Base_Init
                0x080036f4       0x34 Drivers\STM32F1xx_HAL_Driver\Src\stm32f1xx_hal_tim.o
                0x080036f4                HAL_TIM_Base_Init
 .text.HAL_TIM_PWM_Init
                0x08003728       0x34 Drivers\STM32F1xx_HAL_Driver\Src\stm32f1xx_hal_tim.o
                0x08003728                HAL_TIM_PWM_Init
 .text.HAL_TIM_IC_Init
                0x0800375c       0x34 Drivers\STM32F1xx_HAL_Driver\Src\stm32f1xx_hal_tim.o
                0x0800375c                HAL_TIM_IC_Init
 .text.TIM_OC2_SetConfig
                0x08003790       0x58 Drivers\STM32F1xx_HAL_Driver\Src\stm32f1xx_hal_tim.o
                0x08003790                TIM_OC2_SetConfig
 .text.HAL_TIM_PWM_ConfigChannel
                0x080037e8       0xc4 Drivers\STM32F1xx_HAL_Driver\Src\stm32f1xx_hal_tim.o
                0x080037e8                HAL_TIM_PWM_ConfigChannel
 .text.TIM_TI1_SetConfig
                0x080038ac       0x54 Drivers\STM32F1xx_HAL_Driver\Src\stm32f1xx_hal_tim.o
                0x080038ac                TIM_TI1_SetConfig
 .text.HAL_TIM_IC_ConfigChannel
                0x08003900      0x110 Drivers\STM32F1xx_HAL_Driver\Src\stm32f1xx_hal_tim.o
                0x08003900                HAL_TIM_IC_ConfigChannel
 .text.TIM_CCxChannelCmd
                0x08003a10       0x18 Drivers\STM32F1xx_HAL_Driver\Src\stm32f1xx_hal_tim.o
                0x08003a10                TIM_CCxChannelCmd
 .text.HAL_TIM_PWM_Start
                0x08003a28       0x2c Drivers\STM32F1xx_HAL_Driver\Src\stm32f1xx_hal_tim.o
                0x08003a28                HAL_TIM_PWM_Start
 .text.HAL_TIM_IC_Start_IT
                0x08003a54       0x58 Drivers\STM32F1xx_HAL_Driver\Src\stm32f1xx_hal_tim.o
                0x08003a54                HAL_TIM_IC_Start_IT
 .text.HAL_TIMEx_MasterConfigSynchronization
                0x08003aac       0x44 Drivers\STM32F1xx_HAL_Driver\Src\stm32f1xx_hal_tim_ex.o
                0x08003aac                HAL_TIMEx_MasterConfigSynchronization
 .text.HAL_TIMEx_CommutationCallback
                0x08003af0        0x2 Drivers\STM32F1xx_HAL_Driver\Src\stm32f1xx_hal_tim_ex.o
                0x08003af0                HAL_TIMEx_CommutationCallback
 .text.HAL_TIMEx_BreakCallback
                0x08003af2        0x2 Drivers\STM32F1xx_HAL_Driver\Src\stm32f1xx_hal_tim_ex.o
                0x08003af2                HAL_TIMEx_BreakCallback
 .text.UART_EndRxTransfer
                0x08003af4       0x1a Drivers\STM32F1xx_HAL_Driver\Src\stm32f1xx_hal_uart.o
 *fill*         0x08003b0e        0x2 
 .text.UART_SetConfig
                0x08003b10      0x13c Drivers\STM32F1xx_HAL_Driver\Src\stm32f1xx_hal_uart.o
 .text.UART_WaitOnFlagUntilTimeout.constprop.3
                0x08003c4c       0x50 Drivers\STM32F1xx_HAL_Driver\Src\stm32f1xx_hal_uart.o
 .text.HAL_UART_Init
                0x08003c9c       0x5c Drivers\STM32F1xx_HAL_Driver\Src\stm32f1xx_hal_uart.o
                0x08003c9c                HAL_UART_Init
 .text.HAL_UART_Transmit
                0x08003cf8       0xb8 Drivers\STM32F1xx_HAL_Driver\Src\stm32f1xx_hal_uart.o
                0x08003cf8                HAL_UART_Transmit
 .text.HAL_UART_Transmit_DMA
                0x08003db0       0x74 Drivers\STM32F1xx_HAL_Driver\Src\stm32f1xx_hal_uart.o
                0x08003db0                HAL_UART_Transmit_DMA
 .text.HAL_UART_Receive_DMA
                0x08003e24       0x90 Drivers\STM32F1xx_HAL_Driver\Src\stm32f1xx_hal_uart.o
                0x08003e24                HAL_UART_Receive_DMA
 .text.HAL_UART_TxCpltCallback
                0x08003eb4        0x2 Drivers\STM32F1xx_HAL_Driver\Src\stm32f1xx_hal_uart.o
                0x08003eb4                HAL_UART_TxCpltCallback
 .text.UART_DMATransmitCplt
                0x08003eb6       0x2c Drivers\STM32F1xx_HAL_Driver\Src\stm32f1xx_hal_uart.o
 .text.HAL_UART_TxHalfCpltCallback
                0x08003ee2        0x2 Drivers\STM32F1xx_HAL_Driver\Src\stm32f1xx_hal_uart.o
                0x08003ee2                HAL_UART_TxHalfCpltCallback
 .text.UART_DMATxHalfCplt
                0x08003ee4        0xa Drivers\STM32F1xx_HAL_Driver\Src\stm32f1xx_hal_uart.o
 .text.UART_DMAReceiveCplt
                0x08003eee       0x38 Drivers\STM32F1xx_HAL_Driver\Src\stm32f1xx_hal_uart.o
 .text.UART_Receive_IT
                0x08003f26       0x7c Drivers\STM32F1xx_HAL_Driver\Src\stm32f1xx_hal_uart.o
 .text.HAL_UART_RxHalfCpltCallback
                0x08003fa2        0x2 Drivers\STM32F1xx_HAL_Driver\Src\stm32f1xx_hal_uart.o
                0x08003fa2                HAL_UART_RxHalfCpltCallback
 .text.UART_DMARxHalfCplt
                0x08003fa4        0xa Drivers\STM32F1xx_HAL_Driver\Src\stm32f1xx_hal_uart.o
 .text.HAL_UART_ErrorCallback
                0x08003fae        0x2 Drivers\STM32F1xx_HAL_Driver\Src\stm32f1xx_hal_uart.o
                0x08003fae                HAL_UART_ErrorCallback
 .text.UART_DMAError
                0x08003fb0       0x4e Drivers\STM32F1xx_HAL_Driver\Src\stm32f1xx_hal_uart.o
 *fill*         0x08003ffe        0x2 
 .text.HAL_UART_IRQHandler
                0x08004000      0x140 Drivers\STM32F1xx_HAL_Driver\Src\stm32f1xx_hal_uart.o
                0x08004000                HAL_UART_IRQHandler
 .text.UART_DMAAbortOnError
                0x08004140       0x10 Drivers\STM32F1xx_HAL_Driver\Src\stm32f1xx_hal_uart.o
 .text.write_2  0x08004150       0x2c Inc\EEPROM.o
                0x08004150                write_2
 .text.write_1  0x0800417c       0x3e Inc\EEPROM.o
                0x0800417c                write_1
 .text.writeFloat
                0x080041ba       0x16 Inc\EEPROM.o
                0x080041ba                writeFloat
 .text.read_2   0x080041d0       0x50 Inc\EEPROM.o
                0x080041d0                read_2
 .text.read_1   0x08004220       0x30 Inc\EEPROM.o
                0x08004220                read_1
 .text.readFloat
                0x08004250       0x14 Inc\EEPROM.o
                0x08004250                readFloat
 .text.EEPROM_Init
                0x08004264       0x30 Inc\EEPROM.o
                0x08004264                EEPROM_Init
 .text.gps_Init
                0x08004294        0x2 Inc\GPS.o
                0x08004294                gps_Init
 *fill*         0x08004296        0x2 
 .text.I2C_ByteWrite
                0x08004298       0x6c Inc\I2C.o
                0x08004298                I2C_ByteWrite
 .text.I2C_ByteRead
                0x08004304       0x24 Inc\I2C.o
                0x08004304                I2C_ByteRead
 .text.I2C_Write
                0x08004328       0x94 Inc\I2C.o
                0x08004328                I2C_Write
 .text.I2C_Read
                0x080043bc       0x90 Inc\I2C.o
                0x080043bc                I2C_Read
 .text.invSqrt  0x0800444c       0x58 Inc\IMU.o
                0x0800444c                invSqrt
 *fill*         0x080044a4        0x4 
 .text.calculateAngles
                0x080044a8      0x2e0 Inc\IMU.o
                0x080044a8                calculateAngles
 .text.TM_AHRSIMU_Init
                0x08004788       0x24 Inc\IMU.o
                0x08004788                TM_AHRSIMU_Init
 .text.TM_AHRSIMU_UpdateIMU
                0x080047ac      0x544 Inc\IMU.o
                0x080047ac                TM_AHRSIMU_UpdateIMU
 .text.computeIMU
                0x08004cf0       0x3c Inc\IMU.o
                0x08004cf0                computeIMU
 .text.error_signal
                0x08004d2c       0x78 Inc\LED_control.o
                0x08004d2c                error_signal
 .text.flight_mode_signal
                0x08004da4       0x7c Inc\LED_control.o
                0x08004da4                flight_mode_signal
 .text.mixerInit
                0x08004e20       0x24 Inc\Mixer.o
                0x08004e20                mixerInit
 .text.mixTable
                0x08004e44       0xf0 Inc\Mixer.o
                0x08004e44                mixTable
 .text.PIDControlInit
                0x08004f34       0xec Inc\PID.o
                0x08004f34                PIDControlInit
 .text.Control  0x08005020      0x650 Inc\PID.o
                0x08005020                Control
 .text.PwmWriteMotor
                0x08005670       0x28 Inc\PWM.o
                0x08005670                PwmWriteMotor
 .text.Init_Buffer
                0x08005698       0x20 Inc\Queue.o
                0x08005698                Init_Buffer
 .text.QueueCreate
                0x080056b8       0x10 Inc\Queue.o
                0x080056b8                QueueCreate
 .text.Q_full   0x080056c8       0x16 Inc\Queue.o
                0x080056c8                Q_full
 .text.write_Q  0x080056de       0x28 Inc\Queue.o
                0x080056de                write_Q
 *fill*         0x08005706        0x2 
 .text.HAL_TIM_IC_CaptureCallback
                0x08005708      0x168 Inc\Radio.o
                0x08005708                HAL_TIM_IC_CaptureCallback
 .text.getMres  0x08005870       0x28 Inc\Sensor.o
                0x08005870                getMres
 .text.getGres  0x08005898       0x3c Inc\Sensor.o
                0x08005898                getGres
 .text.getAres  0x080058d4       0x34 Inc\Sensor.o
                0x080058d4                getAres
 .text.GYRO_Common
                0x08005908       0x94 Inc\Sensor.o
                0x08005908                GYRO_Common
 .text.Gyro_getADC
                0x0800599c       0x48 Inc\Sensor.o
                0x0800599c                Gyro_getADC
 .text.ACC_Common
                0x080059e4       0xd0 Inc\Sensor.o
                0x080059e4                ACC_Common
 .text.ACC_getADC
                0x08005ab4       0x48 Inc\Sensor.o
                0x08005ab4                ACC_getADC
 .text.MAG_Common
                0x08005afc       0x58 Inc\Sensor.o
                0x08005afc                MAG_Common
 .text.Mag_getADC
                0x08005b54       0x68 Inc\Sensor.o
                0x08005b54                Mag_getADC
 .text.Calibrate_gyro
                0x08005bbc       0xc4 Inc\Sensor.o
                0x08005bbc                Calibrate_gyro
 .text.Temp_getADC
                0x08005c80       0x48 Inc\Sensor.o
                0x08005c80                Temp_getADC
 .text.calibrateMPU9250
                0x08005cc8      0x278 Inc\Sensor.o
                0x08005cc8                calibrateMPU9250
 .text.initAK8963
                0x08005f40       0xd8 Inc\Sensor.o
                0x08005f40                initAK8963
 .text.MPU9250SelfTest
                0x08006018      0x444 Inc\Sensor.o
                0x08006018                MPU9250SelfTest
 .text.MPU9250_Init
                0x0800645c      0x648 Inc\Sensor.o
                0x0800645c                MPU9250_Init
 .text.Baro_Common
                0x08006aa4       0x3c Inc\Sensor.o
                0x08006aa4                Baro_Common
 .text.getEstimatedAltitude
                0x08006ae0      0x134 Inc\Sensor.o
                0x08006ae0                getEstimatedAltitude
 .text.readPressure
                0x08006c14      0x168 Inc\Sensor.o
                0x08006c14                readPressure
 .text.readRegister16
                0x08006d7c       0x28 Inc\Sensor.o
                0x08006d7c                readRegister16
 .text.readRegister24
                0x08006da4       0x2c Inc\Sensor.o
                0x08006da4                readRegister24
 .text.read_barometer
                0x08006dd0      0x340 Inc\Sensor.o
                0x08006dd0                read_barometer
 .text.MS5611_Init
                0x08007110       0xd4 Inc\Sensor.o
                0x08007110                MS5611_Init
 .text.Baro_update
                0x080071e4       0xc0 Inc\Sensor.o
                0x080071e4                Baro_update
 .text.HAL_UART_RxCpltCallback
                0x080072a4       0x48 Inc\Serial.o
                0x080072a4                HAL_UART_RxCpltCallback
 .text.TX_CHR   0x080072ec       0x10 Inc\Serial.o
                0x080072ec                TX_CHR
 .text.serialize8
                0x080072fc       0x18 Inc\Serial.o
                0x080072fc                serialize8
 .text.headSerial
                0x08007314       0x3c Inc\Serial.o
                0x08007314                headSerial
 .text.headSerialSend
                0x08007350        0xa Inc\Serial.o
                0x08007350                headSerialSend
 *fill*         0x0800735a        0x2 
 .text.tailSerialReply
                0x0800735c       0x10 Inc\Serial.o
                0x0800735c                tailSerialReply
 .text.PrintData
                0x0800736c      0x4bc Inc\Serial.o
                0x0800736c                PrintData
 .text.SendTelemetry
                0x08007828       0x4c Inc\Serial.o
                0x08007828                SendTelemetry
 .text.HAL_SYSTICK_Callback
                0x08007874       0x10 Inc\System.o
                0x08007874                HAL_SYSTICK_Callback
 .text.micros   0x08007884       0x30 Inc\System.o
                0x08007884                micros
 .text.millis   0x080078b4        0x4 Inc\System.o
                0x080078b4                millis
 .text.PHan_CnvCodeWan2Johab
                0x080078b8       0x1c Inc\hangul\PHan_Lib.o
                0x080078b8                PHan_CnvCodeWan2Johab
 .text.PHan_HanFontLoad
                0x080078d4       0xe0 Inc\hangul\PHan_Lib.o
                0x080078d4                PHan_HanFontLoad
 .text.PHan_UniFontLoad
                0x080079b4      0x104 Inc\hangul\PHan_Lib.o
                0x080079b4                PHan_UniFontLoad
 .text.PHan_EngFontLoad
                0x08007ab8       0x24 Inc\hangul\PHan_Lib.o
                0x08007ab8                PHan_EngFontLoad
 .text.PHan_FontLoad
                0x08007adc       0x7c Inc\hangul\PHan_Lib.o
                0x08007adc                PHan_FontLoad
 .text.ssd1306_command
                0x08007b58       0x30 Inc\ssd1306.o
                0x08007b58                ssd1306_command
 .text.ssd1306_begin
                0x08007b88       0xd4 Inc\ssd1306.o
                0x08007b88                ssd1306_begin
 .text.display  0x08007c5c       0x58 Inc\ssd1306.o
                0x08007c5c                display
 .text.clearDisplay
                0x08007cb4       0x1c Inc\ssd1306.o
                0x08007cb4                clearDisplay
 .text.drawPixel
                0x08007cd0       0x38 Inc\ssd1306.o
                0x08007cd0                drawPixel
 .text.disHanFont
                0x08007d08       0x74 Inc\ssd1306.o
                0x08007d08                disHanFont
 .text.OLed_printf
                0x08007d7c       0x64 Inc\ssd1306.o
                0x08007d7c                OLed_printf
 .text.Error_Handler
                0x08007de0       0x14 Src\main.o
                0x08007de0                Error_Handler
 .text.SystemClock_Config
                0x08007df4       0xa0 Src\main.o
                0x08007df4                SystemClock_Config
 *fill*         0x08007e94        0x4 
 .text.startup.main
                0x08007e98      0x5c8 Src\main.o
                0x08007e98                main
 .text.HAL_TIM_PeriodElapsedCallback
                0x08008460        0x2 Src\main.o
                0x08008460                HAL_TIM_PeriodElapsedCallback
 *fill*         0x08008462        0x2 
 .text.HAL_MspInit
                0x08008464       0x44 Src\stm32f1xx_hal_msp.o
                0x08008464                HAL_MspInit
 .text.HAL_ADC_MspInit
                0x080084a8       0x5c Src\stm32f1xx_hal_msp.o
                0x080084a8                HAL_ADC_MspInit
 .text.HAL_I2C_MspInit
                0x08008504       0x64 Src\stm32f1xx_hal_msp.o
                0x08008504                HAL_I2C_MspInit
 .text.HAL_TIM_Base_MspInit
                0x08008568       0xfc Src\stm32f1xx_hal_msp.o
                0x08008568                HAL_TIM_Base_MspInit
 .text.HAL_TIM_MspPostInit
                0x08008664       0x50 Src\stm32f1xx_hal_msp.o
                0x08008664                HAL_TIM_MspPostInit
 .text.HAL_UART_MspInit
                0x080086b4      0x1a4 Src\stm32f1xx_hal_msp.o
                0x080086b4                HAL_UART_MspInit
 .text.NMI_Handler
                0x08008858        0x2 Src\stm32f1xx_it.o
                0x08008858                NMI_Handler
 .text.HardFault_Handler
                0x0800885a        0x2 Src\stm32f1xx_it.o
                0x0800885a                HardFault_Handler
 .text.MemManage_Handler
                0x0800885c        0x2 Src\stm32f1xx_it.o
                0x0800885c                MemManage_Handler
 .text.BusFault_Handler
                0x0800885e        0x2 Src\stm32f1xx_it.o
                0x0800885e                BusFault_Handler
 .text.UsageFault_Handler
                0x08008860        0x2 Src\stm32f1xx_it.o
                0x08008860                UsageFault_Handler
 .text.SVC_Handler
                0x08008862        0x2 Src\stm32f1xx_it.o
                0x08008862                SVC_Handler
 .text.DebugMon_Handler
                0x08008864        0x2 Src\stm32f1xx_it.o
                0x08008864                DebugMon_Handler
 .text.PendSV_Handler
                0x08008866        0x2 Src\stm32f1xx_it.o
                0x08008866                PendSV_Handler
 .text.SysTick_Handler
                0x08008868        0xe Src\stm32f1xx_it.o
                0x08008868                SysTick_Handler
 *fill*         0x08008876        0x2 
 .text.DMA1_Channel4_IRQHandler
                0x08008878        0xc Src\stm32f1xx_it.o
                0x08008878                DMA1_Channel4_IRQHandler
 .text.DMA1_Channel5_IRQHandler
                0x08008884        0xc Src\stm32f1xx_it.o
                0x08008884                DMA1_Channel5_IRQHandler
 .text.DMA1_Channel6_IRQHandler
                0x08008890        0xc Src\stm32f1xx_it.o
                0x08008890                DMA1_Channel6_IRQHandler
 .text.DMA1_Channel7_IRQHandler
                0x0800889c        0xc Src\stm32f1xx_it.o
                0x0800889c                DMA1_Channel7_IRQHandler
 .text.TIM2_IRQHandler
                0x080088a8        0xc Src\stm32f1xx_it.o
                0x080088a8                TIM2_IRQHandler
 .text.TIM3_IRQHandler
                0x080088b4        0xc Src\stm32f1xx_it.o
                0x080088b4                TIM3_IRQHandler
 .text.TIM4_IRQHandler
                0x080088c0        0xc Src\stm32f1xx_it.o
                0x080088c0                TIM4_IRQHandler
 .text.USART1_IRQHandler
                0x080088cc        0xc Src\stm32f1xx_it.o
                0x080088cc                USART1_IRQHandler
 .text.USART2_IRQHandler
                0x080088d8        0xc Src\stm32f1xx_it.o
                0x080088d8                USART2_IRQHandler
 .text.SystemInit
                0x080088e4       0x4c Src\system_stm32f1xx.o
                0x080088e4                SystemInit
 .text.Reset_Handler
                0x08008930       0x48 startup\startup_stm32f103xb.o
                0x08008930                Reset_Handler
 .text.Default_Handler
                0x08008978        0x2 startup\startup_stm32f103xb.o
                0x08008978                RTC_Alarm_IRQHandler
                0x08008978                EXTI2_IRQHandler
                0x08008978                TIM1_CC_IRQHandler
                0x08008978                PVD_IRQHandler
                0x08008978                EXTI3_IRQHandler
                0x08008978                EXTI0_IRQHandler
                0x08008978                I2C2_EV_IRQHandler
                0x08008978                ADC1_2_IRQHandler
                0x08008978                SPI1_IRQHandler
                0x08008978                TAMPER_IRQHandler
                0x08008978                USART3_IRQHandler
                0x08008978                RTC_IRQHandler
                0x08008978                CAN1_RX1_IRQHandler
                0x08008978                I2C1_EV_IRQHandler
                0x08008978                RCC_IRQHandler
                0x08008978                TIM1_TRG_COM_IRQHandler
                0x08008978                DMA1_Channel1_IRQHandler
                0x08008978                Default_Handler
                0x08008978                EXTI15_10_IRQHandler
                0x08008978                EXTI9_5_IRQHandler
                0x08008978                SPI2_IRQHandler
                0x08008978                EXTI4_IRQHandler
                0x08008978                USB_LP_CAN1_RX0_IRQHandler
                0x08008978                USB_HP_CAN1_TX_IRQHandler
                0x08008978                DMA1_Channel3_IRQHandler
                0x08008978                TIM1_UP_IRQHandler
                0x08008978                WWDG_IRQHandler
                0x08008978                TIM1_BRK_IRQHandler
                0x08008978                EXTI1_IRQHandler
                0x08008978                I2C2_ER_IRQHandler
                0x08008978                DMA1_Channel2_IRQHandler
                0x08008978                CAN1_SCE_IRQHandler
                0x08008978                FLASH_IRQHandler
                0x08008978                I2C1_ER_IRQHandler
                0x08008978                USBWakeUp_IRQHandler
 *fill*         0x0800897a        0x2 
 .text.__libc_init_array
                0x0800897c       0x48 c:/program files (x86)/atollic/truestudio for stm32 9.1.0/armtools/bin/../lib/gcc/arm-atollic-eabi/6.3.1/../../../../arm-atollic-eabi/lib/armv7-m\libc.a(lib_a-init.o)
                0x0800897c                __libc_init_array
 .text.memcpy   0x080089c4       0x16 c:/program files (x86)/atollic/truestudio for stm32 9.1.0/armtools/bin/../lib/gcc/arm-atollic-eabi/6.3.1/../../../../arm-atollic-eabi/lib/armv7-m\libc.a(lib_a-memcpy-stub.o)
                0x080089c4                memcpy
 .text.memset   0x080089da       0x10 c:/program files (x86)/atollic/truestudio for stm32 9.1.0/armtools/bin/../lib/gcc/arm-atollic-eabi/6.3.1/../../../../arm-atollic-eabi/lib/armv7-m\libc.a(lib_a-memset.o)
                0x080089da                memset
 *fill*         0x080089ea        0x2 
 .text.sprintf  0x080089ec       0x48 c:/program files (x86)/atollic/truestudio for stm32 9.1.0/armtools/bin/../lib/gcc/arm-atollic-eabi/6.3.1/../../../../arm-atollic-eabi/lib/armv7-m\libc.a(lib_a-sprintf.o)
                0x080089ec                sprintf
 .text.strcpy   0x08008a34       0x10 c:/program files (x86)/atollic/truestudio for stm32 9.1.0/armtools/bin/../lib/gcc/arm-atollic-eabi/6.3.1/../../../../arm-atollic-eabi/lib/armv7-m\libc.a(lib_a-strcpy.o)
                0x08008a34                strcpy
 .text._svfprintf_r
                0x08008a44      0xfa0 c:/program files (x86)/atollic/truestudio for stm32 9.1.0/armtools/bin/../lib/gcc/arm-atollic-eabi/6.3.1/../../../../arm-atollic-eabi/lib/armv7-m\libc.a(lib_a-svfprintf.o)
                0x08008a44                _svfprintf_r
 .text._vsnprintf_r
                0x080099e4       0x58 c:/program files (x86)/atollic/truestudio for stm32 9.1.0/armtools/bin/../lib/gcc/arm-atollic-eabi/6.3.1/../../../../arm-atollic-eabi/lib/armv7-m\libc.a(lib_a-vsnprintf.o)
                0x080099e4                _vsnprintf_r
 .text.vsnprintf
                0x08009a3c       0x1c c:/program files (x86)/atollic/truestudio for stm32 9.1.0/armtools/bin/../lib/gcc/arm-atollic-eabi/6.3.1/../../../../arm-atollic-eabi/lib/armv7-m\libc.a(lib_a-vsnprintf.o)
                0x08009a3c                vsnprintf
 .text.quorem   0x08009a58      0x118 c:/program files (x86)/atollic/truestudio for stm32 9.1.0/armtools/bin/../lib/gcc/arm-atollic-eabi/6.3.1/../../../../arm-atollic-eabi/lib/armv7-m\libc.a(lib_a-dtoa.o)
 .text._dtoa_r  0x08009b70      0xba8 c:/program files (x86)/atollic/truestudio for stm32 9.1.0/armtools/bin/../lib/gcc/arm-atollic-eabi/6.3.1/../../../../arm-atollic-eabi/lib/armv7-m\libc.a(lib_a-dtoa.o)
                0x08009b70                _dtoa_r
 .text._localeconv_r
                0x0800a718       0x1c c:/program files (x86)/atollic/truestudio for stm32 9.1.0/armtools/bin/../lib/gcc/arm-atollic-eabi/6.3.1/../../../../arm-atollic-eabi/lib/armv7-m\libc.a(lib_a-localeconv.o)
                0x0800a718                _localeconv_r
 .text.__retarget_lock_acquire_recursive
                0x0800a734        0x2 c:/program files (x86)/atollic/truestudio for stm32 9.1.0/armtools/bin/../lib/gcc/arm-atollic-eabi/6.3.1/../../../../arm-atollic-eabi/lib/armv7-m\libc.a(lib_a-lock.o)
                0x0800a734                __retarget_lock_acquire_recursive
 .text.__retarget_lock_release_recursive
                0x0800a736        0x2 c:/program files (x86)/atollic/truestudio for stm32 9.1.0/armtools/bin/../lib/gcc/arm-atollic-eabi/6.3.1/../../../../arm-atollic-eabi/lib/armv7-m\libc.a(lib_a-lock.o)
                0x0800a736                __retarget_lock_release_recursive
 .text.malloc   0x0800a738       0x10 c:/program files (x86)/atollic/truestudio for stm32 9.1.0/armtools/bin/../lib/gcc/arm-atollic-eabi/6.3.1/../../../../arm-atollic-eabi/lib/armv7-m\libc.a(lib_a-malloc.o)
                0x0800a738                malloc
 .text._malloc_r
                0x0800a748      0x418 c:/program files (x86)/atollic/truestudio for stm32 9.1.0/armtools/bin/../lib/gcc/arm-atollic-eabi/6.3.1/../../../../arm-atollic-eabi/lib/armv7-m\libc.a(lib_a-mallocr.o)
                0x0800a748                _malloc_r
 .text.__ascii_mbtowc
                0x0800ab60       0x24 c:/program files (x86)/atollic/truestudio for stm32 9.1.0/armtools/bin/../lib/gcc/arm-atollic-eabi/6.3.1/../../../../arm-atollic-eabi/lib/armv7-m\libc.a(lib_a-mbtowc_r.o)
                0x0800ab60                __ascii_mbtowc
 .text.memchr   0x0800ab84       0x1c c:/program files (x86)/atollic/truestudio for stm32 9.1.0/armtools/bin/../lib/gcc/arm-atollic-eabi/6.3.1/../../../../arm-atollic-eabi/lib/armv7-m\libc.a(lib_a-memchr-stub.o)
                0x0800ab84                memchr
 .text.memmove  0x0800aba0       0x34 c:/program files (x86)/atollic/truestudio for stm32 9.1.0/armtools/bin/../lib/gcc/arm-atollic-eabi/6.3.1/../../../../arm-atollic-eabi/lib/armv7-m\libc.a(lib_a-memmove.o)
                0x0800aba0                memmove
 .text.__malloc_lock
                0x0800abd4        0xc c:/program files (x86)/atollic/truestudio for stm32 9.1.0/armtools/bin/../lib/gcc/arm-atollic-eabi/6.3.1/../../../../arm-atollic-eabi/lib/armv7-m\libc.a(lib_a-mlock.o)
                0x0800abd4                __malloc_lock
 .text.__malloc_unlock
                0x0800abe0        0xc c:/program files (x86)/atollic/truestudio for stm32 9.1.0/armtools/bin/../lib/gcc/arm-atollic-eabi/6.3.1/../../../../arm-atollic-eabi/lib/armv7-m\libc.a(lib_a-mlock.o)
                0x0800abe0                __malloc_unlock
 .text._Balloc  0x0800abec       0x68 c:/program files (x86)/atollic/truestudio for stm32 9.1.0/armtools/bin/../lib/gcc/arm-atollic-eabi/6.3.1/../../../../arm-atollic-eabi/lib/armv7-m\libc.a(lib_a-mprec.o)
                0x0800abec                _Balloc
 .text._Bfree   0x0800ac54       0x2e c:/program files (x86)/atollic/truestudio for stm32 9.1.0/armtools/bin/../lib/gcc/arm-atollic-eabi/6.3.1/../../../../arm-atollic-eabi/lib/armv7-m\libc.a(lib_a-mprec.o)
                0x0800ac54                _Bfree
 .text.__multadd
                0x0800ac82       0x76 c:/program files (x86)/atollic/truestudio for stm32 9.1.0/armtools/bin/../lib/gcc/arm-atollic-eabi/6.3.1/../../../../arm-atollic-eabi/lib/armv7-m\libc.a(lib_a-mprec.o)
                0x0800ac82                __multadd
 .text.__hi0bits
                0x0800acf8       0x3e c:/program files (x86)/atollic/truestudio for stm32 9.1.0/armtools/bin/../lib/gcc/arm-atollic-eabi/6.3.1/../../../../arm-atollic-eabi/lib/armv7-m\libc.a(lib_a-mprec.o)
                0x0800acf8                __hi0bits
 .text.__lo0bits
                0x0800ad36       0x5e c:/program files (x86)/atollic/truestudio for stm32 9.1.0/armtools/bin/../lib/gcc/arm-atollic-eabi/6.3.1/../../../../arm-atollic-eabi/lib/armv7-m\libc.a(lib_a-mprec.o)
                0x0800ad36                __lo0bits
 .text.__i2b    0x0800ad94       0x12 c:/program files (x86)/atollic/truestudio for stm32 9.1.0/armtools/bin/../lib/gcc/arm-atollic-eabi/6.3.1/../../../../arm-atollic-eabi/lib/armv7-m\libc.a(lib_a-mprec.o)
                0x0800ad94                __i2b
 .text.__multiply
                0x0800ada6      0x118 c:/program files (x86)/atollic/truestudio for stm32 9.1.0/armtools/bin/../lib/gcc/arm-atollic-eabi/6.3.1/../../../../arm-atollic-eabi/lib/armv7-m\libc.a(lib_a-mprec.o)
                0x0800ada6                __multiply
 *fill*         0x0800aebe        0x2 
 .text.__pow5mult
                0x0800aec0       0x9c c:/program files (x86)/atollic/truestudio for stm32 9.1.0/armtools/bin/../lib/gcc/arm-atollic-eabi/6.3.1/../../../../arm-atollic-eabi/lib/armv7-m\libc.a(lib_a-mprec.o)
                0x0800aec0                __pow5mult
 .text.__lshift
                0x0800af5c       0xa2 c:/program files (x86)/atollic/truestudio for stm32 9.1.0/armtools/bin/../lib/gcc/arm-atollic-eabi/6.3.1/../../../../arm-atollic-eabi/lib/armv7-m\libc.a(lib_a-mprec.o)
                0x0800af5c                __lshift
 .text.__mcmp   0x0800affe       0x34 c:/program files (x86)/atollic/truestudio for stm32 9.1.0/armtools/bin/../lib/gcc/arm-atollic-eabi/6.3.1/../../../../arm-atollic-eabi/lib/armv7-m\libc.a(lib_a-mprec.o)
                0x0800affe                __mcmp
 .text.__mdiff  0x0800b032       0xbe c:/program files (x86)/atollic/truestudio for stm32 9.1.0/armtools/bin/../lib/gcc/arm-atollic-eabi/6.3.1/../../../../arm-atollic-eabi/lib/armv7-m\libc.a(lib_a-mprec.o)
                0x0800b032                __mdiff
 .text.__d2b    0x0800b0f0       0x9e c:/program files (x86)/atollic/truestudio for stm32 9.1.0/armtools/bin/../lib/gcc/arm-atollic-eabi/6.3.1/../../../../arm-atollic-eabi/lib/armv7-m\libc.a(lib_a-mprec.o)
                0x0800b0f0                __d2b
 *fill*         0x0800b18e        0x2 
 .text._realloc_r
                0x0800b190      0x304 c:/program files (x86)/atollic/truestudio for stm32 9.1.0/armtools/bin/../lib/gcc/arm-atollic-eabi/6.3.1/../../../../arm-atollic-eabi/lib/armv7-m\libc.a(lib_a-reallocr.o)
                0x0800b190                _realloc_r
 .text._sbrk_r  0x0800b494       0x20 c:/program files (x86)/atollic/truestudio for stm32 9.1.0/armtools/bin/../lib/gcc/arm-atollic-eabi/6.3.1/../../../../arm-atollic-eabi/lib/armv7-m\libc.a(lib_a-sbrkr.o)
                0x0800b494                _sbrk_r
 .text.nanf     0x0800b4b4        0x8 c:/program files (x86)/atollic/truestudio for stm32 9.1.0/armtools/bin/../lib/gcc/arm-atollic-eabi/6.3.1/../../../../arm-atollic-eabi/lib/armv7-m\libc.a(lib_a-sf_nan.o)
                0x0800b4b4                nanf
 .text.__ssprint_r
                0x0800b4bc       0xf4 c:/program files (x86)/atollic/truestudio for stm32 9.1.0/armtools/bin/../lib/gcc/arm-atollic-eabi/6.3.1/../../../../arm-atollic-eabi/lib/armv7-m\libc.a(lib_a-svfiprintf.o)
                0x0800b4bc                __ssprint_r
 .text.__ascii_wctomb
                0x0800b5b0       0x1a c:/program files (x86)/atollic/truestudio for stm32 9.1.0/armtools/bin/../lib/gcc/arm-atollic-eabi/6.3.1/../../../../arm-atollic-eabi/lib/armv7-m\libc.a(lib_a-wctomb_r.o)
                0x0800b5b0                __ascii_wctomb
 .text._calloc_r
                0x0800b5ca       0x5a c:/program files (x86)/atollic/truestudio for stm32 9.1.0/armtools/bin/../lib/gcc/arm-atollic-eabi/6.3.1/../../../../arm-atollic-eabi/lib/armv7-m\libc.a(lib_a-callocr.o)
                0x0800b5ca                _calloc_r
 .text._malloc_trim_r
                0x0800b624       0xac c:/program files (x86)/atollic/truestudio for stm32 9.1.0/armtools/bin/../lib/gcc/arm-atollic-eabi/6.3.1/../../../../arm-atollic-eabi/lib/armv7-m\libc.a(lib_a-freer.o)
                0x0800b624                _malloc_trim_r
 .text._free_r  0x0800b6d0      0x178 c:/program files (x86)/atollic/truestudio for stm32 9.1.0/armtools/bin/../lib/gcc/arm-atollic-eabi/6.3.1/../../../../arm-atollic-eabi/lib/armv7-m\libc.a(lib_a-freer.o)
                0x0800b6d0                _free_r
 .text.floor    0x0800b848      0x108 c:/program files (x86)/atollic/truestudio for stm32 9.1.0/armtools/bin/../lib/gcc/arm-atollic-eabi/6.3.1/../../../../arm-atollic-eabi/lib/armv7-m\libm.a(lib_a-s_floor.o)
                0x0800b848                floor
 .text.lrintf   0x0800b950       0x70 c:/program files (x86)/atollic/truestudio for stm32 9.1.0/armtools/bin/../lib/gcc/arm-atollic-eabi/6.3.1/../../../../arm-atollic-eabi/lib/armv7-m\libm.a(lib_a-sf_lrint.o)
                0x0800b950                lrintf
 .text.pow      0x0800b9c0      0x2c8 c:/program files (x86)/atollic/truestudio for stm32 9.1.0/armtools/bin/../lib/gcc/arm-atollic-eabi/6.3.1/../../../../arm-atollic-eabi/lib/armv7-m\libm.a(lib_a-w_pow.o)
                0x0800b9c0                pow
 .text.asinf    0x0800bc88       0x9c c:/program files (x86)/atollic/truestudio for stm32 9.1.0/armtools/bin/../lib/gcc/arm-atollic-eabi/6.3.1/../../../../arm-atollic-eabi/lib/armv7-m\libm.a(lib_a-wf_asin.o)
                0x0800bc88                asinf
 .text.atan2f   0x0800bd24        0x4 c:/program files (x86)/atollic/truestudio for stm32 9.1.0/armtools/bin/../lib/gcc/arm-atollic-eabi/6.3.1/../../../../arm-atollic-eabi/lib/armv7-m\libm.a(lib_a-wf_atan2.o)
                0x0800bd24                atan2f
 .text.powf     0x0800bd28      0x2d8 c:/program files (x86)/atollic/truestudio for stm32 9.1.0/armtools/bin/../lib/gcc/arm-atollic-eabi/6.3.1/../../../../arm-atollic-eabi/lib/armv7-m\libm.a(lib_a-wf_pow.o)
                0x0800bd28                powf
 .text.__ieee754_pow
                0x0800c000      0x9e4 c:/program files (x86)/atollic/truestudio for stm32 9.1.0/armtools/bin/../lib/gcc/arm-atollic-eabi/6.3.1/../../../../arm-atollic-eabi/lib/armv7-m\libm.a(lib_a-e_pow.o)
                0x0800c000                __ieee754_pow
 .text.__ieee754_sqrt
                0x0800c9e4      0x158 c:/program files (x86)/atollic/truestudio for stm32 9.1.0/armtools/bin/../lib/gcc/arm-atollic-eabi/6.3.1/../../../../arm-atollic-eabi/lib/armv7-m\libm.a(lib_a-e_sqrt.o)
                0x0800c9e4                __ieee754_sqrt
 .text.__ieee754_asinf
                0x0800cb3c      0x288 c:/program files (x86)/atollic/truestudio for stm32 9.1.0/armtools/bin/../lib/gcc/arm-atollic-eabi/6.3.1/../../../../arm-atollic-eabi/lib/armv7-m\libm.a(lib_a-ef_asin.o)
                0x0800cb3c                __ieee754_asinf
 .text.__ieee754_atan2f
                0x0800cdc4      0x120 c:/program files (x86)/atollic/truestudio for stm32 9.1.0/armtools/bin/../lib/gcc/arm-atollic-eabi/6.3.1/../../../../arm-atollic-eabi/lib/armv7-m\libm.a(lib_a-ef_atan2.o)
                0x0800cdc4                __ieee754_atan2f
 .text.__ieee754_powf
                0x0800cee4      0x698 c:/program files (x86)/atollic/truestudio for stm32 9.1.0/armtools/bin/../lib/gcc/arm-atollic-eabi/6.3.1/../../../../arm-atollic-eabi/lib/armv7-m\libm.a(lib_a-ef_pow.o)
                0x0800cee4                __ieee754_powf
 .text.__ieee754_sqrtf
                0x0800d57c       0xa4 c:/program files (x86)/atollic/truestudio for stm32 9.1.0/armtools/bin/../lib/gcc/arm-atollic-eabi/6.3.1/../../../../arm-atollic-eabi/lib/armv7-m\libm.a(lib_a-ef_sqrt.o)
                0x0800d57c                __ieee754_sqrtf
 .text.fabs     0x0800d620        0x6 c:/program files (x86)/atollic/truestudio for stm32 9.1.0/armtools/bin/../lib/gcc/arm-atollic-eabi/6.3.1/../../../../arm-atollic-eabi/lib/armv7-m\libm.a(lib_a-s_fabs.o)
                0x0800d620                fabs
 .text.finite   0x0800d626        0xc c:/program files (x86)/atollic/truestudio for stm32 9.1.0/armtools/bin/../lib/gcc/arm-atollic-eabi/6.3.1/../../../../arm-atollic-eabi/lib/armv7-m\libm.a(lib_a-s_finite.o)
                0x0800d626                finite
 .text.matherr  0x0800d632        0x4 c:/program files (x86)/atollic/truestudio for stm32 9.1.0/armtools/bin/../lib/gcc/arm-atollic-eabi/6.3.1/../../../../arm-atollic-eabi/lib/armv7-m\libm.a(lib_a-s_matherr.o)
                0x0800d632                matherr
 *fill*         0x0800d636        0x2 
 .text.nan      0x0800d638        0xc c:/program files (x86)/atollic/truestudio for stm32 9.1.0/armtools/bin/../lib/gcc/arm-atollic-eabi/6.3.1/../../../../arm-atollic-eabi/lib/armv7-m\libm.a(lib_a-s_nan.o)
                0x0800d638                nan
 .text.rint     0x0800d644      0x110 c:/program files (x86)/atollic/truestudio for stm32 9.1.0/armtools/bin/../lib/gcc/arm-atollic-eabi/6.3.1/../../../../arm-atollic-eabi/lib/armv7-m\libm.a(lib_a-s_rint.o)
                0x0800d644                rint
 *fill*         0x0800d754        0x4 
 .text.scalbn   0x0800d758       0xdc c:/program files (x86)/atollic/truestudio for stm32 9.1.0/armtools/bin/../lib/gcc/arm-atollic-eabi/6.3.1/../../../../arm-atollic-eabi/lib/armv7-m\libm.a(lib_a-s_scalbn.o)
                0x0800d758                scalbn
 .text.atanf    0x0800d834      0x220 c:/program files (x86)/atollic/truestudio for stm32 9.1.0/armtools/bin/../lib/gcc/arm-atollic-eabi/6.3.1/../../../../arm-atollic-eabi/lib/armv7-m\libm.a(lib_a-sf_atan.o)
                0x0800d834                atanf
 .text.fabsf    0x0800da54        0x6 c:/program files (x86)/atollic/truestudio for stm32 9.1.0/armtools/bin/../lib/gcc/arm-atollic-eabi/6.3.1/../../../../arm-atollic-eabi/lib/armv7-m\libm.a(lib_a-sf_fabs.o)
                0x0800da54                fabsf
 .text.finitef  0x0800da5a       0x10 c:/program files (x86)/atollic/truestudio for stm32 9.1.0/armtools/bin/../lib/gcc/arm-atollic-eabi/6.3.1/../../../../arm-atollic-eabi/lib/armv7-m\libm.a(lib_a-sf_finite.o)
                0x0800da5a                finitef
 *fill*         0x0800da6a        0x2 
 .text.scalbnf  0x0800da6c       0x98 c:/program files (x86)/atollic/truestudio for stm32 9.1.0/armtools/bin/../lib/gcc/arm-atollic-eabi/6.3.1/../../../../arm-atollic-eabi/lib/armv7-m\libm.a(lib_a-sf_scalbn.o)
                0x0800da6c                scalbnf
 .text.copysign
                0x0800db04        0xe c:/program files (x86)/atollic/truestudio for stm32 9.1.0/armtools/bin/../lib/gcc/arm-atollic-eabi/6.3.1/../../../../arm-atollic-eabi/lib/armv7-m\libm.a(lib_a-s_copysign.o)
                0x0800db04                copysign
 .text.copysignf
                0x0800db12        0xc c:/program files (x86)/atollic/truestudio for stm32 9.1.0/armtools/bin/../lib/gcc/arm-atollic-eabi/6.3.1/../../../../arm-atollic-eabi/lib/armv7-m\libm.a(lib_a-sf_copysign.o)
                0x0800db12                copysignf
 *fill*         0x0800db1e        0x2 
 .text.__errno  0x0800db20        0xc c:/program files (x86)/atollic/truestudio for stm32 9.1.0/armtools/bin/../lib/gcc/arm-atollic-eabi/6.3.1/../../../../arm-atollic-eabi/lib/armv7-m\libc.a(lib_a-errno.o)
                0x0800db20                __errno
 .text._sbrk    0x0800db2c       0x1c c:/program files (x86)/atollic/truestudio for stm32 9.1.0/armtools/bin/../lib/gcc/arm-atollic-eabi/6.3.1/../../../../arm-atollic-eabi/lib/armv7-m\libnosys.a(sbrk.o)
                0x0800db2c                _sbrk
 *(.glue_7)
 .glue_7        0x0800db48        0x0 linker stubs
 *(.glue_7t)
 .glue_7t       0x0800db48        0x0 linker stubs
 *(.eh_frame)
 .eh_frame      0x0800db48        0x0 c:/program files (x86)/atollic/truestudio for stm32 9.1.0/armtools/bin/../lib/gcc/arm-atollic-eabi/6.3.1/armv7-m/crtbegin.o
 *(.init)
 .init          0x0800db48        0x4 c:/program files (x86)/atollic/truestudio for stm32 9.1.0/armtools/bin/../lib/gcc/arm-atollic-eabi/6.3.1/armv7-m/crti.o
                0x0800db48                _init
 .init          0x0800db4c        0x8 c:/program files (x86)/atollic/truestudio for stm32 9.1.0/armtools/bin/../lib/gcc/arm-atollic-eabi/6.3.1/armv7-m/crtn.o
 *(.fini)
 .fini          0x0800db54        0x4 c:/program files (x86)/atollic/truestudio for stm32 9.1.0/armtools/bin/../lib/gcc/arm-atollic-eabi/6.3.1/armv7-m/crti.o
                0x0800db54                _fini
 .fini          0x0800db58        0x8 c:/program files (x86)/atollic/truestudio for stm32 9.1.0/armtools/bin/../lib/gcc/arm-atollic-eabi/6.3.1/armv7-m/crtn.o
                0x0800db60                . = ALIGN (0x4)
                0x0800db60                _etext = .

.vfp11_veneer   0x0800db60        0x0
 .vfp11_veneer  0x0800db60        0x0 linker stubs

.v4_bx          0x0800db60        0x0
 .v4_bx         0x0800db60        0x0 linker stubs

.iplt           0x0800db60        0x0
 .iplt          0x0800db60        0x0 c:/program files (x86)/atollic/truestudio for stm32 9.1.0/armtools/bin/../lib/gcc/arm-atollic-eabi/6.3.1/armv7-m/crtbegin.o

.rodata         0x0800db60     0xa368
                0x0800db60                . = ALIGN (0x4)
 *(.rodata)
 .rodata        0x0800db60       0x10 Drivers\STM32F1xx_HAL_Driver\Src\stm32f1xx_hal_rcc.o
 .rodata        0x0800db70       0x10 Drivers\STM32F1xx_HAL_Driver\Src\stm32f1xx_hal_rcc_ex.o
 *(.rodata*)
 .rodata.I2C_Read.str1.1
                0x0800db80       0x1c Inc\I2C.o
 .rodata.I2C_Write.str1.1
                0x0800db9c       0x1c Inc\I2C.o
 .rodata.mixerQuadX
                0x0800dbb8       0x40 Inc\Mixer.o
 .rodata.ACC_Common.str1.1
                0x0800dbf8       0x21 Inc\Sensor.o
 .rodata.Calibrate_gyro.str1.1
                0x0800dc19        0x2 Inc\Sensor.o
 .rodata.MPU9250_Init.str1.1
                0x0800dc1b      0x395 Inc\Sensor.o
 .rodata.MS5611_Init.str1.1
                0x0800dfb0       0x2f Inc\Sensor.o
 .rodata.getEstimatedAltitude.str1.1
                0x0800dfdf       0x12 Inc\Sensor.o
 .rodata.PrintData.str1.1
                0x0800dff1      0x3ab Inc\Serial.o
                                0x3b6 (size before relaxing)
 .rodata.ChoIdxTbl
                0x0800e39c       0x20 Inc\hangul\PHan_Lib.o
                0x0800e39c                ChoIdxTbl
 .rodata.ChoTypeCaseJongNo
                0x0800e3bc       0x16 Inc\hangul\PHan_Lib.o
                0x0800e3bc                ChoTypeCaseJongNo
 .rodata.ChoTypeCaseJongYes
                0x0800e3d2       0x16 Inc\hangul\PHan_Lib.o
                0x0800e3d2                ChoTypeCaseJongYes
 .rodata.JonIdxTbl
                0x0800e3e8       0x20 Inc\hangul\PHan_Lib.o
                0x0800e3e8                JonIdxTbl
 .rodata.JonType
                0x0800e408       0x16 Inc\hangul\PHan_Lib.o
                0x0800e408                JonType
 .rodata.JooIdxTbl
                0x0800e41e       0x20 Inc\hangul\PHan_Lib.o
                0x0800e41e                JooIdxTbl
 .rodata.K_font
                0x0800e43e     0x5a00 Inc\hangul\PHan_Lib.o
                0x0800e43e                K_font
 .rodata.UniChoIdxTbl
                0x08013e3e       0x20 Inc\hangul\PHan_Lib.o
                0x08013e3e                UniChoIdxTbl
 .rodata.UniJonIdxTbl
                0x08013e5e       0x20 Inc\hangul\PHan_Lib.o
                0x08013e5e                UniJonIdxTbl
 .rodata.UniJooIdxTbl
                0x08013e7e       0x20 Inc\hangul\PHan_Lib.o
                0x08013e7e                UniJooIdxTbl
 *fill*         0x08013e9e        0x2 
 .rodata.wEngFon
                0x08013ea0     0x1800 Inc\hangul\PHan_Lib.o
                0x08013ea0                wEngFon
 .rodata.wWanToJohabTable
                0x080156a0     0x24b8 Inc\hangul\PHan_Lib.o
                0x080156a0                wWanToJohabTable
 .rodata.AHBPrescTable
                0x08017b58       0x10 Src\system_stm32f1xx.o
                0x08017b58                AHBPrescTable
 .rodata.APBPrescTable
                0x08017b68        0x8 Src\system_stm32f1xx.o
                0x08017b68                APBPrescTable
 .rodata._svfprintf_r.str1.1
                0x08017b70       0x30 c:/program files (x86)/atollic/truestudio for stm32 9.1.0/armtools/bin/../lib/gcc/arm-atollic-eabi/6.3.1/../../../../arm-atollic-eabi/lib/armv7-m\libc.a(lib_a-svfprintf.o)
                                 0x34 (size before relaxing)
 .rodata.blanks.7236
                0x08017ba0       0x10 c:/program files (x86)/atollic/truestudio for stm32 9.1.0/armtools/bin/../lib/gcc/arm-atollic-eabi/6.3.1/../../../../arm-atollic-eabi/lib/armv7-m\libc.a(lib_a-svfprintf.o)
 .rodata.zeroes.7237
                0x08017bb0       0x10 c:/program files (x86)/atollic/truestudio for stm32 9.1.0/armtools/bin/../lib/gcc/arm-atollic-eabi/6.3.1/../../../../arm-atollic-eabi/lib/armv7-m\libc.a(lib_a-svfprintf.o)
 .rodata._dtoa_r.str1.1
                0x08017bc0        0xd c:/program files (x86)/atollic/truestudio for stm32 9.1.0/armtools/bin/../lib/gcc/arm-atollic-eabi/6.3.1/../../../../arm-atollic-eabi/lib/armv7-m\libc.a(lib_a-dtoa.o)
                                  0xf (size before relaxing)
 *fill*         0x08017bcd        0x3 
 .rodata.__sf_fake_stderr
                0x08017bd0       0x20 c:/program files (x86)/atollic/truestudio for stm32 9.1.0/armtools/bin/../lib/gcc/arm-atollic-eabi/6.3.1/../../../../arm-atollic-eabi/lib/armv7-m\libc.a(lib_a-findfp.o)
                0x08017bd0                __sf_fake_stderr
 .rodata.__sf_fake_stdin
                0x08017bf0       0x20 c:/program files (x86)/atollic/truestudio for stm32 9.1.0/armtools/bin/../lib/gcc/arm-atollic-eabi/6.3.1/../../../../arm-atollic-eabi/lib/armv7-m\libc.a(lib_a-findfp.o)
                0x08017bf0                __sf_fake_stdin
 .rodata.__sf_fake_stdout
                0x08017c10       0x20 c:/program files (x86)/atollic/truestudio for stm32 9.1.0/armtools/bin/../lib/gcc/arm-atollic-eabi/6.3.1/../../../../arm-atollic-eabi/lib/armv7-m\libc.a(lib_a-findfp.o)
                0x08017c10                __sf_fake_stdout
 .rodata._setlocale_r.str1.1
                0x08017c30        0x8 c:/program files (x86)/atollic/truestudio for stm32 9.1.0/armtools/bin/../lib/gcc/arm-atollic-eabi/6.3.1/../../../../arm-atollic-eabi/lib/armv7-m\libc.a(lib_a-locale.o)
                                  0x9 (size before relaxing)
 .rodata.str1.1
                0x08017c38        0x2 c:/program files (x86)/atollic/truestudio for stm32 9.1.0/armtools/bin/../lib/gcc/arm-atollic-eabi/6.3.1/../../../../arm-atollic-eabi/lib/armv7-m\libc.a(lib_a-locale.o)
 .rodata.__mprec_bigtens
                0x08017c38       0x28 c:/program files (x86)/atollic/truestudio for stm32 9.1.0/armtools/bin/../lib/gcc/arm-atollic-eabi/6.3.1/../../../../arm-atollic-eabi/lib/armv7-m\libc.a(lib_a-mprec.o)
                0x08017c38                __mprec_bigtens
 .rodata.__mprec_tens
                0x08017c60       0xc8 c:/program files (x86)/atollic/truestudio for stm32 9.1.0/armtools/bin/../lib/gcc/arm-atollic-eabi/6.3.1/../../../../arm-atollic-eabi/lib/armv7-m\libc.a(lib_a-mprec.o)
                0x08017c60                __mprec_tens
 .rodata.p05.6073
                0x08017d28        0xc c:/program files (x86)/atollic/truestudio for stm32 9.1.0/armtools/bin/../lib/gcc/arm-atollic-eabi/6.3.1/../../../../arm-atollic-eabi/lib/armv7-m\libc.a(lib_a-mprec.o)
 .rodata._ctype_
                0x08017d34      0x101 c:/program files (x86)/atollic/truestudio for stm32 9.1.0/armtools/bin/../lib/gcc/arm-atollic-eabi/6.3.1/../../../../arm-atollic-eabi/lib/armv7-m\libc.a(lib_a-ctype_.o)
                0x08017d34                _ctype_
 *fill*         0x08017e35        0x3 
 .rodata.TWO23  0x08017e38        0x8 c:/program files (x86)/atollic/truestudio for stm32 9.1.0/armtools/bin/../lib/gcc/arm-atollic-eabi/6.3.1/../../../../arm-atollic-eabi/lib/armv7-m\libm.a(lib_a-sf_lrint.o)
 .rodata.pow.str1.1
                0x08017e40        0x4 c:/program files (x86)/atollic/truestudio for stm32 9.1.0/armtools/bin/../lib/gcc/arm-atollic-eabi/6.3.1/../../../../arm-atollic-eabi/lib/armv7-m\libm.a(lib_a-w_pow.o)
 .rodata.asinf.str1.1
                0x08017e44        0x6 c:/program files (x86)/atollic/truestudio for stm32 9.1.0/armtools/bin/../lib/gcc/arm-atollic-eabi/6.3.1/../../../../arm-atollic-eabi/lib/armv7-m\libm.a(lib_a-wf_asin.o)
                                  0x7 (size before relaxing)
 .rodata.powf.str1.1
                0x08017e4a        0x5 c:/program files (x86)/atollic/truestudio for stm32 9.1.0/armtools/bin/../lib/gcc/arm-atollic-eabi/6.3.1/../../../../arm-atollic-eabi/lib/armv7-m\libm.a(lib_a-wf_pow.o)
 .rodata.__ieee754_pow.str1.1
                0x08017e4f        0x1 c:/program files (x86)/atollic/truestudio for stm32 9.1.0/armtools/bin/../lib/gcc/arm-atollic-eabi/6.3.1/../../../../arm-atollic-eabi/lib/armv7-m\libm.a(lib_a-e_pow.o)
 *fill*         0x08017e4f        0x1 
 .rodata.bp     0x08017e50       0x10 c:/program files (x86)/atollic/truestudio for stm32 9.1.0/armtools/bin/../lib/gcc/arm-atollic-eabi/6.3.1/../../../../arm-atollic-eabi/lib/armv7-m\libm.a(lib_a-e_pow.o)
 .rodata.dp_h   0x08017e60       0x10 c:/program files (x86)/atollic/truestudio for stm32 9.1.0/armtools/bin/../lib/gcc/arm-atollic-eabi/6.3.1/../../../../arm-atollic-eabi/lib/armv7-m\libm.a(lib_a-e_pow.o)
 .rodata.dp_l   0x08017e70       0x10 c:/program files (x86)/atollic/truestudio for stm32 9.1.0/armtools/bin/../lib/gcc/arm-atollic-eabi/6.3.1/../../../../arm-atollic-eabi/lib/armv7-m\libm.a(lib_a-e_pow.o)
 .rodata.__ieee754_powf.str1.1
                0x08017e80        0x1 c:/program files (x86)/atollic/truestudio for stm32 9.1.0/armtools/bin/../lib/gcc/arm-atollic-eabi/6.3.1/../../../../arm-atollic-eabi/lib/armv7-m\libm.a(lib_a-ef_pow.o)
 .rodata.bp     0x08017e80        0x8 c:/program files (x86)/atollic/truestudio for stm32 9.1.0/armtools/bin/../lib/gcc/arm-atollic-eabi/6.3.1/../../../../arm-atollic-eabi/lib/armv7-m\libm.a(lib_a-ef_pow.o)
 .rodata.dp_h   0x08017e88        0x8 c:/program files (x86)/atollic/truestudio for stm32 9.1.0/armtools/bin/../lib/gcc/arm-atollic-eabi/6.3.1/../../../../arm-atollic-eabi/lib/armv7-m\libm.a(lib_a-ef_pow.o)
 .rodata.dp_l   0x08017e90        0x8 c:/program files (x86)/atollic/truestudio for stm32 9.1.0/armtools/bin/../lib/gcc/arm-atollic-eabi/6.3.1/../../../../arm-atollic-eabi/lib/armv7-m\libm.a(lib_a-ef_pow.o)
 .rodata.TWO52  0x08017e98       0x10 c:/program files (x86)/atollic/truestudio for stm32 9.1.0/armtools/bin/../lib/gcc/arm-atollic-eabi/6.3.1/../../../../arm-atollic-eabi/lib/armv7-m\libm.a(lib_a-s_rint.o)
 .rodata.atanhi
                0x08017ea8       0x10 c:/program files (x86)/atollic/truestudio for stm32 9.1.0/armtools/bin/../lib/gcc/arm-atollic-eabi/6.3.1/../../../../arm-atollic-eabi/lib/armv7-m\libm.a(lib_a-sf_atan.o)
 .rodata.atanlo
                0x08017eb8       0x10 c:/program files (x86)/atollic/truestudio for stm32 9.1.0/armtools/bin/../lib/gcc/arm-atollic-eabi/6.3.1/../../../../arm-atollic-eabi/lib/armv7-m\libm.a(lib_a-sf_atan.o)
                0x08017ec8                . = ALIGN (0x4)

.ARM.extab
 *(.ARM.extab* .gnu.linkonce.armextab.*)

.ARM            0x08017ec8        0x8
                0x08017ec8                __exidx_start = .
 *(.ARM.exidx*)
 .ARM.exidx     0x08017ec8        0x8 c:/program files (x86)/atollic/truestudio for stm32 9.1.0/armtools/bin/../lib/gcc/arm-atollic-eabi/6.3.1/armv7-m\libgcc.a(_udivmoddi4.o)
                0x08017ed0                __exidx_end = .

.rel.dyn        0x08017ed0        0x0
 .rel.iplt      0x08017ed0        0x0 c:/program files (x86)/atollic/truestudio for stm32 9.1.0/armtools/bin/../lib/gcc/arm-atollic-eabi/6.3.1/armv7-m/crtbegin.o

.preinit_array  0x08017ed0        0x0
                0x08017ed0                PROVIDE (__preinit_array_start, .)
 *(.preinit_array*)
                0x08017ed0                PROVIDE (__preinit_array_end, .)

.init_array     0x08017ed0        0x4
                0x08017ed0                PROVIDE (__init_array_start, .)
 *(SORT(.init_array.*))
 *(.init_array*)
 .init_array    0x08017ed0        0x4 c:/program files (x86)/atollic/truestudio for stm32 9.1.0/armtools/bin/../lib/gcc/arm-atollic-eabi/6.3.1/armv7-m/crtbegin.o
                0x08017ed4                PROVIDE (__init_array_end, .)

.fini_array     0x08017ed4        0x4
                [!provide]                PROVIDE (__fini_array_start, .)
 *(SORT(.fini_array.*))
 *(.fini_array*)
 .fini_array    0x08017ed4        0x4 c:/program files (x86)/atollic/truestudio for stm32 9.1.0/armtools/bin/../lib/gcc/arm-atollic-eabi/6.3.1/armv7-m/crtbegin.o
                [!provide]                PROVIDE (__fini_array_end, .)
                0x08017ed8                _sidata = LOADADDR (.data)

.data           0x20000000      0xa88 load address 0x08017ed8
                0x20000000                . = ALIGN (0x4)
                0x20000000                _sdata = .
 *(.data)
 *(.data*)
 .data.uwTickFreq
                0x20000000        0x1 Drivers\STM32F1xx_HAL_Driver\Src\stm32f1xx_hal.o
                0x20000000                uwTickFreq
 *fill*         0x20000001        0x3 
 .data.uwTickPrio
                0x20000004        0x4 Drivers\STM32F1xx_HAL_Driver\Src\stm32f1xx_hal.o
                0x20000004                uwTickPrio
 .data.Mmode    0x20000008        0x1 Inc\Sensor.o
                0x20000008                Mmode
 .data.Mscale   0x20000009        0x1 Inc\Sensor.o
                0x20000009                Mscale
 .data.calibratingB
                0x2000000a        0x2 Inc\Sensor.o
                0x2000000a                calibratingB
 .data.currentPortState
                0x2000000c        0x4 Inc\Serial.o
 .data.buffer   0x20000010      0x400 Inc\ssd1306.o
 .data.SystemCoreClock
                0x20000410        0x4 Src\system_stm32f1xx.o
                0x20000410                SystemCoreClock
 .data._impure_ptr
                0x20000414        0x4 c:/program files (x86)/atollic/truestudio for stm32 9.1.0/armtools/bin/../lib/gcc/arm-atollic-eabi/6.3.1/../../../../arm-atollic-eabi/lib/armv7-m\libc.a(lib_a-impure.o)
                0x20000414                _impure_ptr
 .data.impure_data
                0x20000418       0xf0 c:/program files (x86)/atollic/truestudio for stm32 9.1.0/armtools/bin/../lib/gcc/arm-atollic-eabi/6.3.1/../../../../arm-atollic-eabi/lib/armv7-m\libc.a(lib_a-impure.o)
 .data.__global_locale
                0x20000508      0x16c c:/program files (x86)/atollic/truestudio for stm32 9.1.0/armtools/bin/../lib/gcc/arm-atollic-eabi/6.3.1/../../../../arm-atollic-eabi/lib/armv7-m\libc.a(lib_a-locale.o)
                0x20000508                __global_locale
 .data.__malloc_av_
                0x20000674      0x408 c:/program files (x86)/atollic/truestudio for stm32 9.1.0/armtools/bin/../lib/gcc/arm-atollic-eabi/6.3.1/../../../../arm-atollic-eabi/lib/armv7-m\libc.a(lib_a-mallocr.o)
                0x20000674                __malloc_av_
 .data.__malloc_sbrk_base
                0x20000a7c        0x4 c:/program files (x86)/atollic/truestudio for stm32 9.1.0/armtools/bin/../lib/gcc/arm-atollic-eabi/6.3.1/../../../../arm-atollic-eabi/lib/armv7-m\libc.a(lib_a-mallocr.o)
                0x20000a7c                __malloc_sbrk_base
 .data.__malloc_trim_threshold
                0x20000a80        0x4 c:/program files (x86)/atollic/truestudio for stm32 9.1.0/armtools/bin/../lib/gcc/arm-atollic-eabi/6.3.1/../../../../arm-atollic-eabi/lib/armv7-m\libc.a(lib_a-mallocr.o)
                0x20000a80                __malloc_trim_threshold
 .data.__fdlib_version
                0x20000a84        0x1 c:/program files (x86)/atollic/truestudio for stm32 9.1.0/armtools/bin/../lib/gcc/arm-atollic-eabi/6.3.1/../../../../arm-atollic-eabi/lib/armv7-m\libm.a(lib_a-s_lib_ver.o)
                0x20000a84                __fdlib_version
                0x20000a88                . = ALIGN (0x4)
 *fill*         0x20000a85        0x3 
                0x20000a88                _edata = .

.igot.plt       0x20000a88        0x0 load address 0x08018960
 .igot.plt      0x20000a88        0x0 c:/program files (x86)/atollic/truestudio for stm32 9.1.0/armtools/bin/../lib/gcc/arm-atollic-eabi/6.3.1/armv7-m/crtbegin.o
                0x20000a88                . = ALIGN (0x4)

.bss            0x20000a88      0xce0 load address 0x08018960
                0x20000a88                _sbss = .
                0x20000a88                __bss_start__ = _sbss
 *(.bss)
 .bss           0x20000a88       0x1c c:/program files (x86)/atollic/truestudio for stm32 9.1.0/armtools/bin/../lib/gcc/arm-atollic-eabi/6.3.1/armv7-m/crtbegin.o
 *(.bss*)
 .bss.Pre_IMU   0x20000aa4        0xc Inc\IMU.o
                0x20000aa4                Pre_IMU
 .bss.Pre_gyro  0x20000ab0        0x4 Inc\IMU.o
                0x20000ab0                Pre_gyro
 .bss.currentMixer
                0x20000ab4       0x40 Inc\Mixer.o
 .bss.Ascale    0x20000af4        0x1 Inc\Sensor.o
                0x20000af4                Ascale
 .bss.Gscale    0x20000af5        0x1 Inc\Sensor.o
                0x20000af5                Gscale
 *fill*         0x20000af6        0x2 
 .bss.SelfTest  0x20000af8       0x18 Inc\Sensor.o
                0x20000af8                SelfTest
 .bss.a.9313    0x20000b10        0xc Inc\Sensor.o
 .bss.accBias   0x20000b1c        0xc Inc\Sensor.o
                0x20000b1c                accBias
 .bss.baroDeadline.9441
                0x20000b28        0x4 Inc\Sensor.o
 .bss.baroGroundAltitude.9452
                0x20000b2c        0x4 Inc\Sensor.o
 .bss.baroGroundPressure.9453
                0x20000b30        0x4 Inc\Sensor.o
 .bss.baroHistIdx.9436
                0x20000b34        0x4 Inc\Sensor.o
 .bss.baroHistTab.9435
                0x20000b38       0xc0 Inc\Sensor.o
 .bss.baroPressureSum
                0x20000bf8        0x4 Inc\Sensor.o
                0x20000bf8                baroPressureSum
 .bss.calibratingA
                0x20000bfc        0x2 Inc\Sensor.o
                0x20000bfc                calibratingA
 *fill*         0x20000bfe        0x2 
 .bss.gyroBias  0x20000c00        0xc Inc\Sensor.o
                0x20000c00                gyroBias
 .bss.magBias   0x20000c0c        0xc Inc\Sensor.o
                0x20000c0c                magBias
 .bss.magCalibration
                0x20000c18        0xc Inc\Sensor.o
                0x20000c18                magCalibration
 .bss.state.9442
                0x20000c24        0x4 Inc\Sensor.o
 .bss.taskOrder.9443
                0x20000c28        0x4 Inc\Sensor.o
 .bss.Debug_TC  0x20000c2c        0x1 Inc\Serial.o
                0x20000c2c                Debug_TC
 .bss.ports     0x20000c2d      0x10c Inc\Serial.o
 *fill*         0x20000d39        0x3 
 .bss.x.9361    0x20000d3c        0x4 Inc\Serial.o
 .bss.msTicks   0x20000d40        0x4 Inc\System.o
 .bss.loop_timer
                0x20000d44        0x4 Src\main.o
                0x20000d44                loop_timer
 .bss.__malloc_current_mallinfo
                0x20000d48       0x28 c:/program files (x86)/atollic/truestudio for stm32 9.1.0/armtools/bin/../lib/gcc/arm-atollic-eabi/6.3.1/../../../../arm-atollic-eabi/lib/armv7-m\libc.a(lib_a-mallocr.o)
                0x20000d48                __malloc_current_mallinfo
 .bss.__malloc_max_sbrked_mem
                0x20000d70        0x4 c:/program files (x86)/atollic/truestudio for stm32 9.1.0/armtools/bin/../lib/gcc/arm-atollic-eabi/6.3.1/../../../../arm-atollic-eabi/lib/armv7-m\libc.a(lib_a-mallocr.o)
                0x20000d70                __malloc_max_sbrked_mem
 .bss.__malloc_max_total_mem
                0x20000d74        0x4 c:/program files (x86)/atollic/truestudio for stm32 9.1.0/armtools/bin/../lib/gcc/arm-atollic-eabi/6.3.1/../../../../arm-atollic-eabi/lib/armv7-m\libc.a(lib_a-mallocr.o)
                0x20000d74                __malloc_max_total_mem
 .bss.__malloc_top_pad
                0x20000d78        0x4 c:/program files (x86)/atollic/truestudio for stm32 9.1.0/armtools/bin/../lib/gcc/arm-atollic-eabi/6.3.1/../../../../arm-atollic-eabi/lib/armv7-m\libc.a(lib_a-mallocr.o)
                0x20000d78                __malloc_top_pad
 .bss.heap_end.4116
                0x20000d7c        0x4 c:/program files (x86)/atollic/truestudio for stm32 9.1.0/armtools/bin/../lib/gcc/arm-atollic-eabi/6.3.1/../../../../arm-atollic-eabi/lib/armv7-m\libnosys.a(sbrk.o)
 *(COMMON)
 COMMON         0x20000d80        0x4 Drivers\STM32F1xx_HAL_Driver\Src\stm32f1xx_hal.o
                0x20000d80                uwTick
 COMMON         0x20000d84       0x29 Inc\EEPROM.o
                0x20000d84                eeprom
                0x20000d8c                _i2caddr
                0x20000d90                aRes
                0x20000d94                _b
                0x20000d9c                _width
                0x20000da0                gRes
                0x20000da4                _height
                0x20000da8                mRes
                0x20000dac                _vccstate
 *fill*         0x20000dad        0x3 
 COMMON         0x20000db0       0xbc Inc\GPS.o
                0x20000db0                GPS
 COMMON         0x20000e6c       0x28 Inc\IMU.o
                0x20000e6c                AHRSIMU
 COMMON         0x20000e94        0x9 Inc\LED_control.o
                0x20000e94                flight_mode_led
                0x20000e95                flight_mode_counter
                0x20000e98                flight_mode_timer
                0x20000e9c                flight_mode
 *fill*         0x20000e9d        0x1 
 COMMON         0x20000e9e        0x8 Inc\Mixer.o
                0x20000e9e                motor
 *fill*         0x20000ea6        0x2 
 COMMON         0x20000ea8       0xf8 Inc\PID.o
                0x20000ea8                pid
                0x20000f9c                dt_recip
 COMMON         0x20000fa0      0x110 Inc\Queue.o
                0x20000fa0                Q_buffer
 COMMON         0x200010b0       0xd8 Inc\Radio.o
                0x200010b0                f
                0x200010c8                RC_Raw
                0x20001128                RC
 COMMON         0x20001188      0x24c Inc\Sensor.o
                0x20001188                ms5611
                0x20001320                lps
                0x20001328                imu
                0x200013bc                magScale
                0x200013c8                rawADC
 COMMON         0x200013d4       0xa0 Inc\Serial.o
                0x200013d4                Buf
                0x20001454                rx1_buffer
                0x20001464                rx2_buffer
 COMMON         0x20001474      0x2e4 Src\main.o
                0x20001474                BAT
                0x2000147c                hdma_usart2_rx
                0x200014c0                htim4
                0x20001500                hi2c2
                0x20001554                htim3
                0x20001594                hdma_usart1_tx
                0x200015d8                hadc1
                0x20001608                hdma_usart1_rx
                0x2000164c                hdma_usart2_tx
                0x20001690                huart1
                0x200016d0                Error
                0x200016d8                htim2
                0x20001718                huart2
 COMMON         0x20001758        0x9 c:/program files (x86)/atollic/truestudio for stm32 9.1.0/armtools/bin/../lib/gcc/arm-atollic-eabi/6.3.1/../../../../arm-atollic-eabi/lib/armv7-m\libc.a(lib_a-lock.o)
                0x20001758                __lock___atexit_recursive_mutex
                0x20001759                __lock___arc4random_mutex
                0x2000175a                __lock___env_recursive_mutex
                0x2000175b                __lock___sinit_recursive_mutex
                0x2000175c                __lock___malloc_recursive_mutex
                0x2000175d                __lock___at_quick_exit_mutex
                0x2000175e                __lock___dd_hash_mutex
                0x2000175f                __lock___tz_mutex
                0x20001760                __lock___sfp_recursive_mutex
 *fill*         0x20001761        0x3 
 COMMON         0x20001764        0x4 c:/program files (x86)/atollic/truestudio for stm32 9.1.0/armtools/bin/../lib/gcc/arm-atollic-eabi/6.3.1/../../../../arm-atollic-eabi/lib/armv7-m\libc.a(lib_a-reent.o)
                0x20001764                errno
                0x20001768                . = ALIGN (0x4)
                0x20001768                _ebss = .
                0x20001768                __bss_end__ = _ebss

._user_heap_stack
                0x20001768      0x100 load address 0x08018960
                0x20001768                . = ALIGN (0x4)
                0x20001768                PROVIDE (end, .)
                [!provide]                PROVIDE (_end, .)
                0x20001768                . = (. + _Min_Heap_Size)
                0x20001868                . = (. + _Min_Stack_Size)
 *fill*         0x20001768      0x100 
                0x20001868                . = ALIGN (0x4)

.memory_b1_text
 *(.mb1text)
 *(.mb1text*)
 *(.mb1rodata)
 *(.mb1rodata*)

/DISCARD/
 libc.a(*)
 libm.a(*)
 libgcc.a(*)

.ARM.attributes
                0x00000000       0x29
 *(.ARM.attributes)
 .ARM.attributes
                0x00000000       0x1d c:/program files (x86)/atollic/truestudio for stm32 9.1.0/armtools/bin/../lib/gcc/arm-atollic-eabi/6.3.1/armv7-m/crti.o
 .ARM.attributes
                0x0000001d       0x2d c:/program files (x86)/atollic/truestudio for stm32 9.1.0/armtools/bin/../lib/gcc/arm-atollic-eabi/6.3.1/armv7-m/crtbegin.o
 .ARM.attributes
                0x0000004a       0x33 Drivers\STM32F1xx_HAL_Driver\Src\stm32f1xx_hal.o
 .ARM.attributes
                0x0000007d       0x33 Drivers\STM32F1xx_HAL_Driver\Src\stm32f1xx_hal_adc.o
 .ARM.attributes
                0x000000b0       0x33 Drivers\STM32F1xx_HAL_Driver\Src\stm32f1xx_hal_cortex.o
 .ARM.attributes
                0x000000e3       0x33 Drivers\STM32F1xx_HAL_Driver\Src\stm32f1xx_hal_dma.o
 .ARM.attributes
                0x00000116       0x33 Drivers\STM32F1xx_HAL_Driver\Src\stm32f1xx_hal_gpio.o
 .ARM.attributes
                0x00000149       0x33 Drivers\STM32F1xx_HAL_Driver\Src\stm32f1xx_hal_i2c.o
 .ARM.attributes
                0x0000017c       0x33 Drivers\STM32F1xx_HAL_Driver\Src\stm32f1xx_hal_rcc.o
 .ARM.attributes
                0x000001af       0x33 Drivers\STM32F1xx_HAL_Driver\Src\stm32f1xx_hal_rcc_ex.o
 .ARM.attributes
                0x000001e2       0x33 Drivers\STM32F1xx_HAL_Driver\Src\stm32f1xx_hal_tim.o
 .ARM.attributes
                0x00000215       0x33 Drivers\STM32F1xx_HAL_Driver\Src\stm32f1xx_hal_tim_ex.o
 .ARM.attributes
                0x00000248       0x33 Drivers\STM32F1xx_HAL_Driver\Src\stm32f1xx_hal_uart.o
 .ARM.attributes
                0x0000027b       0x33 Inc\EEPROM.o
 .ARM.attributes
                0x000002ae       0x33 Inc\GPS.o
 .ARM.attributes
                0x000002e1       0x33 Inc\I2C.o
 .ARM.attributes
                0x00000314       0x33 Inc\IMU.o
 .ARM.attributes
                0x00000347       0x33 Inc\LED_control.o
 .ARM.attributes
                0x0000037a       0x33 Inc\Mixer.o
 .ARM.attributes
                0x000003ad       0x33 Inc\PID.o
 .ARM.attributes
                0x000003e0       0x33 Inc\PWM.o
 .ARM.attributes
                0x00000413       0x33 Inc\Queue.o
 .ARM.attributes
                0x00000446       0x33 Inc\Radio.o
 .ARM.attributes
                0x00000479       0x33 Inc\Sensor.o
 .ARM.attributes
                0x000004ac       0x33 Inc\Serial.o
 .ARM.attributes
                0x000004df       0x33 Inc\System.o
 .ARM.attributes
                0x00000512       0x33 Inc\hangul\PHan_Lib.o
 .ARM.attributes
                0x00000545       0x33 Inc\ssd1306.o
 .ARM.attributes
                0x00000578       0x33 Src\main.o
 .ARM.attributes
                0x000005ab       0x33 Src\stm32f1xx_hal_msp.o
 .ARM.attributes
                0x000005de       0x33 Src\stm32f1xx_it.o
 .ARM.attributes
                0x00000611       0x33 Src\system_stm32f1xx.o
 .ARM.attributes
                0x00000644       0x21 startup\startup_stm32f103xb.o
 .ARM.attributes
                0x00000665       0x2d c:/program files (x86)/atollic/truestudio for stm32 9.1.0/armtools/bin/../lib/gcc/arm-atollic-eabi/6.3.1/../../../../arm-atollic-eabi/lib/armv7-m\libc.a(lib_a-init.o)
 .ARM.attributes
                0x00000692       0x2d c:/program files (x86)/atollic/truestudio for stm32 9.1.0/armtools/bin/../lib/gcc/arm-atollic-eabi/6.3.1/../../../../arm-atollic-eabi/lib/armv7-m\libc.a(lib_a-memcpy-stub.o)
 .ARM.attributes
                0x000006bf       0x2d c:/program files (x86)/atollic/truestudio for stm32 9.1.0/armtools/bin/../lib/gcc/arm-atollic-eabi/6.3.1/../../../../arm-atollic-eabi/lib/armv7-m\libc.a(lib_a-memset.o)
 .ARM.attributes
                0x000006ec       0x2d c:/program files (x86)/atollic/truestudio for stm32 9.1.0/armtools/bin/../lib/gcc/arm-atollic-eabi/6.3.1/../../../../arm-atollic-eabi/lib/armv7-m\libc.a(lib_a-sprintf.o)
 .ARM.attributes
                0x00000719       0x2d c:/program files (x86)/atollic/truestudio for stm32 9.1.0/armtools/bin/../lib/gcc/arm-atollic-eabi/6.3.1/../../../../arm-atollic-eabi/lib/armv7-m\libc.a(lib_a-strcpy.o)
 .ARM.attributes
                0x00000746       0x17 c:/program files (x86)/atollic/truestudio for stm32 9.1.0/armtools/bin/../lib/gcc/arm-atollic-eabi/6.3.1/../../../../arm-atollic-eabi/lib/armv7-m\libc.a(lib_a-strlen.o)
 .ARM.attributes
                0x0000075d       0x2d c:/program files (x86)/atollic/truestudio for stm32 9.1.0/armtools/bin/../lib/gcc/arm-atollic-eabi/6.3.1/../../../../arm-atollic-eabi/lib/armv7-m\libc.a(lib_a-svfprintf.o)
 .ARM.attributes
                0x0000078a       0x2d c:/program files (x86)/atollic/truestudio for stm32 9.1.0/armtools/bin/../lib/gcc/arm-atollic-eabi/6.3.1/../../../../arm-atollic-eabi/lib/armv7-m\libc.a(lib_a-vsnprintf.o)
 .ARM.attributes
                0x000007b7       0x2d c:/program files (x86)/atollic/truestudio for stm32 9.1.0/armtools/bin/../lib/gcc/arm-atollic-eabi/6.3.1/../../../../arm-atollic-eabi/lib/armv7-m\libc.a(lib_a-dtoa.o)
 .ARM.attributes
                0x000007e4       0x2d c:/program files (x86)/atollic/truestudio for stm32 9.1.0/armtools/bin/../lib/gcc/arm-atollic-eabi/6.3.1/../../../../arm-atollic-eabi/lib/armv7-m\libc.a(lib_a-findfp.o)
 .ARM.attributes
                0x00000811       0x2d c:/program files (x86)/atollic/truestudio for stm32 9.1.0/armtools/bin/../lib/gcc/arm-atollic-eabi/6.3.1/../../../../arm-atollic-eabi/lib/armv7-m\libc.a(lib_a-impure.o)
 .ARM.attributes
                0x0000083e       0x2d c:/program files (x86)/atollic/truestudio for stm32 9.1.0/armtools/bin/../lib/gcc/arm-atollic-eabi/6.3.1/../../../../arm-atollic-eabi/lib/armv7-m\libc.a(lib_a-locale.o)
 .ARM.attributes
                0x0000086b       0x2d c:/program files (x86)/atollic/truestudio for stm32 9.1.0/armtools/bin/../lib/gcc/arm-atollic-eabi/6.3.1/../../../../arm-atollic-eabi/lib/armv7-m\libc.a(lib_a-localeconv.o)
 .ARM.attributes
                0x00000898       0x2d c:/program files (x86)/atollic/truestudio for stm32 9.1.0/armtools/bin/../lib/gcc/arm-atollic-eabi/6.3.1/../../../../arm-atollic-eabi/lib/armv7-m\libc.a(lib_a-lock.o)
 .ARM.attributes
                0x000008c5       0x2d c:/program files (x86)/atollic/truestudio for stm32 9.1.0/armtools/bin/../lib/gcc/arm-atollic-eabi/6.3.1/../../../../arm-atollic-eabi/lib/armv7-m\libc.a(lib_a-malloc.o)
 .ARM.attributes
                0x000008f2       0x2d c:/program files (x86)/atollic/truestudio for stm32 9.1.0/armtools/bin/../lib/gcc/arm-atollic-eabi/6.3.1/../../../../arm-atollic-eabi/lib/armv7-m\libc.a(lib_a-mallocr.o)
 .ARM.attributes
                0x0000091f       0x2d c:/program files (x86)/atollic/truestudio for stm32 9.1.0/armtools/bin/../lib/gcc/arm-atollic-eabi/6.3.1/../../../../arm-atollic-eabi/lib/armv7-m\libc.a(lib_a-mbtowc_r.o)
 .ARM.attributes
                0x0000094c       0x2d c:/program files (x86)/atollic/truestudio for stm32 9.1.0/armtools/bin/../lib/gcc/arm-atollic-eabi/6.3.1/../../../../arm-atollic-eabi/lib/armv7-m\libc.a(lib_a-memchr-stub.o)
 .ARM.attributes
                0x00000979       0x2d c:/program files (x86)/atollic/truestudio for stm32 9.1.0/armtools/bin/../lib/gcc/arm-atollic-eabi/6.3.1/../../../../arm-atollic-eabi/lib/armv7-m\libc.a(lib_a-memmove.o)
 .ARM.attributes
                0x000009a6       0x2d c:/program files (x86)/atollic/truestudio for stm32 9.1.0/armtools/bin/../lib/gcc/arm-atollic-eabi/6.3.1/../../../../arm-atollic-eabi/lib/armv7-m\libc.a(lib_a-mlock.o)
 .ARM.attributes
                0x000009d3       0x2d c:/program files (x86)/atollic/truestudio for stm32 9.1.0/armtools/bin/../lib/gcc/arm-atollic-eabi/6.3.1/../../../../arm-atollic-eabi/lib/armv7-m\libc.a(lib_a-mprec.o)
 .ARM.attributes
                0x00000a00       0x2d c:/program files (x86)/atollic/truestudio for stm32 9.1.0/armtools/bin/../lib/gcc/arm-atollic-eabi/6.3.1/../../../../arm-atollic-eabi/lib/armv7-m\libc.a(lib_a-reallocr.o)
 .ARM.attributes
                0x00000a2d       0x2d c:/program files (x86)/atollic/truestudio for stm32 9.1.0/armtools/bin/../lib/gcc/arm-atollic-eabi/6.3.1/../../../../arm-atollic-eabi/lib/armv7-m\libc.a(lib_a-sbrkr.o)
 .ARM.attributes
                0x00000a5a       0x2d c:/program files (x86)/atollic/truestudio for stm32 9.1.0/armtools/bin/../lib/gcc/arm-atollic-eabi/6.3.1/../../../../arm-atollic-eabi/lib/armv7-m\libc.a(lib_a-sf_nan.o)
 .ARM.attributes
                0x00000a87       0x2d c:/program files (x86)/atollic/truestudio for stm32 9.1.0/armtools/bin/../lib/gcc/arm-atollic-eabi/6.3.1/../../../../arm-atollic-eabi/lib/armv7-m\libc.a(lib_a-svfiprintf.o)
 .ARM.attributes