stm32f1xx_it.c:93:6:NMI_Handler	0	static
stm32f1xx_it.c:106:6:HardFault_Handler	0	static
stm32f1xx_it.c:121:6:MemManage_Handler	0	static
stm32f1xx_it.c:136:6:BusFault_Handler	0	static
stm32f1xx_it.c:151:6:UsageFault_Handler	0	static
stm32f1xx_it.c:166:6:SVC_Handler	0	static
stm32f1xx_it.c:179:6:DebugMon_Handler	0	static
stm32f1xx_it.c:192:6:PendSV_Handler	0	static
stm32f1xx_it.c:205:6:SysTick_Handler	8	static
stm32f1xx_it.c:227:6:DMA1_Channel4_IRQHandler	0	static
stm32f1xx_it.c:241:6:DMA1_Channel5_IRQHandler	0	static
stm32f1xx_it.c:255:6:DMA1_Channel6_IRQHandler	0	static
stm32f1xx_it.c:269:6:DMA1_Channel7_IRQHandler	0	static
stm32f1xx_it.c:283:6:TIM2_IRQHandler	0	static
stm32f1xx_it.c:297:6:TIM3_IRQHandler	0	static
stm32f1xx_it.c:311:6:TIM4_IRQHandler	0	static
stm32f1xx_it.c:325:6:USART1_IRQHandler	0	static
stm32f1xx_it.c:339:6:USART2_IRQHandler	0	static
