EEPROM.c:135:9:EEPROM_read	32	static
EEPROM.c:143:6:EEPROM_readPage	24	static
EEPROM.c:151:6:write	32	static
EEPROM.c:196:9:read	32	static
EEPROM.c:267:6:write_2	24	static
EEPROM.c:244:6:write_1	24	static
EEPROM.c:161:6:writeInt	16	static
EEPROM.c:168:6:writeLong	16	static
EEPROM.c:175:6:writeFloat	16	static
EEPROM.c:182:6:writeDouble	16	static
EEPROM.c:189:6:writeChars	0	static
EEPROM.c:296:6:read_2	120	static
EEPROM.c:276:6:read_1	24	static
EEPROM.c:205:14:readInt	8	static
EEPROM.c:213:15:readLong	8	static
EEPROM.c:221:7:readFloat	8	static
EEPROM.c:126:6:EEPROM_Init	16	static
EEPROM.c:229:8:readDouble	8	static
EEPROM.c:237:6:readChars	0	static
EEPROM.c:14:6:EEPROM_Test	248	static
