EEPROM.c:152:9:EEPROM_read	32	static
EEPROM.c:160:6:EEPROM_readPage	24	static
EEPROM.c:168:6:write	32	static
EEPROM.c:213:9:read	32	static
EEPROM.c:284:6:write_2	24	static
EEPROM.c:261:6:write_1	24	static
EEPROM.c:178:6:writeInt	16	static
EEPROM.c:185:6:writeLong	16	static
EEPROM.c:192:6:writeFloat	16	static
EEPROM.c:199:6:writeDouble	16	static
EEPROM.c:206:6:writeChars	0	static
EEPROM.c:313:6:read_2	120	static
EEPROM.c:293:6:read_1	24	static
EEPROM.c:222:14:readInt	8	static
EEPROM.c:230:15:readLong	8	static
EEPROM.c:238:7:readFloat	8	static
EEPROM.c:126:6:EEPROM_Init	16	static
EEPROM.c:246:8:readDouble	8	static
EEPROM.c:254:6:readChars	0	static
EEPROM.c:14:6:EEPROM_Test	248	static
