Sensor.c:36:6:getMres	0	static
Sensor.c:51:6:getGres	0	static
Sensor.c:74:6:getAres	0	static
Sensor.c:292:6:calibrate_compass	0	static
Sensor.c:313:6:GYRO_Common	48	static
Sensor.c:297:6:Gyro_getADC	24	static
Sensor.c:343:6:ACC_Common	32	static
Sensor.c:327:6:ACC_getADC	24	static
Sensor.c:397:6:MAG_Common	32	static
Sensor.c:376:6:Mag_getADC	24	static
Sensor.c:264:6:Calibrate_gyro	32	static
Sensor.c:406:6:Temp_getADC	16	static
Sensor.c:416:6:calibrateMPU9250	64	static
Sensor.c:563:6:initAK8963	24	static
Sensor.c:584:6:MPU9250SelfTest	128	static
Sensor.c:97:6:MPU9250_Init	48	static
Sensor.c:670:6:magcalMPU9250	80	static
Sensor.c:905:6:Baro_Common	12	static
Sensor.c:965:5:getEstimatedAltitude	24	static
Sensor.c:1005:9:readPressure	32	static
Sensor.c:1066:8:getAltitude	8	static
Sensor.c:1072:8:getSeaLevel	16	static
Sensor.c:1078:10:readRegister16	8	static
Sensor.c:1094:10:readRegister24	8	static
Sensor.c:805:6:read_barometer	48	static
Sensor.c:757:6:MS5611_Init	16	static
Sensor.c:919:5:Baro_update	24	static
Sensor.c:987:10:readRawTemperature	8	static
Sensor.c:1043:8:readTemperature	16	static
Sensor.c:996:10:readRawPressure	8	static
