Sensor.c:36:6:getMres	0	static
Sensor.c:51:6:getGres	0	static
Sensor.c:74:6:getAres	0	static
Sensor.c:292:6:calibrate_compass	0	static
Sensor.c:313:6:GYRO_Common	48	static
Sensor.c:297:6:Gyro_getADC	24	static
Sensor.c:343:6:ACC_Common	32	static
Sensor.c:327:6:ACC_getADC	24	static
Sensor.c:397:6:MAG_Common	32	static
Sensor.c:376:6:Mag_getADC	24	static
Sensor.c:264:6:Calibrate_gyro	32	static
Sensor.c:406:6:Temp_getADC	16	static
Sensor.c:416:6:calibrateMPU9250	64	static
Sensor.c:563:6:initAK8963	24	static
Sensor.c:584:6:MPU9250SelfTest	128	static
Sensor.c:97:6:MPU9250_Init	48	static
Sensor.c:670:6:magcalMPU9250	80	static
Sensor.c:795:6:Baro_Common	12	static
Sensor.c:851:5:getEstimatedAltitude	32	static
Sensor.c:906:6:MS561101BA_Calculate	32	static
Sensor.c:940:10:readRegister16	8	static
Sensor.c:757:6:MS5611_Init	16	static
Sensor.c:956:10:readRegister24	8	static
Sensor.c:808:9:Baro_update	32	static
Sensor.c:888:10:readRawTemperature	8	static
Sensor.c:897:10:readRawPressure	8	static
