Sensor.c:44:6:getMres	0	static
Sensor.c:59:6:getGres	0	static
Sensor.c:82:6:getAres	0	static
Sensor.c:300:6:calibrate_compass	0	static
Sensor.c:318:6:GYRO_Common	48	static
Sensor.c:305:6:Gyro_getADC	24	static
Sensor.c:342:6:ACC_Common	32	static
Sensor.c:329:6:ACC_getADC	24	static
Sensor.c:392:6:MAG_Common	32	static
Sensor.c:373:6:Mag_getADC	24	static
Sensor.c:272:6:Calibrate_gyro	32	static
Sensor.c:400:6:CAL_Heading	56	static
Sensor.c:421:6:Temp_getADC	16	static
Sensor.c:430:6:calibrateMPU9250	64	static
Sensor.c:576:6:initAK8963	24	static
Sensor.c:596:6:MPU9250SelfTest	120	static
Sensor.c:105:6:MPU9250_Init	48	static
Sensor.c:682:6:magcalMPU9250	80	static
Sensor.c:816:6:Baro_Common	16	static
Sensor.c:856:9:getEstimatedAltitude	32	static
Sensor.c:899:6:MS561101BA_Calculate	32	static
Sensor.c:933:10:readRegister16	8	static
Sensor.c:778:6:MS5611_Init	16	static
Sensor.c:949:10:readRegister24	8	static
Sensor.c:829:9:Baro_update	24	static
Sensor.c:881:10:readRawTemperature	8	static
Sensor.c:890:10:readRawPressure	8	static
