Sensor.c:47:6:getMres	0	static
Sensor.c:62:6:getGres	0	static
Sensor.c:85:6:getAres	0	static
Sensor.c:316:6:GYRO_Common	48	static
Sensor.c:303:6:Gyro_getADC	24	static
Sensor.c:340:6:ACC_Common	40	static
Sensor.c:327:6:ACC_getADC	24	static
Sensor.c:393:6:MAG_Common	56	static
Sensor.c:374:6:Mag_getADC	24	static
Sensor.c:275:6:Calibrate_gyro	32	static
Sensor.c:442:6:CAL_Heading	32	static
Sensor.c:467:6:Temp_getADC	16	static
Sensor.c:476:6:calibrateMPU9250	64	static
Sensor.c:622:6:initAK8963	24	static
Sensor.c:642:6:MPU9250SelfTest	120	static
Sensor.c:108:6:MPU9250_Init	48	static
Sensor.c:728:6:magcalMPU9250	80	static
Sensor.c:862:6:Baro_Common	12	static
Sensor.c:901:9:getEstimatedAltitude	16	static
Sensor.c:954:6:isBaroCalibrationComplete	0	static
Sensor.c:977:6:MS561101BA_Calculate	32	static
Sensor.c:1011:10:readRegister16	8	static
Sensor.c:824:6:MS5611_Init	16	static
Sensor.c:1027:10:readRegister24	8	static
Sensor.c:874:9:Baro_update	24	static
Sensor.c:959:10:readRawTemperature	8	static
Sensor.c:968:10:readRawPressure	8	static
