Sensor.c:44:6:getMres	0	static
Sensor.c:59:6:getGres	0	static
Sensor.c:82:6:getAres	0	static
Sensor.c:313:6:GYRO_Common	48	static
Sensor.c:300:6:Gyro_getADC	24	static
Sensor.c:337:6:ACC_Common	24	static
Sensor.c:324:6:ACC_getADC	24	static
Sensor.c:385:6:MAG_Common	56	static
Sensor.c:366:6:Mag_getADC	24	static
Sensor.c:272:6:Calibrate_gyro	32	static
Sensor.c:429:6:CAL_Heading	56	static
Sensor.c:450:6:Temp_getADC	16	static
Sensor.c:459:6:calibrateMPU9250	64	static
Sensor.c:605:6:initAK8963	24	static
Sensor.c:625:6:MPU9250SelfTest	120	static
Sensor.c:105:6:MPU9250_Init	48	static
Sensor.c:711:6:magcalMPU9250	80	static
Sensor.c:845:6:Baro_Common	16	static
Sensor.c:885:9:getEstimatedAltitude	32	static
Sensor.c:928:6:MS561101BA_Calculate	32	static
Sensor.c:962:10:readRegister16	8	static
Sensor.c:807:6:MS5611_Init	16	static
Sensor.c:978:10:readRegister24	8	static
Sensor.c:858:9:Baro_update	24	static
Sensor.c:910:10:readRawTemperature	8	static
Sensor.c:919:10:readRawPressure	8	static
