Sensor.c:44:6:getMres	0	static
Sensor.c:59:6:getGres	0	static
Sensor.c:82:6:getAres	0	static
Sensor.c:300:6:calibrate_compass	0	static
Sensor.c:321:6:GYRO_Common	48	static
Sensor.c:305:6:Gyro_getADC	24	static
Sensor.c:351:6:ACC_Common	32	static
Sensor.c:335:6:ACC_getADC	24	static
Sensor.c:405:6:MAG_Common	32	static
Sensor.c:384:6:Mag_getADC	24	static
Sensor.c:272:6:Calibrate_gyro	32	static
Sensor.c:414:6:CAL_Heading	56	static
Sensor.c:440:6:Temp_getADC	16	static
Sensor.c:450:6:calibrateMPU9250	64	static
Sensor.c:597:6:initAK8963	24	static
Sensor.c:618:6:MPU9250SelfTest	120	static
Sensor.c:105:6:MPU9250_Init	48	static
Sensor.c:704:6:magcalMPU9250	80	static
Sensor.c:839:6:Baro_Common	16	static
Sensor.c:881:9:getEstimatedAltitude	32	static
Sensor.c:926:6:MS561101BA_Calculate	32	static
Sensor.c:960:10:readRegister16	8	static
Sensor.c:801:6:MS5611_Init	16	static
Sensor.c:976:10:readRegister24	8	static
Sensor.c:853:9:Baro_update	24	static
Sensor.c:908:10:readRawTemperature	8	static
Sensor.c:917:10:readRawPressure	8	static
