stdio.h:214:5:fputc	16	static
Serial.c:45:6:HAL_UART_RxCpltCallback	8	static
Serial.c:59:6:TX_CHR	0	static
Serial.c:64:6:TX2_CHR	0	static
Serial.c:70:6:serialize8	8	static
Serial.c:76:6:serialize16	8	static
Serial.c:82:6:serialize32	8	static
Serial.c:90:9:read8	0	static
Serial.c:95:10:read16	8	static
Serial.c:102:10:read32	8	static
Serial.c:109:6:headSerial	16	static
Serial.c:119:6:headSerialSend	0	static
Serial.c:124:6:headSerialResponse	16	static
Serial.c:134:6:headSerialReply	0	static
Serial.c:139:6:headSerialError	0	static
Serial.c:144:6:tailSerialReply	0	static
Serial.c:149:6:s_struct_partial	16	static
Serial.c:153:6:s_struct	16	static
Serial.c:160:6:PrintData	96	static
Serial.c:337:7:evaluateCommand	48	static
Serial.c:284:6:SerialCom	48	static
Serial.c:480:6:SendTelemetry	8	static
