stdio.h:214:5:fputc	16	static
Serial.c:52:6:HAL_UART_RxCpltCallback	8	static
Serial.c:69:6:TX_CHR	0	static
Serial.c:74:6:TX2_CHR	0	static
Serial.c:101:9:read8	0	static
Serial.c:106:10:read16	8	static
Serial.c:113:10:read32	8	static
Serial.c:173:6:PrintData	120	static
Serial.c:1128:6:SerialSerialize	0	static
Serial.c:80:6:serialize8	8	static
Serial.c:87:6:serialize16	8	static
Serial.c:93:6:serialize32	8	static
Serial.c:120:6:headSerial	16	static
Serial.c:130:6:headSerialSend	0	static
Serial.c:135:6:headSerialResponse	16	static
Serial.c:145:6:headSerialReply	0	static
Serial.c:150:6:headSerialError	0	static
Serial.c:162:6:s_struct_partial	16	static
Serial.c:1141:6:UartSendData	8	static
Serial.c:155:6:tailSerialReply	8	static
Serial.c:166:6:s_struct	16	static
Serial.c:373:7:evaluateCommand	112	static
Serial.c:299:6:SerialCom	40	static
Serial.c:914:6:SendTelemetry	8	static
